Archive member included because of file (symbol)

c:/microsemi/softconsole_v4.0/arm-none-eabi-gcc/bin/../lib/gcc/arm-none-eabi/4.9.3/../../../../arm-none-eabi/lib/armv7-m\libg.a(lib_a-errno.o)
                              ./CMSIS/startup_gcc/newlib_stubs.o (__errno)
c:/microsemi/softconsole_v4.0/arm-none-eabi-gcc/bin/../lib/gcc/arm-none-eabi/4.9.3/../../../../arm-none-eabi/lib/armv7-m\libg.a(lib_a-exit.o)
                              c:/microsemi/softconsole_v4.0/arm-none-eabi-gcc/bin/../lib/gcc/arm-none-eabi/4.9.3/../../../../arm-none-eabi/lib/armv7-m/crt0.o (exit)
c:/microsemi/softconsole_v4.0/arm-none-eabi-gcc/bin/../lib/gcc/arm-none-eabi/4.9.3/../../../../arm-none-eabi/lib/armv7-m\libg.a(lib_a-impure.o)
                              c:/microsemi/softconsole_v4.0/arm-none-eabi-gcc/bin/../lib/gcc/arm-none-eabi/4.9.3/../../../../arm-none-eabi/lib/armv7-m\libg.a(lib_a-exit.o) (_global_impure_ptr)
c:/microsemi/softconsole_v4.0/arm-none-eabi-gcc/bin/../lib/gcc/arm-none-eabi/4.9.3/../../../../arm-none-eabi/lib/armv7-m\libg.a(lib_a-init.o)
                              c:/microsemi/softconsole_v4.0/arm-none-eabi-gcc/bin/../lib/gcc/arm-none-eabi/4.9.3/../../../../arm-none-eabi/lib/armv7-m/crt0.o (__libc_init_array)
c:/microsemi/softconsole_v4.0/arm-none-eabi-gcc/bin/../lib/gcc/arm-none-eabi/4.9.3/../../../../arm-none-eabi/lib/armv7-m\libg.a(lib_a-memcmp.o)
                              ./FreeRTOS-Source/tasks.o (memcmp)
c:/microsemi/softconsole_v4.0/arm-none-eabi-gcc/bin/../lib/gcc/arm-none-eabi/4.9.3/../../../../arm-none-eabi/lib/armv7-m\libg.a(lib_a-memcpy.o)
                              ./drivers/mss_ethernet_mac/mss_ethernet_mac.o (memcpy)
c:/microsemi/softconsole_v4.0/arm-none-eabi-gcc/bin/../lib/gcc/arm-none-eabi/4.9.3/../../../../arm-none-eabi/lib/armv7-m\libg.a(lib_a-memset.o)
                              c:/microsemi/softconsole_v4.0/arm-none-eabi-gcc/bin/../lib/gcc/arm-none-eabi/4.9.3/../../../../arm-none-eabi/lib/armv7-m/crt0.o (memset)
c:/microsemi/softconsole_v4.0/arm-none-eabi-gcc/bin/../lib/gcc/arm-none-eabi/4.9.3/../../../../arm-none-eabi/lib/armv7-m\libg.a(lib_a-stpcpy.o)
                              ./FreeRTOS-Source/tasks.o (stpcpy)
c:/microsemi/softconsole_v4.0/arm-none-eabi-gcc/bin/../lib/gcc/arm-none-eabi/4.9.3/../../../../arm-none-eabi/lib/armv7-m\libg.a(lib_a-strcmp.o)
                              ./Full-Demo/FreeRTOS-Plus-FAT-SL-Source/fat_sl/test/test.o (strcmp)
c:/microsemi/softconsole_v4.0/arm-none-eabi-gcc/bin/../lib/gcc/arm-none-eabi/4.9.3/../../../../arm-none-eabi/lib/armv7-m\libg.a(lib_a-strcpy.o)
                              ./Full-Demo/UARTCommandConsole.o (strcpy)
c:/microsemi/softconsole_v4.0/arm-none-eabi-gcc/bin/../lib/gcc/arm-none-eabi/4.9.3/../../../../arm-none-eabi/lib/armv7-m\libg.a(lib_a-strlen.o)
                              ./Full-Demo/FreeRTOS-Plus-CLI-Source/FreeRTOS_CLI.o (strlen)
c:/microsemi/softconsole_v4.0/arm-none-eabi-gcc/bin/../lib/gcc/arm-none-eabi/4.9.3/../../../../arm-none-eabi/lib/armv7-m\libg.a(lib_a-strncat.o)
                              ./Full-Demo/Sample-CLI-commands.o (strncat)
c:/microsemi/softconsole_v4.0/arm-none-eabi-gcc/bin/../lib/gcc/arm-none-eabi/4.9.3/../../../../arm-none-eabi/lib/armv7-m\libg.a(lib_a-strncmp.o)
                              ./Full-Demo/FreeRTOS-Plus-CLI-Source/FreeRTOS_CLI.o (strncmp)
c:/microsemi/softconsole_v4.0/arm-none-eabi-gcc/bin/../lib/gcc/arm-none-eabi/4.9.3/../../../../arm-none-eabi/lib/armv7-m\libg.a(lib_a-strncpy.o)
                              ./Full-Demo/FreeRTOS-Plus-CLI-Source/FreeRTOS_CLI.o (strncpy)
c:/microsemi/softconsole_v4.0/arm-none-eabi-gcc/bin/../lib/gcc/arm-none-eabi/4.9.3/../../../../arm-none-eabi/lib/armv7-m\libg.a(lib_a-__call_atexit.o)
                              c:/microsemi/softconsole_v4.0/arm-none-eabi-gcc/bin/../lib/gcc/arm-none-eabi/4.9.3/../../../../arm-none-eabi/lib/armv7-m\libg.a(lib_a-exit.o) (__call_exitprocs)
c:/microsemi/softconsole_v4.0/arm-none-eabi-gcc/bin/../lib/gcc/arm-none-eabi/4.9.3/../../../../arm-none-eabi/lib/armv7-m\libg.a(lib_a-atexit.o)
                              c:/microsemi/softconsole_v4.0/arm-none-eabi-gcc/bin/../lib/gcc/arm-none-eabi/4.9.3/../../../../arm-none-eabi/lib/armv7-m\libg.a(lib_a-__call_atexit.o) (atexit)
c:/microsemi/softconsole_v4.0/arm-none-eabi-gcc/bin/../lib/gcc/arm-none-eabi/4.9.3/../../../../arm-none-eabi/lib/armv7-m\libg.a(lib_a-fini.o)
                              c:/microsemi/softconsole_v4.0/arm-none-eabi-gcc/bin/../lib/gcc/arm-none-eabi/4.9.3/../../../../arm-none-eabi/lib/armv7-m\libg.a(lib_a-__call_atexit.o) (__libc_fini_array)
c:/microsemi/softconsole_v4.0/arm-none-eabi-gcc/bin/../lib/gcc/arm-none-eabi/4.9.3/../../../../arm-none-eabi/lib/armv7-m\libg.a(lib_a-__atexit.o)
                              c:/microsemi/softconsole_v4.0/arm-none-eabi-gcc/bin/../lib/gcc/arm-none-eabi/4.9.3/../../../../arm-none-eabi/lib/armv7-m\libg.a(lib_a-atexit.o) (__register_exitproc)

[...]
Memory Configuration

Name             Origin             Length             Attributes
rom              0x60000000         0x00040000         xr
romMirror        0x00000000         0x00040000         xr
ram              0x20000000         0x00010000         xrw
*default*        0x00000000         0xffffffff

Linker script and memory map

LOAD c:/microsemi/softconsole_v4.0/arm-none-eabi-gcc/bin/../lib/gcc/arm-none-eabi/4.9.3/armv7-m/crti.o
LOAD c:/microsemi/softconsole_v4.0/arm-none-eabi-gcc/bin/../lib/gcc/arm-none-eabi/4.9.3/armv7-m/crtbegin.o
LOAD c:/microsemi/softconsole_v4.0/arm-none-eabi-gcc/bin/../lib/gcc/arm-none-eabi/4.9.3/../../../../arm-none-eabi/lib/armv7-m/crt0.o
LOAD ./hal/CortexM3/GNU/hal.o
LOAD ./hal/CortexM3/GNU/hw_reg_access.o
LOAD ./hal/CortexM3/cortex_nvic.o
LOAD ./drivers_config/sys_config/sys_config.o
LOAD ./drivers_config/sys_config/sys_config_SERDESIF_0.o
LOAD ./drivers/mss_uart/mss_uart.o
LOAD ./drivers/mss_spi/mss_spi.o
LOAD ./drivers/mss_rtc/mss_rtc.o
LOAD ./drivers/mss_gpio/mss_gpio.o
LOAD ./drivers/mss_ethernet_mac/m88e1340_phy.o
LOAD ./drivers/mss_ethernet_mac/mss_ethernet_mac.o
LOAD ./Full-Demo/FreeRTOS-Plus-FAT-SL-Source/psp/target/rtc/psp_rtc.o
LOAD ./Full-Demo/FreeRTOS-Plus-FAT-SL-Source/psp/target/fat_sl/psp_test.o
LOAD ./Full-Demo/FreeRTOS-Plus-FAT-SL-Source/media-drv/ram/ramdrv_f.o
LOAD ./Full-Demo/FreeRTOS-Plus-FAT-SL-Source/fat_sl/test/test.o
LOAD ./Full-Demo/FreeRTOS-Plus-FAT-SL-Source/fat_sl/common/dir.o
LOAD ./Full-Demo/FreeRTOS-Plus-FAT-SL-Source/fat_sl/common/drv.o
LOAD ./Full-Demo/FreeRTOS-Plus-FAT-SL-Source/fat_sl/common/f_lock.o
LOAD ./Full-Demo/FreeRTOS-Plus-FAT-SL-Source/fat_sl/common/fat.o
LOAD ./Full-Demo/FreeRTOS-Plus-FAT-SL-Source/fat_sl/common/file.o
LOAD ./Full-Demo/FreeRTOS-Plus-FAT-SL-Source/fat_sl/common/util.o
LOAD ./Full-Demo/FreeRTOS-Plus-FAT-SL-Source/fat_sl/common/util_sfn.o
LOAD ./Full-Demo/FreeRTOS-Plus-FAT-SL-Source/fat_sl/common/volume.o
LOAD ./Full-Demo/FreeRTOS-Plus-CLI-Source/FreeRTOS_CLI.o
LOAD ./Full-Demo/Common-Demo-Source/BlockQ.o
LOAD ./Full-Demo/Common-Demo-Source/GenQTest.o
LOAD ./Full-Demo/Common-Demo-Source/PollQ.o
LOAD ./Full-Demo/Common-Demo-Source/blocktim.o
LOAD ./Full-Demo/Common-Demo-Source/countsem.o
LOAD ./Full-Demo/Common-Demo-Source/death.o
LOAD ./Full-Demo/Common-Demo-Source/dynamic.o
LOAD ./Full-Demo/Common-Demo-Source/flash_timer.o
LOAD ./Full-Demo/Common-Demo-Source/integer.o
LOAD ./Full-Demo/Common-Demo-Source/recmutex.o
LOAD ./Full-Demo/Common-Demo-Source/semtest.o
LOAD ./Full-Demo/File-releated-CLI-commands.o
LOAD ./Full-Demo/File-system-demo.o
LOAD ./Full-Demo/Sample-CLI-commands.o
LOAD ./Full-Demo/UARTCommandConsole.o
LOAD ./Full-Demo/main_full.o
LOAD ./FreeRTOS-Source/portable/MemMang/heap_4.o
LOAD ./FreeRTOS-Source/portable/GCC/ARM_CM3/port.o
LOAD ./FreeRTOS-Source/list.o
LOAD ./FreeRTOS-Source/queue.o
LOAD ./FreeRTOS-Source/tasks.o
LOAD ./FreeRTOS-Source/timers.o
LOAD ./CMSIS/startup_gcc/newlib_stubs.o
LOAD ./CMSIS/startup_gcc/startup_m2sxxx.o
LOAD ./CMSIS/system_m2sxxx.o
LOAD ./Blinky-Demo/main_blinky.o
LOAD ./ParTest.o
LOAD ./RunTimeStatsTimer.o
LOAD ./main.o
LOAD ./printf-stdarg.o
START GROUP
LOAD c:/microsemi/softconsole_v4.0/arm-none-eabi-gcc/bin/../lib/gcc/arm-none-eabi/4.9.3/armv7-m\libgcc.a
LOAD c:/microsemi/softconsole_v4.0/arm-none-eabi-gcc/bin/../lib/gcc/arm-none-eabi/4.9.3/../../../../arm-none-eabi/lib/armv7-m\libg.a
LOAD c:/microsemi/softconsole_v4.0/arm-none-eabi-gcc/bin/../lib/gcc/arm-none-eabi/4.9.3/../../../../arm-none-eabi/lib/armv7-m\libc.a
END GROUP
LOAD c:/microsemi/softconsole_v4.0/arm-none-eabi-gcc/bin/../lib/gcc/arm-none-eabi/4.9.3/armv7-m/crtend.o
LOAD c:/microsemi/softconsole_v4.0/arm-none-eabi-gcc/bin/../lib/gcc/arm-none-eabi/4.9.3/armv7-m/crtn.o
START GROUP
LOAD c:/microsemi/softconsole_v4.0/arm-none-eabi-gcc/bin/../lib/gcc/arm-none-eabi/4.9.3/../../../../arm-none-eabi/lib/armv7-m\libc.a
LOAD c:/microsemi/softconsole_v4.0/arm-none-eabi-gcc/bin/../lib/gcc/arm-none-eabi/4.9.3/armv7-m\libgcc.a
LOAD c:/microsemi/softconsole_v4.0/arm-none-eabi-gcc/bin/../lib/gcc/arm-none-eabi/4.9.3/../../../../arm-none-eabi/lib/armv7-m\libm.a
END GROUP
                0x00000000                __DYNAMIC = 0x0
                0x20000000                RAM_START_ADDRESS = 0x20000000
                0x00010000                RAM_SIZE = 0x10000
                0x00000c00                MAIN_STACK_SIZE = 0xc00
                0x00000400                MIN_SIZE_HEAP = 0x400
                0x20010000                PROVIDE (__main_stack_start, (RAM_START_ADDRESS + RAM_SIZE))
                0x20010000                PROVIDE (_estack, __main_stack_start)
                0x00000001                PROVIDE (__mirrored_nvm, 0x1)
                0x00000000                PROVIDE (__smartfusion2_memory_remap, 0x0)

.vector_table   0x00000000      0x190 load address 0x60000000
                0x60000000                __vector_table_load = LOADADDR (.vector_table)
                0x00000000                __vector_table_start = .
                0x00000000                __vector_table_vma_base_address = .
 *(.isr_vector)
 .isr_vector    0x00000000      0x190 ./CMSIS/startup_gcc/startup_m2sxxx.o
                0x00000000                g_pfnVectors
                0x00000190                . = ALIGN (0x10)
                0x00000190                _evector_table = .

.boot_code      0x00000190      0x690 load address 0x60000190
 *(.boot_code)
 .boot_code     0x00000190      0x324 ./CMSIS/startup_gcc/startup_m2sxxx.o
                0x00000190                Reset_Handler
                0x0000037e                NMI_Handler
                0x00000380                HardFault_Handler
                0x00000382                MemManage_Handler
                0x00000384                BusFault_Handler
                0x00000386                UsageFault_Handler
                0x0000038a                DebugMon_Handler
                0x00000390                WdogWakeup_IRQHandler
                0x00000392                RTC_Wakeup_IRQHandler
                0x00000398                I2C0_IRQHandler
                0x0000039a                I2C0_SMBAlert_IRQHandler
                0x0000039c                I2C0_SMBus_IRQHandler
                0x0000039e                I2C1_IRQHandler
                0x000003a0                I2C1_SMBAlert_IRQHandler
                0x000003a2                I2C1_SMBus_IRQHandler
                0x000003aa                DMA_IRQHandler
                0x000003ac                Timer1_IRQHandler
                0x000003ae                Timer2_IRQHandler
                0x000003b0                CAN_IRQHandler
                0x000003b2                ENVM0_IRQHandler
                0x000003b4                ENVM1_IRQHandler
                0x000003b6                ComBlk_IRQHandler
                0x000003b8                USB_IRQHandler
                0x000003ba                USB_DMA_IRQHandler
                0x000003bc                PLL_Lock_IRQHandler
                0x000003be                PLL_LockLost_IRQHandler
                0x000003c0                CommSwitchError_IRQHandler
                0x000003c2                CacheError_IRQHandler
                0x000003c4                DDR_IRQHandler
                0x000003c6                HPDMA_Complete_IRQHandler
                0x000003c8                HPDMA_Error_IRQHandler
                0x000003ca                ECC_Error_IRQHandler
                0x000003cc                MDDR_IOCalib_IRQHandler
                0x000003ce                FAB_PLL_Lock_IRQHandler
                0x000003d0                FAB_PLL_LockLost_IRQHandler
                0x000003d2                FIC64_IRQHandler
                0x000003d4                FabricIrq0_IRQHandler
                0x000003d6                FabricIrq1_IRQHandler
                0x000003d8                FabricIrq2_IRQHandler
                0x000003da                FabricIrq3_IRQHandler
                0x000003dc                FabricIrq4_IRQHandler
                0x000003de                FabricIrq5_IRQHandler
                0x000003e0                FabricIrq6_IRQHandler
                0x000003e2                FabricIrq7_IRQHandler
                0x000003e4                FabricIrq8_IRQHandler
                0x000003e6                FabricIrq9_IRQHandler
                0x000003e8                FabricIrq10_IRQHandler
                0x000003ea                FabricIrq11_IRQHandler
                0x000003ec                FabricIrq12_IRQHandler
                0x000003ee                FabricIrq13_IRQHandler
                0x000003f0                FabricIrq14_IRQHandler
                0x000003f2                FabricIrq15_IRQHandler
                0x000003f4                GPIO0_IRQHandler
                0x000003f6                GPIO1_IRQHandler
                0x000003f8                GPIO2_IRQHandler
                0x000003fa                GPIO3_IRQHandler
                0x000003fc                GPIO4_IRQHandler
                0x000003fe                GPIO5_IRQHandler
                0x00000400                GPIO6_IRQHandler
                0x00000402                GPIO7_IRQHandler
                0x00000404                GPIO8_IRQHandler
                0x00000406                GPIO9_IRQHandler
                0x00000408                GPIO10_IRQHandler
                0x0000040a                GPIO11_IRQHandler
                0x0000040c                GPIO12_IRQHandler
                0x0000040e                GPIO13_IRQHandler
                0x00000410                GPIO14_IRQHandler
                0x00000412                GPIO15_IRQHandler
                0x00000414                GPIO16_IRQHandler
                0x00000416                GPIO17_IRQHandler
                0x00000418                GPIO18_IRQHandler
                0x0000041a                GPIO19_IRQHandler
                0x0000041c                GPIO20_IRQHandler
                0x0000041e                GPIO21_IRQHandler
                0x00000420                GPIO22_IRQHandler
                0x00000422                GPIO23_IRQHandler
                0x00000424                GPIO24_IRQHandler
                0x00000426                GPIO25_IRQHandler
                0x00000428                GPIO26_IRQHandler
                0x0000042a                GPIO27_IRQHandler
                0x0000042c                GPIO28_IRQHandler
                0x0000042e                GPIO29_IRQHandler
                0x00000430                GPIO30_IRQHandler
                0x00000432                GPIO31_IRQHandler
                0x00000434                mscc_post_hw_cfg_init
 *system_m2sxxx.o(.text*)
 .text.SystemInit
                0x000004b4      0x15c ./CMSIS/system_m2sxxx.o
                0x000004b4                SystemInit
 .text.SystemCoreClockUpdate
                0x00000610       0xf8 ./CMSIS/system_m2sxxx.o
                0x00000610                SystemCoreClockUpdate
 *sys_config.o(.rodata*)
 .rodata.g_m2s_mddr_subsys_config
                0x00000708      0x10a ./drivers_config/sys_config/sys_config.o
                0x00000708                g_m2s_mddr_subsys_config
 *fill*         0x00000812        0x2 
 .rodata.g_m2s_mddr_addr
                0x00000814        0x4 ./drivers_config/sys_config/sys_config.o
                0x00000814                g_m2s_mddr_addr
                0x00000820                . = ALIGN (0x10)
 *fill*         0x00000818        0x8 

.text           0x00000820     0x90e0 load address 0x60000820
 CREATE_OBJECT_SYMBOLS
                0x60000820                __text_load = LOADADDR (.text)
                0x00000820                __text_start = .
 *(.text .text.* .gnu.linkonce.t.*)
 .text          0x00000820       0x5c c:/microsemi/softconsole_v4.0/arm-none-eabi-gcc/bin/../lib/gcc/arm-none-eabi/4.9.3/armv7-m/crtbegin.o
 .text.default_tx_handler
                0x0000087c       0x9c ./drivers/mss_uart/mss_uart.o
 .text.global_init
                0x00000918      0x270 ./drivers/mss_uart/mss_uart.o
 .text.MSS_UART_isr.part.0
                0x00000b88      0x110 ./drivers/mss_uart/mss_uart.o
 .text.MSS_UART_init
                0x00000c98       0x74 ./drivers/mss_uart/mss_uart.o
                0x00000c98                MSS_UART_init
 .text.MSS_UART_irq_tx
                0x00000d0c       0x84 ./drivers/mss_uart/mss_uart.o
                0x00000d0c                MSS_UART_irq_tx
 .text.MSS_UART_tx_complete
                0x00000d90       0x34 ./drivers/mss_uart/mss_uart.o
                0x00000d90                MSS_UART_tx_complete
 .text.MSS_UART_get_rx
                0x00000dc4       0x70 ./drivers/mss_uart/mss_uart.o
                0x00000dc4                MSS_UART_get_rx
 .text.MSS_UART_set_rx_handler
                0x00000e34       0x8c ./drivers/mss_uart/mss_uart.o
                0x00000e34                MSS_UART_set_rx_handler
 .text.UART0_IRQHandler
                0x00000ec0       0x1c ./drivers/mss_uart/mss_uart.o
                0x00000ec0                UART0_IRQHandler
 .text.UART1_IRQHandler
                0x00000edc       0x1c ./drivers/mss_uart/mss_uart.o
                0x00000edc                UART1_IRQHandler
 .text.recover_from_rx_overflow
                0x00000ef8       0xc8 ./drivers/mss_spi/mss_spi.o
 .text.fill_slave_tx_fifo
                0x00000fc0       0x94 ./drivers/mss_spi/mss_spi.o
 .text.read_slave_rx_fifo
                0x00001054       0x70 ./drivers/mss_spi/mss_spi.o
 .text.mss_spi_isr
                0x000010c4      0x194 ./drivers/mss_spi/mss_spi.o
 .text.SPI0_IRQHandler
                0x00001258       0x1c ./drivers/mss_spi/mss_spi.o
                0x00001258                SPI0_IRQHandler
 .text.SPI1_IRQHandler
                0x00001274       0x1c ./drivers/mss_spi/mss_spi.o
                0x00001274                SPI1_IRQHandler
 .text.MSS_GPIO_init
                0x00001290       0x68 ./drivers/mss_gpio/mss_gpio.o
                0x00001290                MSS_GPIO_init
 .text.MSS_GPIO_config
                0x000012f8       0x18 ./drivers/mss_gpio/mss_gpio.o
                0x000012f8                MSS_GPIO_config
 .text.MSS_GPIO_set_output
                0x00001310       0x2c ./drivers/mss_gpio/mss_gpio.o
                0x00001310                MSS_GPIO_set_output
 .text.EthernetMAC_IRQHandler
                0x0000133c      0x118 ./drivers/mss_ethernet_mac/mss_ethernet_mac.o
                0x0000133c                EthernetMAC_IRQHandler
 .text.psp_getcurrenttimedate
                0x00001454       0x20 ./Full-Demo/FreeRTOS-Plus-FAT-SL-Source/psp/target/rtc/psp_rtc.o
                0x00001454                psp_getcurrenttimedate
 .text.ram_getphy
                0x00001474       0x10 ./Full-Demo/FreeRTOS-Plus-FAT-SL-Source/media-drv/ram/ramdrv_f.o
 .text.ram_release
                0x00001484        0xc ./Full-Demo/FreeRTOS-Plus-FAT-SL-Source/media-drv/ram/ramdrv_f.o
 .text.ram_readsector
                0x00001490       0x50 ./Full-Demo/FreeRTOS-Plus-FAT-SL-Source/media-drv/ram/ramdrv_f.o
 .text.ram_writesector
                0x000014e0       0x50 ./Full-Demo/FreeRTOS-Plus-FAT-SL-Source/media-drv/ram/ramdrv_f.o
 .text.ram_initfunc
                0x00001530       0x48 ./Full-Demo/FreeRTOS-Plus-FAT-SL-Source/media-drv/ram/ramdrv_f.o
                0x00001530                ram_initfunc
 .text._f_getfilename
                0x00001578       0x88 ./Full-Demo/FreeRTOS-Plus-FAT-SL-Source/fat_sl/common/dir.o
 .text._f_initentry
                0x00001600       0x48 ./Full-Demo/FreeRTOS-Plus-FAT-SL-Source/fat_sl/common/dir.o
 .text._f_addentry.part.2
                0x00001648      0x1cc ./Full-Demo/FreeRTOS-Plus-FAT-SL-Source/fat_sl/common/dir.o
 .text._f_findfilewc
                0x00001814      0x178 ./Full-Demo/FreeRTOS-Plus-FAT-SL-Source/fat_sl/common/dir.o
                0x00001814                _f_findfilewc
 .text._f_getdecluster
                0x0000198c       0x30 ./Full-Demo/FreeRTOS-Plus-FAT-SL-Source/fat_sl/common/dir.o
                0x0000198c                _f_getdecluster
 .text._f_setdecluster
                0x000019bc       0x34 ./Full-Demo/FreeRTOS-Plus-FAT-SL-Source/fat_sl/common/dir.o
                0x000019bc                _f_setdecluster
 .text._f_findpath
                0x000019f0      0x14c ./Full-Demo/FreeRTOS-Plus-FAT-SL-Source/fat_sl/common/dir.o
                0x000019f0                _f_findpath
 .text.fn_getcwd
                0x00001b3c       0x58 ./Full-Demo/FreeRTOS-Plus-FAT-SL-Source/fat_sl/common/dir.o
                0x00001b3c                fn_getcwd
 .text.fn_findnext
                0x00001b94       0xa8 ./Full-Demo/FreeRTOS-Plus-FAT-SL-Source/fat_sl/common/dir.o
                0x00001b94                fn_findnext
 .text.fn_findfirst
                0x00001c3c       0x48 ./Full-Demo/FreeRTOS-Plus-FAT-SL-Source/fat_sl/common/dir.o
                0x00001c3c                fn_findfirst
 .text.fn_chdir
                0x00001c84       0x9c ./Full-Demo/FreeRTOS-Plus-FAT-SL-Source/fat_sl/common/dir.o
                0x00001c84                fn_chdir
 .text._f_addentry
                0x00001d20       0x14 ./Full-Demo/FreeRTOS-Plus-FAT-SL-Source/fat_sl/common/dir.o
                0x00001d20                _f_addentry
 .text.fn_mkdir
                0x00001d34      0x194 ./Full-Demo/FreeRTOS-Plus-FAT-SL-Source/fat_sl/common/dir.o
                0x00001d34                fn_mkdir
 .text._f_checkstatus
                0x00001ec8       0x28 ./Full-Demo/FreeRTOS-Plus-FAT-SL-Source/fat_sl/common/drv.o
                0x00001ec8                _f_checkstatus
 .text._f_writeglsector
                0x00001ef0       0x94 ./Full-Demo/FreeRTOS-Plus-FAT-SL-Source/fat_sl/common/drv.o
                0x00001ef0                _f_writeglsector
 .text._f_readglsector
                0x00001f84       0x6c ./Full-Demo/FreeRTOS-Plus-FAT-SL-Source/fat_sl/common/drv.o
                0x00001f84                _f_readglsector
 .text.fr_findfirst
                0x00001ff0       0x3c ./Full-Demo/FreeRTOS-Plus-FAT-SL-Source/fat_sl/common/f_lock.o
                0x00001ff0                fr_findfirst
 .text.fr_findnext
                0x0000202c       0x38 ./Full-Demo/FreeRTOS-Plus-FAT-SL-Source/fat_sl/common/f_lock.o
                0x0000202c                fr_findnext
 .text.fr_filelength
                0x00002064       0x38 ./Full-Demo/FreeRTOS-Plus-FAT-SL-Source/fat_sl/common/f_lock.o
                0x00002064                fr_filelength
 .text.fr_open  0x0000209c       0x3c ./Full-Demo/FreeRTOS-Plus-FAT-SL-Source/fat_sl/common/f_lock.o
                0x0000209c                fr_open
 .text.fr_close
                0x000020d8       0x38 ./Full-Demo/FreeRTOS-Plus-FAT-SL-Source/fat_sl/common/f_lock.o
                0x000020d8                fr_close
 .text.fr_read  0x00002110       0x4c ./Full-Demo/FreeRTOS-Plus-FAT-SL-Source/fat_sl/common/f_lock.o
                0x00002110                fr_read
 .text.fr_write
                0x0000215c       0x4c ./Full-Demo/FreeRTOS-Plus-FAT-SL-Source/fat_sl/common/f_lock.o
                0x0000215c                fr_write
 .text.fr_seek  0x000021a8       0x40 ./Full-Demo/FreeRTOS-Plus-FAT-SL-Source/fat_sl/common/f_lock.o
                0x000021a8                fr_seek
 .text.fr_getc  0x000021e8       0x3c ./Full-Demo/FreeRTOS-Plus-FAT-SL-Source/fat_sl/common/f_lock.o
                0x000021e8                fr_getc
 .text.fr_putc  0x00002224       0x40 ./Full-Demo/FreeRTOS-Plus-FAT-SL-Source/fat_sl/common/f_lock.o
                0x00002224                fr_putc
 .text.fr_hardformat
                0x00002264       0x38 ./Full-Demo/FreeRTOS-Plus-FAT-SL-Source/fat_sl/common/f_lock.o
                0x00002264                fr_hardformat
 .text.fr_delete
                0x0000229c       0x38 ./Full-Demo/FreeRTOS-Plus-FAT-SL-Source/fat_sl/common/f_lock.o
                0x0000229c                fr_delete
 .text.fr_chdir
                0x000022d4       0x38 ./Full-Demo/FreeRTOS-Plus-FAT-SL-Source/fat_sl/common/f_lock.o
                0x000022d4                fr_chdir
 .text.fr_mkdir
                0x0000230c       0x38 ./Full-Demo/FreeRTOS-Plus-FAT-SL-Source/fat_sl/common/f_lock.o
                0x0000230c                fr_mkdir
 .text.fr_getcwd
                0x00002344       0x40 ./Full-Demo/FreeRTOS-Plus-FAT-SL-Source/fat_sl/common/f_lock.o
                0x00002344                fr_getcwd
 .text._f_writefatsector.part.0
                0x00002384       0x40 ./Full-Demo/FreeRTOS-Plus-FAT-SL-Source/fat_sl/common/fat.o
 .text._f_writefatsector
                0x000023c4       0x14 ./Full-Demo/FreeRTOS-Plus-FAT-SL-Source/fat_sl/common/fat.o
                0x000023c4                _f_writefatsector
 .text._f_getfatsector
                0x000023d8       0x48 ./Full-Demo/FreeRTOS-Plus-FAT-SL-Source/fat_sl/common/fat.o
                0x000023d8                _f_getfatsector
 .text._f_setclustervalue
                0x00002420      0x154 ./Full-Demo/FreeRTOS-Plus-FAT-SL-Source/fat_sl/common/fat.o
                0x00002420                _f_setclustervalue
 .text._f_getclustervalue
                0x00002574       0xe4 ./Full-Demo/FreeRTOS-Plus-FAT-SL-Source/fat_sl/common/fat.o
                0x00002574                _f_getclustervalue
 .text._f_clustertopos
                0x00002658       0x44 ./Full-Demo/FreeRTOS-Plus-FAT-SL-Source/fat_sl/common/fat.o
                0x00002658                _f_clustertopos
 .text._f_getcurrsector
                0x0000269c       0x58 ./Full-Demo/FreeRTOS-Plus-FAT-SL-Source/fat_sl/common/fat.o
                0x0000269c                _f_getcurrsector
 .text._f_alloccluster
                0x000026f4       0x58 ./Full-Demo/FreeRTOS-Plus-FAT-SL-Source/fat_sl/common/fat.o
                0x000026f4                _f_alloccluster
 .text._f_removechain
                0x0000274c       0x5c ./Full-Demo/FreeRTOS-Plus-FAT-SL-Source/fat_sl/common/fat.o
                0x0000274c                _f_removechain
 .text._f_updatefileentry
                0x000027a8       0xa8 ./Full-Demo/FreeRTOS-Plus-FAT-SL-Source/fat_sl/common/file.o
 .text._f_stepnextsector
                0x00002850       0xa8 ./Full-Demo/FreeRTOS-Plus-FAT-SL-Source/fat_sl/common/file.o
 .text._f_extend
                0x000028f8       0xe4 ./Full-Demo/FreeRTOS-Plus-FAT-SL-Source/fat_sl/common/file.o
 .text._f_fseek
                0x000029dc      0x17c ./Full-Demo/FreeRTOS-Plus-FAT-SL-Source/fat_sl/common/file.o
 .text.fn_read.part.2
                0x00002b58      0x108 ./Full-Demo/FreeRTOS-Plus-FAT-SL-Source/fat_sl/common/file.o
 .text.fn_write.part.3
                0x00002c60      0x154 ./Full-Demo/FreeRTOS-Plus-FAT-SL-Source/fat_sl/common/file.o
 .text.fn_filelength
                0x00002db4       0x58 ./Full-Demo/FreeRTOS-Plus-FAT-SL-Source/fat_sl/common/file.o
                0x00002db4                fn_filelength
 .text.fn_open  0x00002e0c      0x2bc ./Full-Demo/FreeRTOS-Plus-FAT-SL-Source/fat_sl/common/file.o
                0x00002e0c                fn_open
 .text.fn_close
                0x000030c8       0x4c ./Full-Demo/FreeRTOS-Plus-FAT-SL-Source/fat_sl/common/file.o
                0x000030c8                fn_close
 .text.fn_read  0x00003114       0x18 ./Full-Demo/FreeRTOS-Plus-FAT-SL-Source/fat_sl/common/file.o
                0x00003114                fn_read
 .text.fn_write
                0x0000312c       0x18 ./Full-Demo/FreeRTOS-Plus-FAT-SL-Source/fat_sl/common/file.o
                0x0000312c                fn_write
 .text.fn_seek  0x00003144       0x58 ./Full-Demo/FreeRTOS-Plus-FAT-SL-Source/fat_sl/common/file.o
                0x00003144                fn_seek
 .text.fn_putc  0x0000319c       0x38 ./Full-Demo/FreeRTOS-Plus-FAT-SL-Source/fat_sl/common/file.o
                0x0000319c                fn_putc
 .text.fn_getc  0x000031d4       0x38 ./Full-Demo/FreeRTOS-Plus-FAT-SL-Source/fat_sl/common/file.o
                0x000031d4                fn_getc
 .text.fn_delete
                0x0000320c       0xa4 ./Full-Demo/FreeRTOS-Plus-FAT-SL-Source/fat_sl/common/file.o
                0x0000320c                fn_delete
 .text._f_getword
                0x000032b0        0xc ./Full-Demo/FreeRTOS-Plus-FAT-SL-Source/fat_sl/common/util.o
                0x000032b0                _f_getword
 .text._f_setword
                0x000032bc        0x8 ./Full-Demo/FreeRTOS-Plus-FAT-SL-Source/fat_sl/common/util.o
                0x000032bc                _f_setword
 .text._f_getlong
                0x000032c4       0x18 ./Full-Demo/FreeRTOS-Plus-FAT-SL-Source/fat_sl/common/util.o
                0x000032c4                _f_getlong
 .text._f_setlong
                0x000032dc       0x18 ./Full-Demo/FreeRTOS-Plus-FAT-SL-Source/fat_sl/common/util.o
                0x000032dc                _f_setlong
 .text._setcharzero
                0x000032f4       0x14 ./Full-Demo/FreeRTOS-Plus-FAT-SL-Source/fat_sl/common/util.o
                0x000032f4                _setcharzero
 .text._setchar
                0x00003308       0x38 ./Full-Demo/FreeRTOS-Plus-FAT-SL-Source/fat_sl/common/util.o
                0x00003308                _setchar
 .text._setword
                0x00003340       0x10 ./Full-Demo/FreeRTOS-Plus-FAT-SL-Source/fat_sl/common/util.o
                0x00003340                _setword
 .text._setlong
                0x00003350       0x1c ./Full-Demo/FreeRTOS-Plus-FAT-SL-Source/fat_sl/common/util.o
                0x00003350                _setlong
 .text._f_toupper
                0x0000336c       0x14 ./Full-Demo/FreeRTOS-Plus-FAT-SL-Source/fat_sl/common/util.o
                0x0000336c                _f_toupper
 .text.f_igettimedate
                0x00003380       0x54 ./Full-Demo/FreeRTOS-Plus-FAT-SL-Source/fat_sl/common/util.o
                0x00003380                f_igettimedate
 .text._f_checknameprim
                0x000033d4       0x4c ./Full-Demo/FreeRTOS-Plus-FAT-SL-Source/fat_sl/common/util_sfn.o
 .text._f_checkname
                0x00003420       0x20 ./Full-Demo/FreeRTOS-Plus-FAT-SL-Source/fat_sl/common/util_sfn.o
                0x00003420                _f_checkname
 .text._f_checknamewc
                0x00003440       0x3c ./Full-Demo/FreeRTOS-Plus-FAT-SL-Source/fat_sl/common/util_sfn.o
                0x00003440                _f_checknamewc
 .text._f_setnameext
                0x0000347c      0x110 ./Full-Demo/FreeRTOS-Plus-FAT-SL-Source/fat_sl/common/util_sfn.o
                0x0000347c                _f_setnameext
 .text._f_setfsname
                0x0000358c      0x178 ./Full-Demo/FreeRTOS-Plus-FAT-SL-Source/fat_sl/common/util_sfn.o
                0x0000358c                _f_setfsname
 .text._f_getvolume
                0x00003704      0x1fc ./Full-Demo/FreeRTOS-Plus-FAT-SL-Source/fat_sl/common/volume.o
                0x00003704                _f_getvolume
 .text.fn_hardformat
                0x00003900      0x4cc ./Full-Demo/FreeRTOS-Plus-FAT-SL-Source/fat_sl/common/volume.o
                0x00003900                fn_hardformat
 .text.fn_initvolume
                0x00003dcc       0x44 ./Full-Demo/FreeRTOS-Plus-FAT-SL-Source/fat_sl/common/volume.o
                0x00003dcc                fn_initvolume
 .text.prvHelpCommand
                0x00003e10       0x2c ./Full-Demo/FreeRTOS-Plus-CLI-Source/FreeRTOS_CLI.o
 .text.FreeRTOS_CLIRegisterCommand
                0x00003e3c       0x3c ./Full-Demo/FreeRTOS-Plus-CLI-Source/FreeRTOS_CLI.o
                0x00003e3c                FreeRTOS_CLIRegisterCommand
 .text.FreeRTOS_CLIProcessCommand
                0x00003e78       0xe0 ./Full-Demo/FreeRTOS-Plus-CLI-Source/FreeRTOS_CLI.o
                0x00003e78                FreeRTOS_CLIProcessCommand
 .text.FreeRTOS_CLIGetOutputBuffer
                0x00003f58        0x8 ./Full-Demo/FreeRTOS-Plus-CLI-Source/FreeRTOS_CLI.o
                0x00003f58                FreeRTOS_CLIGetOutputBuffer
 .text.FreeRTOS_CLIGetParameter
                0x00003f60       0x58 ./Full-Demo/FreeRTOS-Plus-CLI-Source/FreeRTOS_CLI.o
                0x00003f60                FreeRTOS_CLIGetParameter
 .text.vBlockingQueueProducer
                0x00003fb8       0x3c ./Full-Demo/Common-Demo-Source/BlockQ.o
 .text.vBlockingQueueConsumer
                0x00003ff4       0x3c ./Full-Demo/Common-Demo-Source/BlockQ.o
 .text.vStartBlockingQueueTasks
                0x00004030      0x150 ./Full-Demo/Common-Demo-Source/BlockQ.o
                0x00004030                vStartBlockingQueueTasks
 .text.xAreBlockingQueuesStillRunning
                0x00004180       0x58 ./Full-Demo/Common-Demo-Source/BlockQ.o
                0x00004180                xAreBlockingQueuesStillRunning
 .text.prvMediumPriorityMutexTask
                0x000041d8       0x18 ./Full-Demo/Common-Demo-Source/GenQTest.o
 .text.prvHighPriorityMutexTask
                0x000041f0       0x3c ./Full-Demo/Common-Demo-Source/GenQTest.o
 .text.prvLowPriorityMutexTask
                0x0000422c      0x1b4 ./Full-Demo/Common-Demo-Source/GenQTest.o
 .text.prvSendFrontAndBackTest
                0x000043e0      0x240 ./Full-Demo/Common-Demo-Source/GenQTest.o
 .text.vStartGenericQueueTasks
                0x00004620       0xa0 ./Full-Demo/Common-Demo-Source/GenQTest.o
                0x00004620                vStartGenericQueueTasks
 .text.xAreGenericQueueTasksStillRunning
                0x000046c0       0x4c ./Full-Demo/Common-Demo-Source/GenQTest.o
                0x000046c0                xAreGenericQueueTasksStillRunning
 .text.vPolledQueueProducer
                0x0000470c       0x5c ./Full-Demo/Common-Demo-Source/PollQ.o
 .text.vPolledQueueConsumer
                0x00004768       0x68 ./Full-Demo/Common-Demo-Source/PollQ.o
 .text.vStartPolledQueueTasks
                0x000047d0       0x58 ./Full-Demo/Common-Demo-Source/PollQ.o
                0x000047d0                vStartPolledQueueTasks
 .text.xArePollingQueuesStillRunning
                0x00004828       0x20 ./Full-Demo/Common-Demo-Source/PollQ.o
                0x00004828                xArePollingQueuesStillRunning
 .text.vSecondaryBlockTimeTestTask
                0x00004848       0xa4 ./Full-Demo/Common-Demo-Source/blocktim.o
 .text.vPrimaryBlockTimeTestTask
                0x000048ec      0x24c ./Full-Demo/Common-Demo-Source/blocktim.o
 .text.vCreateBlockTimeTasks
                0x00004b38       0x60 ./Full-Demo/Common-Demo-Source/blocktim.o
                0x00004b38                vCreateBlockTimeTasks
 .text.xAreBlockTimeTestTasksStillRunning
                0x00004b98       0x4c ./Full-Demo/Common-Demo-Source/blocktim.o
                0x00004b98                xAreBlockTimeTestTasksStillRunning
 .text.prvDecrementSemaphoreCount
                0x00004be4       0x60 ./Full-Demo/Common-Demo-Source/countsem.o
 .text.prvCountingSemaphoreTask
                0x00004c44       0x84 ./Full-Demo/Common-Demo-Source/countsem.o
 .text.vStartCountingSemaphoreTasks
                0x00004cc8       0x78 ./Full-Demo/Common-Demo-Source/countsem.o
                0x00004cc8                vStartCountingSemaphoreTasks
 .text.vCreateTasks
                0x00004d40       0x60 ./Full-Demo/Common-Demo-Source/death.o
 .text.vSuicidalTask
                0x00004da0       0x3c ./Full-Demo/Common-Demo-Source/death.o
 .text.vCreateSuicidalTasks
                0x00004ddc       0x48 ./Full-Demo/Common-Demo-Source/death.o
                0x00004ddc                vCreateSuicidalTasks
 .text.xIsCreateTaskStillRunning
                0x00004e24       0x50 ./Full-Demo/Common-Demo-Source/death.o
                0x00004e24                xIsCreateTaskStillRunning
 .text.vQueueReceiveWhenSuspendedTask
                0x00004e74       0x5c ./Full-Demo/Common-Demo-Source/dynamic.o
 .text.vQueueSendWhenSuspendedTask
                0x00004ed0       0x40 ./Full-Demo/Common-Demo-Source/dynamic.o
 .text.vLimitedIncrementTask
                0x00004f10       0x1c ./Full-Demo/Common-Demo-Source/dynamic.o
 .text.vCounterControlTask
                0x00004f2c       0x94 ./Full-Demo/Common-Demo-Source/dynamic.o
 .text.vContinuousIncrementTask
                0x00004fc0       0x48 ./Full-Demo/Common-Demo-Source/dynamic.o
 .text.vStartDynamicPriorityTasks
                0x00005008       0xbc ./Full-Demo/Common-Demo-Source/dynamic.o
                0x00005008                vStartDynamicPriorityTasks
 .text.xAreDynamicPriorityTasksStillRunning
                0x000050c4       0x58 ./Full-Demo/Common-Demo-Source/dynamic.o
                0x000050c4                xAreDynamicPriorityTasksStillRunning
 .text.prvLEDTimerCallback
                0x0000511c       0x10 ./Full-Demo/Common-Demo-Source/flash_timer.o
 .text.vStartLEDFlashTimers
                0x0000512c       0x58 ./Full-Demo/Common-Demo-Source/flash_timer.o
                0x0000512c                vStartLEDFlashTimers
 .text.vCompeteingIntMathTask
                0x00005184       0x5c ./Full-Demo/Common-Demo-Source/integer.o
 .text.vStartIntegerMathTasks
                0x000051e0       0x2c ./Full-Demo/Common-Demo-Source/integer.o
                0x000051e0                vStartIntegerMathTasks
 .text.xAreIntegerMathsTaskStillRunning
                0x0000520c       0x14 ./Full-Demo/Common-Demo-Source/integer.o
                0x0000520c                xAreIntegerMathsTaskStillRunning
 .text.prvRecursiveMutexPollingTask
                0x00005220       0xc0 ./Full-Demo/Common-Demo-Source/recmutex.o
 .text.prvRecursiveMutexBlockingTask
                0x000052e0       0x94 ./Full-Demo/Common-Demo-Source/recmutex.o
 .text.prvRecursiveMutexControllingTask
                0x00005374       0x8c ./Full-Demo/Common-Demo-Source/recmutex.o
 .text.vStartRecursiveMutexTasks
                0x00005400       0x80 ./Full-Demo/Common-Demo-Source/recmutex.o
                0x00005400                vStartRecursiveMutexTasks
 .text.xAreRecursiveMutexTasksStillRunning
                0x00005480       0x74 ./Full-Demo/Common-Demo-Source/recmutex.o
                0x00005480                xAreRecursiveMutexTasksStillRunning
 .text.prvSemaphoreTest
                0x000054f4       0xb4 ./Full-Demo/Common-Demo-Source/semtest.o
 .text.vStartSemaphoreTasks
                0x000055a8       0xe0 ./Full-Demo/Common-Demo-Source/semtest.o
                0x000055a8                vStartSemaphoreTasks
 .text.xAreSemaphoreTasksStillRunning
                0x00005688       0x34 ./Full-Demo/Common-Demo-Source/semtest.o
                0x00005688                xAreSemaphoreTasksStillRunning
 .text.prvCOPYCommand
                0x000056bc      0x14c ./Full-Demo/File-releated-CLI-commands.o
 .text.prvDELCommand
                0x00005808       0x5c ./Full-Demo/File-releated-CLI-commands.o
 .text.prvCreateFileInfoString
                0x00005864       0x3c ./Full-Demo/File-releated-CLI-commands.o
 .text.prvTYPECommand
                0x000058a0       0x9c ./Full-Demo/File-releated-CLI-commands.o
 .text.prvCDCommand
                0x0000593c       0x6c ./Full-Demo/File-releated-CLI-commands.o
 .text.prvDIRCommand
                0x000059a8       0x98 ./Full-Demo/File-releated-CLI-commands.o
 .text.vRegisterFileSystemCLICommands
                0x00005a40       0x38 ./Full-Demo/File-releated-CLI-commands.o
                0x00005a40                vRegisterFileSystemCLICommands
 .text.vCreateAndVerifySampleFiles
                0x00005a78      0x2e4 ./Full-Demo/File-system-demo.o
                0x00005a78                vCreateAndVerifySampleFiles
 .text.prvParameterEchoCommand
                0x00005d5c       0xa0 ./Full-Demo/Sample-CLI-commands.o
 .text.prvThreeParameterEchoCommand
                0x00005dfc       0xa8 ./Full-Demo/Sample-CLI-commands.o
 .text.prvRunTimeStatsCommand
                0x00005ea4       0x24 ./Full-Demo/Sample-CLI-commands.o
 .text.prvTaskStatsCommand
                0x00005ec8       0x24 ./Full-Demo/Sample-CLI-commands.o
 .text.vRegisterSampleCLICommands
                0x00005eec       0x30 ./Full-Demo/Sample-CLI-commands.o
                0x00005eec                vRegisterSampleCLICommands
 .text.prvUARTRxNotificationHandler
                0x00005f1c       0x48 ./Full-Demo/UARTCommandConsole.o
 .text.prvSendBuffer.part.0
                0x00005f64       0x28 ./Full-Demo/UARTCommandConsole.o
 .text.prvUARTCommandConsoleTask
                0x00005f8c      0x104 ./Full-Demo/UARTCommandConsole.o
 .text.vUARTCommandConsoleStart
                0x00006090       0x68 ./Full-Demo/UARTCommandConsole.o
                0x00006090                vUARTCommandConsoleStart
 .text.prvCheckTimerCallback
                0x000060f8       0x9c ./Full-Demo/main_full.o
 .text.main_full
                0x00006194       0x88 ./Full-Demo/main_full.o
                0x00006194                main_full
 .text.prvInsertBlockIntoFreeList
                0x0000621c       0x5c ./FreeRTOS-Source/portable/MemMang/heap_4.o
 .text.pvPortMalloc
                0x00006278      0x134 ./FreeRTOS-Source/portable/MemMang/heap_4.o
                0x00006278                pvPortMalloc
 .text.vPortFree
                0x000063ac       0x58 ./FreeRTOS-Source/portable/MemMang/heap_4.o
                0x000063ac                vPortFree
 .text.prvPortStartFirstTask
                0x00006404       0x20 ./FreeRTOS-Source/portable/GCC/ARM_CM3/port.o
 .text.pxPortInitialiseStack
                0x00006424       0x24 ./FreeRTOS-Source/portable/GCC/ARM_CM3/port.o
                0x00006424                pxPortInitialiseStack
 .text.SVC_Handler
                0x00006448       0x24 ./FreeRTOS-Source/portable/GCC/ARM_CM3/port.o
                0x00006448                SVC_Handler
 .text.vPortYield
                0x0000646c       0x18 ./FreeRTOS-Source/portable/GCC/ARM_CM3/port.o
                0x0000646c                vPortYield
 .text.ulPortSetInterruptMask
                0x00006484       0x10 ./FreeRTOS-Source/portable/GCC/ARM_CM3/port.o
                0x00006484                ulPortSetInterruptMask
 .text.prvTaskExitError
                0x00006494       0x1c ./FreeRTOS-Source/portable/GCC/ARM_CM3/port.o
 .text.vPortEnterCritical
                0x000064b0       0x34 ./FreeRTOS-Source/portable/GCC/ARM_CM3/port.o
                0x000064b0                vPortEnterCritical
 .text.vPortClearInterruptMask
                0x000064e4        0x8 ./FreeRTOS-Source/portable/GCC/ARM_CM3/port.o
                0x000064e4                vPortClearInterruptMask
 .text.vPortExitCritical
                0x000064ec       0x24 ./FreeRTOS-Source/portable/GCC/ARM_CM3/port.o
                0x000064ec                vPortExitCritical
 .text.PendSV_Handler
                0x00006510       0x44 ./FreeRTOS-Source/portable/GCC/ARM_CM3/port.o
                0x00006510                PendSV_Handler
 .text.SysTick_Handler
                0x00006554       0x24 ./FreeRTOS-Source/portable/GCC/ARM_CM3/port.o
                0x00006554                SysTick_Handler
 .text.vPortSetupTimerInterrupt
                0x00006578       0x2c ./FreeRTOS-Source/portable/GCC/ARM_CM3/port.o
                0x00006578                vPortSetupTimerInterrupt
 .text.xPortStartScheduler
                0x000065a4       0x98 ./FreeRTOS-Source/portable/GCC/ARM_CM3/port.o
                0x000065a4                xPortStartScheduler
 .text.vPortValidateInterruptPriority
                0x0000663c       0x44 ./FreeRTOS-Source/portable/GCC/ARM_CM3/port.o
                0x0000663c                vPortValidateInterruptPriority
 .text.vListInitialise
                0x00006680       0x18 ./FreeRTOS-Source/list.o
                0x00006680                vListInitialise
 .text.vListInitialiseItem
                0x00006698        0x8 ./FreeRTOS-Source/list.o
                0x00006698                vListInitialiseItem
 .text.vListInsertEnd
                0x000066a0       0x20 ./FreeRTOS-Source/list.o
                0x000066a0                vListInsertEnd
 .text.vListInsert
                0x000066c0       0x34 ./FreeRTOS-Source/list.o
                0x000066c0                vListInsert
 .text.uxListRemove
                0x000066f4       0x28 ./FreeRTOS-Source/list.o
                0x000066f4                uxListRemove
 .text.prvCopyDataToQueue
                0x0000671c       0x7c ./FreeRTOS-Source/queue.o
 .text.unlikely.prvCopyDataFromQueue
                0x00006798       0x28 ./FreeRTOS-Source/queue.o
 .text.prvUnlockQueue
                0x000067c0       0x84 ./FreeRTOS-Source/queue.o
 .text.xQueueGenericReset
                0x00006844       0x74 ./FreeRTOS-Source/queue.o
                0x00006844                xQueueGenericReset
 .text.xQueueGenericCreate
                0x000068b8       0x50 ./FreeRTOS-Source/queue.o
                0x000068b8                xQueueGenericCreate
 .text.xQueueCreateCountingSemaphore
                0x00006908       0x2c ./FreeRTOS-Source/queue.o
                0x00006908                xQueueCreateCountingSemaphore
 .text.xQueueGenericSend
                0x00006934      0x134 ./FreeRTOS-Source/queue.o
                0x00006934                xQueueGenericSend
 .text.xQueueCreateMutex
                0x00006a68       0x50 ./FreeRTOS-Source/queue.o
                0x00006a68                xQueueCreateMutex
 .text.xQueueGiveMutexRecursive
                0x00006ab8       0x34 ./FreeRTOS-Source/queue.o
                0x00006ab8                xQueueGiveMutexRecursive
 .text.xQueueGenericSendFromISR
                0x00006aec       0xac ./FreeRTOS-Source/queue.o
                0x00006aec                xQueueGenericSendFromISR
 .text.xQueueGenericReceive
                0x00006b98      0x154 ./FreeRTOS-Source/queue.o
                0x00006b98                xQueueGenericReceive
 .text.xQueueTakeMutexRecursive
                0x00006cec       0x3c ./FreeRTOS-Source/queue.o
                0x00006cec                xQueueTakeMutexRecursive
 .text.uxQueueMessagesWaiting
                0x00006d28       0x1c ./FreeRTOS-Source/queue.o
                0x00006d28                uxQueueMessagesWaiting
 .text.vQueueWaitForMessageRestricted
                0x00006d44       0x3c ./FreeRTOS-Source/queue.o
                0x00006d44                vQueueWaitForMessageRestricted
 .text.prvWriteNameToBuffer
                0x00006d80       0x28 ./FreeRTOS-Source/tasks.o
 .text.prvListTaskWithinSingleList.part.0
                0x00006da8       0xa4 ./FreeRTOS-Source/tasks.o
 .text.prvResetNextTaskUnblockTime
                0x00006e4c       0x28 ./FreeRTOS-Source/tasks.o
 .text.prvTaskIsTaskSuspended
                0x00006e74       0x30 ./FreeRTOS-Source/tasks.o
 .text.prvAddCurrentTaskToDelayedList
                0x00006ea4       0x4c ./FreeRTOS-Source/tasks.o
 .text.vTaskSwitchContext.part.5
                0x00006ef0       0xb0 ./FreeRTOS-Source/tasks.o
 .text.xTaskGenericCreate
                0x00006fa0      0x200 ./FreeRTOS-Source/tasks.o
                0x00006fa0                xTaskGenericCreate
 .text.vTaskDelete
                0x000071a0       0xb8 ./FreeRTOS-Source/tasks.o
                0x000071a0                vTaskDelete
 .text.uxTaskPriorityGet
                0x00007258       0x28 ./FreeRTOS-Source/tasks.o
                0x00007258                uxTaskPriorityGet
 .text.vTaskPrioritySet
                0x00007280       0xc8 ./FreeRTOS-Source/tasks.o
                0x00007280                vTaskPrioritySet
 .text.vTaskSuspend
                0x00007348       0xcc ./FreeRTOS-Source/tasks.o
                0x00007348                vTaskSuspend
 .text.vTaskResume
                0x00007414       0x74 ./FreeRTOS-Source/tasks.o
                0x00007414                vTaskResume
 .text.vTaskStartScheduler
                0x00007488       0x60 ./FreeRTOS-Source/tasks.o
                0x00007488                vTaskStartScheduler
 .text.vTaskSuspendAll
                0x000074e8       0x10 ./FreeRTOS-Source/tasks.o
                0x000074e8                vTaskSuspendAll
 .text.xTaskGetTickCount
                0x000074f8        0xc ./FreeRTOS-Source/tasks.o
                0x000074f8                xTaskGetTickCount
 .text.uxTaskGetNumberOfTasks
                0x00007504        0xc ./FreeRTOS-Source/tasks.o
                0x00007504                uxTaskGetNumberOfTasks
 .text.xTaskIncrementTick
                0x00007510      0x130 ./FreeRTOS-Source/tasks.o
                0x00007510                xTaskIncrementTick
 .text.xTaskResumeAll
                0x00007640       0xec ./FreeRTOS-Source/tasks.o
                0x00007640                xTaskResumeAll
 .text.vTaskDelay
                0x0000772c       0x68 ./FreeRTOS-Source/tasks.o
                0x0000772c                vTaskDelay
 .text.prvIdleTask
                0x00007794       0x8c ./FreeRTOS-Source/tasks.o
 .text.uxTaskGetSystemState
                0x00007820       0xe8 ./FreeRTOS-Source/tasks.o
                0x00007820                uxTaskGetSystemState
 .text.vTaskSwitchContext
                0x00007908       0x1c ./FreeRTOS-Source/tasks.o
                0x00007908                vTaskSwitchContext
 .text.vTaskPlaceOnEventList
                0x00007924       0x64 ./FreeRTOS-Source/tasks.o
                0x00007924                vTaskPlaceOnEventList
 .text.vTaskPlaceOnEventListRestricted
                0x00007988       0x4c ./FreeRTOS-Source/tasks.o
                0x00007988                vTaskPlaceOnEventListRestricted
 .text.xTaskRemoveFromEventList
                0x000079d4       0x7c ./FreeRTOS-Source/tasks.o
                0x000079d4                xTaskRemoveFromEventList
 .text.vTaskSetTimeOutState
                0x00007a50       0x20 ./FreeRTOS-Source/tasks.o
                0x00007a50                vTaskSetTimeOutState
 .text.xTaskCheckForTimeOut
                0x00007a70       0x70 ./FreeRTOS-Source/tasks.o
                0x00007a70                xTaskCheckForTimeOut
 .text.vTaskMissedYield
                0x00007ae0        0xc ./FreeRTOS-Source/tasks.o
                0x00007ae0                vTaskMissedYield
 .text.xTaskGetCurrentTaskHandle
                0x00007aec        0xc ./FreeRTOS-Source/tasks.o
                0x00007aec                xTaskGetCurrentTaskHandle
 .text.xTaskGetSchedulerState
                0x00007af8       0x20 ./FreeRTOS-Source/tasks.o
                0x00007af8                xTaskGetSchedulerState
 .text.vTaskPriorityInherit
                0x00007b18       0xa0 ./FreeRTOS-Source/tasks.o
                0x00007b18                vTaskPriorityInherit
 .text.xTaskPriorityDisinherit
                0x00007bb8       0x94 ./FreeRTOS-Source/tasks.o
                0x00007bb8                xTaskPriorityDisinherit
 .text.vTaskList
                0x00007c4c       0xa8 ./FreeRTOS-Source/tasks.o
                0x00007c4c                vTaskList
 .text.vTaskGetRunTimeStats
                0x00007cf4       0xb8 ./FreeRTOS-Source/tasks.o
                0x00007cf4                vTaskGetRunTimeStats
 .text.pvTaskIncrementMutexHeldCount
                0x00007dac       0x18 ./FreeRTOS-Source/tasks.o
                0x00007dac                pvTaskIncrementMutexHeldCount
 .text.prvCheckForValidListAndQueue
                0x00007dc4       0x5c ./FreeRTOS-Source/timers.o
 .text.prvInsertTimerInActiveList
                0x00007e20       0x44 ./FreeRTOS-Source/timers.o
 .text.xTimerCreateTimerTask
                0x00007e64       0x40 ./FreeRTOS-Source/timers.o
                0x00007e64                xTimerCreateTimerTask
 .text.xTimerCreate
                0x00007ea4       0x3c ./FreeRTOS-Source/timers.o
                0x00007ea4                xTimerCreate
 .text.xTimerGenericCommand
                0x00007ee0       0x58 ./FreeRTOS-Source/timers.o
                0x00007ee0                xTimerGenericCommand
 .text.prvSwitchTimerLists
                0x00007f38       0x7c ./FreeRTOS-Source/timers.o
 .text.prvTimerTask
                0x00007fb4      0x198 ./FreeRTOS-Source/timers.o
 .text.pvTimerGetTimerID
                0x0000814c        0x4 ./FreeRTOS-Source/timers.o
                0x0000814c                pvTimerGetTimerID
 .text.vParTestSetLED.part.0
                0x00008150       0x40 ./ParTest.o
 .text.vParTestInitialise
                0x00008190       0x2c ./ParTest.o
                0x00008190                vParTestInitialise
 .text.vParTestToggleLED
                0x000081bc       0x30 ./ParTest.o
                0x000081bc                vParTestToggleLED
 .text.vConfigureTimerForRunTimeStats
                0x000081ec       0x30 ./RunTimeStatsTimer.o
                0x000081ec                vConfigureTimerForRunTimeStats
 .text.ulGetRunTimeCounterValue
                0x0000821c       0x48 ./RunTimeStatsTimer.o
                0x0000821c                ulGetRunTimeCounterValue
 .text.startup.main
                0x00008264       0x10 ./main.o
                0x00008264                main
 .text.vApplicationMallocFailedHook
                0x00008274        0x8 ./main.o
                0x00008274                vApplicationMallocFailedHook
 .text.vApplicationIdleHook
                0x0000827c        0x4 ./main.o
                0x0000827c                vApplicationIdleHook
 .text.vApplicationStackOverflowHook
                0x00008280        0x8 ./main.o
                0x00008280                vApplicationStackOverflowHook
 .text.prints   0x00008288       0xb8 ./printf-stdarg.o
 .text.printi   0x00008340       0xbc ./printf-stdarg.o
 .text.print    0x000083fc      0x184 ./printf-stdarg.o
 .text.printf   0x00008580       0x20 ./printf-stdarg.o
                0x00008580                printf
 .text.sprintf  0x000085a0       0x24 ./printf-stdarg.o
                0x000085a0                sprintf
 .text.snprintf
                0x000085c4       0x24 ./printf-stdarg.o
                0x000085c4                snprintf
 .text.__libc_init_array
                0x000085e8       0x50 c:/microsemi/softconsole_v4.0/arm-none-eabi-gcc/bin/../lib/gcc/arm-none-eabi/4.9.3/../../../../arm-none-eabi/lib/armv7-m\libg.a(lib_a-init.o)
                0x000085e8                __libc_init_array
 .text.memcmp   0x00008638       0x64 c:/microsemi/softconsole_v4.0/arm-none-eabi-gcc/bin/../lib/gcc/arm-none-eabi/4.9.3/../../../../arm-none-eabi/lib/armv7-m\libg.a(lib_a-memcmp.o)
                0x00008638                memcmp
 .text          0x0000869c       0xec c:/microsemi/softconsole_v4.0/arm-none-eabi-gcc/bin/../lib/gcc/arm-none-eabi/4.9.3/../../../../arm-none-eabi/lib/armv7-m\libg.a(lib_a-memcpy.o)
                0x0000869c                memcpy
 .text.memset   0x00008788       0x9c c:/microsemi/softconsole_v4.0/arm-none-eabi-gcc/bin/../lib/gcc/arm-none-eabi/4.9.3/../../../../arm-none-eabi/lib/armv7-m\libg.a(lib_a-memset.o)
                0x00008788                memset
 .text.stpcpy   0x00008824       0x4c c:/microsemi/softconsole_v4.0/arm-none-eabi-gcc/bin/../lib/gcc/arm-none-eabi/4.9.3/../../../../arm-none-eabi/lib/armv7-m\libg.a(lib_a-stpcpy.o)
                0x00008824                stpcpy
 .text          0x00008870      0x1bc c:/microsemi/softconsole_v4.0/arm-none-eabi-gcc/bin/../lib/gcc/arm-none-eabi/4.9.3/../../../../arm-none-eabi/lib/armv7-m\libg.a(lib_a-strcmp.o)
                0x00008870                strcmp
 .text.strcpy   0x00008a2c       0xbc c:/microsemi/softconsole_v4.0/arm-none-eabi-gcc/bin/../lib/gcc/arm-none-eabi/4.9.3/../../../../arm-none-eabi/lib/armv7-m\libg.a(lib_a-strcpy.o)
                0x00008a2c                strcpy
 .text.strlen   0x00008ae8       0x5c c:/microsemi/softconsole_v4.0/arm-none-eabi-gcc/bin/../lib/gcc/arm-none-eabi/4.9.3/../../../../arm-none-eabi/lib/armv7-m\libg.a(lib_a-strlen.o)
                0x00008ae8                strlen
 .text.strncat  0x00008b44       0x5c c:/microsemi/softconsole_v4.0/arm-none-eabi-gcc/bin/../lib/gcc/arm-none-eabi/4.9.3/../../../../arm-none-eabi/lib/armv7-m\libg.a(lib_a-strncat.o)
                0x00008b44                strncat
 .text.strncmp  0x00008ba0       0x94 c:/microsemi/softconsole_v4.0/arm-none-eabi-gcc/bin/../lib/gcc/arm-none-eabi/4.9.3/../../../../arm-none-eabi/lib/armv7-m\libg.a(lib_a-strncmp.o)
                0x00008ba0                strncmp
 .text.strncpy  0x00008c34       0x68 c:/microsemi/softconsole_v4.0/arm-none-eabi-gcc/bin/../lib/gcc/arm-none-eabi/4.9.3/../../../../arm-none-eabi/lib/armv7-m\libg.a(lib_a-strncpy.o)
                0x00008c34                strncpy
 .text.startup.register_fini
                0x00008c9c       0x14 c:/microsemi/softconsole_v4.0/arm-none-eabi-gcc/bin/../lib/gcc/arm-none-eabi/4.9.3/../../../../arm-none-eabi/lib/armv7-m\libg.a(lib_a-__call_atexit.o)
 .text.atexit   0x00008cb0        0xc c:/microsemi/softconsole_v4.0/arm-none-eabi-gcc/bin/../lib/gcc/arm-none-eabi/4.9.3/../../../../arm-none-eabi/lib/armv7-m\libg.a(lib_a-atexit.o)
                0x00008cb0                atexit
 .text.__libc_fini_array
                0x00008cbc       0x2c c:/microsemi/softconsole_v4.0/arm-none-eabi-gcc/bin/../lib/gcc/arm-none-eabi/4.9.3/../../../../arm-none-eabi/lib/armv7-m\libg.a(lib_a-fini.o)
                0x00008cbc                __libc_fini_array
 .text.__register_exitproc
                0x00008ce8       0xa4 c:/microsemi/softconsole_v4.0/arm-none-eabi-gcc/bin/../lib/gcc/arm-none-eabi/4.9.3/../../../../arm-none-eabi/lib/armv7-m\libg.a(lib_a-__atexit.o)
                0x00008ce8                __register_exitproc
 *(.plt)
 *(.gnu.warning)
 *(.glue_7t)
 .glue_7t       0x00000000        0x0 linker stubs
 *(.glue_7)
 .glue_7        0x00000000        0x0 linker stubs
 *(.vfp11_veneer)
 .vfp11_veneer  0x00000000        0x0 linker stubs
                0x00008d8c                . = ALIGN (0x4)
 *crtbegin.o(.ctors)
 *(EXCLUDE_FILE(*crtend.o) .ctors)
 *(SORT(.ctors.*))
 *crtend.o(.ctors)
 *crtbegin.o(.dtors)
 *(EXCLUDE_FILE(*crtend.o) .dtors)
 *(SORT(.dtors.*))
 *crtend.o(.dtors)
 *(.rodata .rodata.* .gnu.linkonce.r.*)
 .rodata.g_m2s_serdes_0_config
                0x00008d8c       0x90 ./drivers_config/sys_config/sys_config_SERDESIF_0.o
                0x00008d8c                g_m2s_serdes_0_config
 .rodata.g_gpio_irqn_lut
                0x00008e1c       0x20 ./drivers/mss_gpio/mss_gpio.o
 .rodata.g_config_reg_lut
                0x00008e3c       0x80 ./drivers/mss_gpio/mss_gpio.o
 .rodata.str1.4
                0x00008ebc       0x15 ./Full-Demo/FreeRTOS-Plus-FAT-SL-Source/fat_sl/common/dir.o
                                 0x19 (size before relaxing)
 *fill*         0x00008ed1        0x3 
 .rodata        0x00008ed4        0x6 ./Full-Demo/FreeRTOS-Plus-FAT-SL-Source/fat_sl/common/volume.o
 *fill*         0x00008eda        0x2 
 .rodata.FAT32_CS
                0x00008edc       0x30 ./Full-Demo/FreeRTOS-Plus-FAT-SL-Source/fat_sl/common/volume.o
 .rodata.str1.4
                0x00008f0c       0x39 ./Full-Demo/FreeRTOS-Plus-FAT-SL-Source/fat_sl/common/volume.o
 *fill*         0x00008f45        0x3 
 .rodata.xHelpCommand
                0x00008f48       0x10 ./Full-Demo/FreeRTOS-Plus-CLI-Source/FreeRTOS_CLI.o
 .rodata.str1.4
                0x00008f58       0xe0 ./Full-Demo/FreeRTOS-Plus-CLI-Source/FreeRTOS_CLI.o
 .rodata.str1.4
                0x00009038       0x30 ./Full-Demo/Common-Demo-Source/BlockQ.o
 .rodata.str1.4
                0x00009068       0x1f ./Full-Demo/Common-Demo-Source/GenQTest.o
 *fill*         0x00009087        0x1 
 .rodata.str1.4
                0x00009088       0x10 ./Full-Demo/Common-Demo-Source/PollQ.o
 .rodata.str1.4
                0x00009098        0xf ./Full-Demo/Common-Demo-Source/blocktim.o
 *fill*         0x000090a7        0x1 
 .rodata.str1.4
                0x000090a8        0xd ./Full-Demo/Common-Demo-Source/countsem.o
 *fill*         0x000090b5        0x3 
 .rodata.str1.4
                0x000090b8       0x18 ./Full-Demo/Common-Demo-Source/death.o
 .rodata.str1.4
                0x000090d0       0x28 ./Full-Demo/Common-Demo-Source/dynamic.o
 .rodata.str1.4
                0x000090f8        0x8 ./Full-Demo/Common-Demo-Source/flash_timer.o
 .rodata.str1.4
                0x00009100        0x8 ./Full-Demo/Common-Demo-Source/integer.o
 .rodata.str1.4
                0x00009108       0x15 ./Full-Demo/Common-Demo-Source/recmutex.o
 *fill*         0x0000911d        0x3 
 .rodata.str1.4
                0x00009120       0x20 ./Full-Demo/Common-Demo-Source/semtest.o
 .rodata.xCD    0x00009140       0x10 ./Full-Demo/File-releated-CLI-commands.o
 .rodata.xDEL   0x00009150       0x10 ./Full-Demo/File-releated-CLI-commands.o
 .rodata.str1.4
                0x00009160      0x270 ./Full-Demo/File-releated-CLI-commands.o
                                0x278 (size before relaxing)
 .rodata.xTYPE  0x000093d0       0x10 ./Full-Demo/File-releated-CLI-commands.o
 .rodata.xCOPY  0x000093e0       0x10 ./Full-Demo/File-releated-CLI-commands.o
 .rodata.xDIR   0x000093f0       0x10 ./Full-Demo/File-releated-CLI-commands.o
 .rodata.str1.4
                0x00009400       0xf0 ./Full-Demo/File-system-demo.o
                                 0xf8 (size before relaxing)
 .rodata.xRunTimeStats
                0x000094f0       0x10 ./Full-Demo/Sample-CLI-commands.o
 .rodata.xParameterEcho
                0x00009500       0x10 ./Full-Demo/Sample-CLI-commands.o
 .rodata.str1.4
                0x00009510      0x298 ./Full-Demo/Sample-CLI-commands.o
                                0x29c (size before relaxing)
 .rodata.xThreeParameterEcho
                0x000097a8       0x10 ./Full-Demo/Sample-CLI-commands.o
 .rodata.xTaskStats
                0x000097b8       0x10 ./Full-Demo/Sample-CLI-commands.o
 .rodata.str1.4
                0x000097c8       0x94 ./Full-Demo/UARTCommandConsole.o
                                 0x98 (size before relaxing)
 .rodata.str1.4
                0x0000985c        0xb ./Full-Demo/main_full.o
 *fill*         0x00009867        0x1 
 .rodata.CSWTCH.296
                0x00009868        0x4 ./FreeRTOS-Source/tasks.o
 .rodata.ucExpectedStackBytes.6157
                0x0000986c       0x14 ./FreeRTOS-Source/tasks.o
 .rodata.str1.4
                0x00009880       0x30 ./FreeRTOS-Source/tasks.o
 .rodata.str1.4
                0x000098b0        0x8 ./FreeRTOS-Source/timers.o
 .rodata        0x000098b8        0x8 ./CMSIS/system_m2sxxx.o
 .rodata.ucLEDs
                0x000098c0        0x2 ./ParTest.o
 *fill*         0x000098c2        0x2 
 .rodata.str1.4
                0x000098c4        0x7 ./printf-stdarg.o
 *fill*         0x000098cb        0x1 
 .rodata.str1.4
                0x000098cc        0x4 c:/microsemi/softconsole_v4.0/arm-none-eabi-gcc/bin/../lib/gcc/arm-none-eabi/4.9.3/../../../../arm-none-eabi/lib/armv7-m\libg.a(lib_a-impure.o)
                                  0x2 (size before relaxing)
 .rodata._global_impure_ptr
                0x000098d0        0x4 c:/microsemi/softconsole_v4.0/arm-none-eabi-gcc/bin/../lib/gcc/arm-none-eabi/4.9.3/../../../../arm-none-eabi/lib/armv7-m\libg.a(lib_a-impure.o)
                0x000098d0                _global_impure_ptr
 *(.ARM.extab* .gnu.linkonce.armextab.*)
 *(.gcc_except_table)
 *(.eh_frame_hdr)
 *(.eh_frame)
 .eh_frame      0x000098d4        0x0 c:/microsemi/softconsole_v4.0/arm-none-eabi-gcc/bin/../lib/gcc/arm-none-eabi/4.9.3/armv7-m/crtbegin.o
 *(.vector_table)
 *(.init)
 .init          0x000098d4        0x4 c:/microsemi/softconsole_v4.0/arm-none-eabi-gcc/bin/../lib/gcc/arm-none-eabi/4.9.3/armv7-m/crti.o
                0x000098d4                _init
 .init          0x000098d8        0x8 c:/microsemi/softconsole_v4.0/arm-none-eabi-gcc/bin/../lib/gcc/arm-none-eabi/4.9.3/armv7-m/crtn.o
 *(.fini)
 .fini          0x000098e0        0x4 c:/microsemi/softconsole_v4.0/arm-none-eabi-gcc/bin/../lib/gcc/arm-none-eabi/4.9.3/armv7-m/crti.o
                0x000098e0                _fini
 .fini          0x000098e4        0x8 c:/microsemi/softconsole_v4.0/arm-none-eabi-gcc/bin/../lib/gcc/arm-none-eabi/4.9.3/armv7-m/crtn.o
                0x000098ec                PROVIDE (__preinit_array_start, .)
 *(.preinit_array)
                0x000098ec                PROVIDE (__preinit_array_end, .)
                0x000098ec                PROVIDE (__init_array_start, .)
 *(SORT(.init_array.*))
 .init_array.00000
                0x000098ec        0x4 c:/microsemi/softconsole_v4.0/arm-none-eabi-gcc/bin/../lib/gcc/arm-none-eabi/4.9.3/../../../../arm-none-eabi/lib/armv7-m\libg.a(lib_a-__call_atexit.o)
 *(.init_array)
 .init_array    0x000098f0        0x4 c:/microsemi/softconsole_v4.0/arm-none-eabi-gcc/bin/../lib/gcc/arm-none-eabi/4.9.3/armv7-m/crtbegin.o
                0x000098f4                PROVIDE (__init_array_end, .)
                0x000098f4                PROVIDE (__fini_array_start, .)
 *(.fini_array)
 .fini_array    0x000098f4        0x4 c:/microsemi/softconsole_v4.0/arm-none-eabi-gcc/bin/../lib/gcc/arm-none-eabi/4.9.3/armv7-m/crtbegin.o
 *(SORT(.fini_array.*))
                0x000098f8                PROVIDE (__fini_array_end, .)
                0x00009900                . = ALIGN (0x10)
 *fill*         0x000098f8        0x8 
                0x00009900                __exidx_start = .

.v4_bx          0x00009900        0x0 load address 0x60009900
 .v4_bx         0x00000000        0x0 linker stubs

.iplt           0x00009900        0x0 load address 0x60009900
 .iplt          0x00000000        0x0 c:/microsemi/softconsole_v4.0/arm-none-eabi-gcc/bin/../lib/gcc/arm-none-eabi/4.9.3/armv7-m/crtbegin.o

.rel.dyn        0x00009900        0x0 load address 0x60009900
 .rel.iplt      0x00000000        0x0 c:/microsemi/softconsole_v4.0/arm-none-eabi-gcc/bin/../lib/gcc/arm-none-eabi/4.9.3/armv7-m/crtbegin.o

.ARM.exidx
 *(.ARM.exidx* .gnu.linkonce.armexidx.*)
                0x00009900                __exidx_end = .
                0x00009900                _etext = .

.data           0x20000000      0x460 load address 0x60009900
                0x60009900                __data_load = LOADADDR (.data)
                0x60009900                _sidata = LOADADDR (.data)
                0x20000000                __data_start = .
                0x20000000                _sdata = .
 *(.jcr)
 .jcr           0x20000000        0x0 c:/microsemi/softconsole_v4.0/arm-none-eabi-gcc/bin/../lib/gcc/arm-none-eabi/4.9.3/armv7-m/crtbegin.o
 .jcr           0x20000000        0x4 c:/microsemi/softconsole_v4.0/arm-none-eabi-gcc/bin/../lib/gcc/arm-none-eabi/4.9.3/armv7-m/crtend.o
 *(.got.plt)
 *(.got)
 *(.shdata)
 *(.data .data.* .gnu.linkonce.d.*)
 .data.pxLastCommandInList.4744
                0x20000004        0x4 ./Full-Demo/FreeRTOS-Plus-CLI-Source/FreeRTOS_CLI.o
 .data.xRegisteredCommands
                0x20000008        0x8 ./Full-Demo/FreeRTOS-Plus-CLI-Source/FreeRTOS_CLI.o
 .data.usLastCreationCount.4999
                0x20000010        0x2 ./Full-Demo/Common-Demo-Source/death.o
 *fill*         0x20000012        0x2 
 .data.uxCriticalNesting
                0x20000014        0x4 ./FreeRTOS-Source/portable/GCC/ARM_CM3/port.o
 .data.xNextTaskUnblockTime
                0x20000018        0x4 ./FreeRTOS-Source/tasks.o
 .data.g_FrequencyFIC64
                0x2000001c        0x4 ./CMSIS/system_m2sxxx.o
                0x2000001c                g_FrequencyFIC64
 .data.g_FrequencyPCLK2
                0x20000020        0x4 ./CMSIS/system_m2sxxx.o
                0x20000020                g_FrequencyPCLK2
 .data.g_FrequencyFIC0
                0x20000024        0x4 ./CMSIS/system_m2sxxx.o
                0x20000024                g_FrequencyFIC0
 .data.g_FrequencyFIC1
                0x20000028        0x4 ./CMSIS/system_m2sxxx.o
                0x20000028                g_FrequencyFIC1
 .data.g_FrequencyPCLK0
                0x2000002c        0x4 ./CMSIS/system_m2sxxx.o
                0x2000002c                g_FrequencyPCLK0
 .data.g_FrequencyPCLK1
                0x20000030        0x4 ./CMSIS/system_m2sxxx.o
                0x20000030                g_FrequencyPCLK1
 .data.SystemCoreClock
                0x20000034        0x4 ./CMSIS/system_m2sxxx.o
                0x20000034                SystemCoreClock
 .data.impure_data
                0x20000038      0x428 c:/microsemi/softconsole_v4.0/arm-none-eabi-gcc/bin/../lib/gcc/arm-none-eabi/4.9.3/../../../../arm-none-eabi/lib/armv7-m\libg.a(lib_a-impure.o)
                0x20000460                . = ALIGN (0x10)
                0x20000460                _edata = .

.igot.plt       0x20000460        0x0 load address 0x60009d60
 .igot.plt      0x00000000        0x0 c:/microsemi/softconsole_v4.0/arm-none-eabi-gcc/bin/../lib/gcc/arm-none-eabi/4.9.3/armv7-m/crtbegin.o

.bss            0x20000460     0xe460 load address 0x60009d60
                0x20000460                __bss_start__ = .
                0x20000460                _sbss = .
 *(.shbss)
 *(.bss .bss.* .gnu.linkonce.b.*)
 .bss           0x20000460       0x1c c:/microsemi/softconsole_v4.0/arm-none-eabi-gcc/bin/../lib/gcc/arm-none-eabi/4.9.3/armv7-m/crtbegin.o
 .bss.g_mac     0x2000047c       0x68 ./drivers/mss_ethernet_mac/mss_ethernet_mac.o
 .bss.t_driver  0x200004e4       0x1c ./Full-Demo/FreeRTOS-Plus-FAT-SL-Source/media-drv/ram/ramdrv_f.o
 .bss.in_use    0x20000500        0x1 ./Full-Demo/FreeRTOS-Plus-FAT-SL-Source/media-drv/ram/ramdrv_f.o
 *fill*         0x20000501        0x3 
 .bss.ramdrv    0x20000504     0x7000 ./Full-Demo/FreeRTOS-Plus-FAT-SL-Source/media-drv/ram/ramdrv_f.o
 .bss.mdrv      0x20007504        0x4 ./Full-Demo/FreeRTOS-Plus-FAT-SL-Source/fat_sl/common/drv.o
                0x20007504                mdrv
 .bss.cOutputBuffer
                0x20007508      0x800 ./Full-Demo/FreeRTOS-Plus-CLI-Source/FreeRTOS_CLI.o
 .bss.pxCommand.4788
                0x20007d08        0x4 ./Full-Demo/FreeRTOS-Plus-CLI-Source/FreeRTOS_CLI.o
 .bss.pxCommand.4754
                0x20007d0c        0x4 ./Full-Demo/FreeRTOS-Plus-CLI-Source/FreeRTOS_CLI.o
 .bss.sBlockingProducerCount
                0x20007d10        0x6 ./Full-Demo/Common-Demo-Source/BlockQ.o
 *fill*         0x20007d16        0x2 
 .bss.sLastBlockingProducerCount.5121
                0x20007d18        0x6 ./Full-Demo/Common-Demo-Source/BlockQ.o
 *fill*         0x20007d1e        0x2 
 .bss.sBlockingConsumerCount
                0x20007d20        0x6 ./Full-Demo/Common-Demo-Source/BlockQ.o
 *fill*         0x20007d26        0x2 
 .bss.sLastBlockingConsumerCount.5120
                0x20007d28        0x6 ./Full-Demo/Common-Demo-Source/BlockQ.o
 *fill*         0x20007d2e        0x2 
 .bss.ulLoopCounter2
                0x20007d30        0x4 ./Full-Demo/Common-Demo-Source/GenQTest.o
 .bss.xHighPriorityMutexTask
                0x20007d34        0x4 ./Full-Demo/Common-Demo-Source/GenQTest.o
 .bss.ulGuardedVariable
                0x20007d38        0x4 ./Full-Demo/Common-Demo-Source/GenQTest.o
 .bss.xMediumPriorityMutexTask
                0x20007d3c        0x4 ./Full-Demo/Common-Demo-Source/GenQTest.o
 .bss.ulLastLoopCounter.5146
                0x20007d40        0x4 ./Full-Demo/Common-Demo-Source/GenQTest.o
 .bss.xErrorDetected
                0x20007d44        0x4 ./Full-Demo/Common-Demo-Source/GenQTest.o
 .bss.ulLoopCounter
                0x20007d48        0x4 ./Full-Demo/Common-Demo-Source/GenQTest.o
 .bss.ulLastLoopCounter2.5147
                0x20007d4c        0x4 ./Full-Demo/Common-Demo-Source/GenQTest.o
 .bss.xPolledQueue.5087
                0x20007d50        0x4 ./Full-Demo/Common-Demo-Source/PollQ.o
 .bss.xPollingProducerCount
                0x20007d54        0x4 ./Full-Demo/Common-Demo-Source/PollQ.o
 .bss.xPollingConsumerCount
                0x20007d58        0x4 ./Full-Demo/Common-Demo-Source/PollQ.o
 .bss.xLastSecondaryCycleCount.4567
                0x20007d5c        0x4 ./Full-Demo/Common-Demo-Source/blocktim.o
 .bss.xPrimaryCycles
                0x20007d60        0x4 ./Full-Demo/Common-Demo-Source/blocktim.o
 .bss.xRunIndicator
                0x20007d64        0x4 ./Full-Demo/Common-Demo-Source/blocktim.o
 .bss.xSecondary
                0x20007d68        0x4 ./Full-Demo/Common-Demo-Source/blocktim.o
 .bss.xTestQueue
                0x20007d6c        0x4 ./Full-Demo/Common-Demo-Source/blocktim.o
 .bss.xErrorOccurred
                0x20007d70        0x4 ./Full-Demo/Common-Demo-Source/blocktim.o
 .bss.xLastPrimaryCycleCount.4566
                0x20007d74        0x4 ./Full-Demo/Common-Demo-Source/blocktim.o
 .bss.xSecondaryCycles
                0x20007d78        0x4 ./Full-Demo/Common-Demo-Source/blocktim.o
 .bss.xParameters
                0x20007d7c       0x18 ./Full-Demo/Common-Demo-Source/countsem.o
 .bss.xErrorDetected
                0x20007d94        0x4 ./Full-Demo/Common-Demo-Source/countsem.o
 .bss.uxTasksRunningNow.5001
                0x20007d98        0x4 ./Full-Demo/Common-Demo-Source/death.o
 .bss.usCreationCount
                0x20007d9c        0x2 ./Full-Demo/Common-Demo-Source/death.o
 *fill*         0x20007d9e        0x2 
 .bss.uxTasksRunningAtStart
                0x20007da0        0x4 ./Full-Demo/Common-Demo-Source/death.o
 .bss.ulValueToSend.5126
                0x20007da4        0x4 ./Full-Demo/Common-Demo-Source/dynamic.o
 .bss.usCheckVariable
                0x20007da8        0x2 ./Full-Demo/Common-Demo-Source/dynamic.o
 *fill*         0x20007daa        0x2 
 .bss.xLimitedIncrementHandle
                0x20007dac        0x4 ./Full-Demo/Common-Demo-Source/dynamic.o
 .bss.ulLastExpectedValue.5140
                0x20007db0        0x4 ./Full-Demo/Common-Demo-Source/dynamic.o
 .bss.usLastTaskCheck.5139
                0x20007db4        0x2 ./Full-Demo/Common-Demo-Source/dynamic.o
 *fill*         0x20007db6        0x2 
 .bss.xSuspendedQueueSendError
                0x20007db8        0x4 ./Full-Demo/Common-Demo-Source/dynamic.o
 .bss.ulCounter
                0x20007dbc        0x4 ./Full-Demo/Common-Demo-Source/dynamic.o
 .bss.ulExpectedValue
                0x20007dc0        0x4 ./Full-Demo/Common-Demo-Source/dynamic.o
 .bss.xSuspendedQueueReceiveError
                0x20007dc4        0x4 ./Full-Demo/Common-Demo-Source/dynamic.o
 .bss.xContinuousIncrementHandle
                0x20007dc8        0x4 ./Full-Demo/Common-Demo-Source/dynamic.o
 .bss.xTaskCheck
                0x20007dcc        0x4 ./Full-Demo/Common-Demo-Source/integer.o
 .bss.uxLastPollingCycles.4550
                0x20007dd0        0x4 ./Full-Demo/Common-Demo-Source/recmutex.o
 .bss.xBlockingTaskHandle
                0x20007dd4        0x4 ./Full-Demo/Common-Demo-Source/recmutex.o
 .bss.xControllingTaskHandle
                0x20007dd8        0x4 ./Full-Demo/Common-Demo-Source/recmutex.o
 .bss.uxPollingCycles
                0x20007ddc        0x4 ./Full-Demo/Common-Demo-Source/recmutex.o
 .bss.uxLastBlockingCycles.4549
                0x20007de0        0x4 ./Full-Demo/Common-Demo-Source/recmutex.o
 .bss.xBlockingIsSuspended
                0x20007de4        0x4 ./Full-Demo/Common-Demo-Source/recmutex.o
 .bss.xErrorOccurred
                0x20007de8        0x4 ./Full-Demo/Common-Demo-Source/recmutex.o
 .bss.uxLastControllingCycles.4548
                0x20007dec        0x4 ./Full-Demo/Common-Demo-Source/recmutex.o
 .bss.uxControllingCycles
                0x20007df0        0x4 ./Full-Demo/Common-Demo-Source/recmutex.o
 .bss.uxBlockingCycles
                0x20007df4        0x4 ./Full-Demo/Common-Demo-Source/recmutex.o
 .bss.xMutex    0x20007df8        0x4 ./Full-Demo/Common-Demo-Source/recmutex.o
 .bss.xControllingIsSuspended
                0x20007dfc        0x4 ./Full-Demo/Common-Demo-Source/recmutex.o
 .bss.sCheckVariables
                0x20007e00        0x8 ./Full-Demo/Common-Demo-Source/semtest.o
 .bss.sLastCheckVariables.5110
                0x20007e08        0x8 ./Full-Demo/Common-Demo-Source/semtest.o
 .bss.sNextCheckVariable
                0x20007e10        0x2 ./Full-Demo/Common-Demo-Source/semtest.o
 *fill*         0x20007e12        0x2 
 .bss.pxFile.6333
                0x20007e14        0x4 ./Full-Demo/File-releated-CLI-commands.o
 .bss.pxFindStruct.6357
                0x20007e18        0x4 ./Full-Demo/File-releated-CLI-commands.o
 .bss.cRAMBuffer
                0x20007e1c       0xc8 ./Full-Demo/File-system-demo.o
 .bss.lParameterNumber.5549
                0x20007ee4        0x4 ./Full-Demo/Sample-CLI-commands.o
 .bss.lParameterNumber.5560
                0x20007ee8        0x4 ./Full-Demo/Sample-CLI-commands.o
 .bss.xRxedChars
                0x20007eec        0x4 ./Full-Demo/UARTCommandConsole.o
 .bss.cLastInputString.7739
                0x20007ef0       0x32 ./Full-Demo/UARTCommandConsole.o
 *fill*         0x20007f22        0x2 
 .bss.cInputString.7738
                0x20007f24       0x32 ./Full-Demo/UARTCommandConsole.o
 *fill*         0x20007f56        0x2 
 .bss.lChangedTimerPeriodAlready.5540
                0x20007f58        0x4 ./Full-Demo/main_full.o
 .bss.xFreeBytesRemaining
                0x20007f5c        0x4 ./FreeRTOS-Source/portable/MemMang/heap_4.o
 .bss.pxEnd     0x20007f60        0x4 ./FreeRTOS-Source/portable/MemMang/heap_4.o
 .bss.xStart    0x20007f64        0x8 ./FreeRTOS-Source/portable/MemMang/heap_4.o
 .bss.ucHeap    0x20007f6c     0x61a8 ./FreeRTOS-Source/portable/MemMang/heap_4.o
 .bss.xBlockAllocatedBit
                0x2000e114        0x4 ./FreeRTOS-Source/portable/MemMang/heap_4.o
 .bss.xMinimumEverFreeBytesRemaining
                0x2000e118        0x4 ./FreeRTOS-Source/portable/MemMang/heap_4.o
 .bss.ucMaxSysCallPriority
                0x2000e11c        0x1 ./FreeRTOS-Source/portable/GCC/ARM_CM3/port.o
 *fill*         0x2000e11d        0x3 
 .bss.ulMaxPRIGROUPValue
                0x2000e120        0x4 ./FreeRTOS-Source/portable/GCC/ARM_CM3/port.o
 .bss.xPendingReadyList
                0x2000e124       0x14 ./FreeRTOS-Source/tasks.o
 .bss.uxTopReadyPriority
                0x2000e138        0x4 ./FreeRTOS-Source/tasks.o
 .bss.uxTasksDeleted
                0x2000e13c        0x4 ./FreeRTOS-Source/tasks.o
 .bss.xTickCount
                0x2000e140        0x4 ./FreeRTOS-Source/tasks.o
 .bss.pxReadyTasksLists
                0x2000e144       0x64 ./FreeRTOS-Source/tasks.o
 .bss.pxOverflowDelayedTaskList
                0x2000e1a8        0x4 ./FreeRTOS-Source/tasks.o
 .bss.xTasksWaitingTermination
                0x2000e1ac       0x14 ./FreeRTOS-Source/tasks.o
 .bss.pxDelayedTaskList
                0x2000e1c0        0x4 ./FreeRTOS-Source/tasks.o
 .bss.xSchedulerRunning
                0x2000e1c4        0x4 ./FreeRTOS-Source/tasks.o
 .bss.ulTaskSwitchedInTime
                0x2000e1c8        0x4 ./FreeRTOS-Source/tasks.o
 .bss.uxCurrentNumberOfTasks
                0x2000e1cc        0x4 ./FreeRTOS-Source/tasks.o
 .bss.pxCurrentTCB
                0x2000e1d0        0x4 ./FreeRTOS-Source/tasks.o
                0x2000e1d0                pxCurrentTCB
 .bss.uxPendedTicks
                0x2000e1d4        0x4 ./FreeRTOS-Source/tasks.o
 .bss.xSuspendedTaskList
                0x2000e1d8       0x14 ./FreeRTOS-Source/tasks.o
 .bss.xDelayedTaskList1
                0x2000e1ec       0x14 ./FreeRTOS-Source/tasks.o
 .bss.xDelayedTaskList2
                0x2000e200       0x14 ./FreeRTOS-Source/tasks.o
 .bss.uxTaskNumber
                0x2000e214        0x4 ./FreeRTOS-Source/tasks.o
 .bss.xYieldPending
                0x2000e218        0x4 ./FreeRTOS-Source/tasks.o
 .bss.uxSchedulerSuspended
                0x2000e21c        0x4 ./FreeRTOS-Source/tasks.o
 .bss.ulTotalRunTime
                0x2000e220        0x4 ./FreeRTOS-Source/tasks.o
 .bss.xNumOfOverflows
                0x2000e224        0x4 ./FreeRTOS-Source/tasks.o
 .bss.pxCurrentTimerList
                0x2000e228        0x4 ./FreeRTOS-Source/timers.o
 .bss.xActiveTimerList1
                0x2000e22c       0x14 ./FreeRTOS-Source/timers.o
 .bss.xActiveTimerList2
                0x2000e240       0x14 ./FreeRTOS-Source/timers.o
 .bss.xLastTime.5219
                0x2000e254        0x4 ./FreeRTOS-Source/timers.o
 .bss.xTimerQueue
                0x2000e258        0x4 ./FreeRTOS-Source/timers.o
 .bss.pxOverflowTimerList
                0x2000e25c        0x4 ./FreeRTOS-Source/timers.o
 .bss.ucPortState
                0x2000e260        0x1 ./ParTest.o
 *fill*         0x2000e261        0x3 
 .bss.ulOverflows.4188
                0x2000e264        0x4 ./RunTimeStatsTimer.o
 .bss.ulLastCounterValue.4187
                0x2000e268        0x4 ./RunTimeStatsTimer.o
 *(COMMON)
 COMMON         0x2000e26c       0x80 ./drivers/mss_uart/mss_uart.o
                0x2000e26c                g_mss_uart1
                0x2000e2ac                g_mss_uart0
 COMMON         0x2000e2ec      0x108 ./drivers/mss_spi/mss_spi.o
                0x2000e2ec                g_mss_spi1
                0x2000e370                g_mss_spi0
 COMMON         0x2000e3f4        0x4 ./Full-Demo/FreeRTOS-Plus-FAT-SL-Source/fat_sl/common/f_lock.o
                0x2000e3f4                fs_lock_semaphore
 COMMON         0x2000e3f8      0x4b8 ./Full-Demo/FreeRTOS-Plus-FAT-SL-Source/fat_sl/common/volume.o
                0x2000e3f8                gl_file
                0x2000e62c                gl_sector
                0x2000e82c                gl_volume
 COMMON         0x2000e8b0        0x4 ./Full-Demo/Common-Demo-Source/death.o
                0x2000e8b0                xCreatedTask
 COMMON         0x2000e8b4        0x4 ./Full-Demo/Common-Demo-Source/dynamic.o
                0x2000e8b4                xSuspendedTestQueue
                0x2000e8c0                . = ALIGN (0x10)
 *fill*         0x2000e8b8        0x8 
                0x2000e8c0                __bss_end__ = .
                0x2000e8c0                _end = .
                0x2000e8c0                __end = _end
                0x2000e8c0                _ebss = .
                0x2000e8c0                PROVIDE (end, .)

.heap           0x2000e8c0      0xb40 load address 0x60009d60
                0x2000e8c0                __heap_start__ = .
                0x2000ecc0                . = (. + MIN_SIZE_HEAP)
 *fill*         0x2000e8c0      0x400 
                0x2000f400                . = (. + (((ABSOLUTE (RAM_START_ADDRESS) + RAM_SIZE) - MAIN_STACK_SIZE) - .))
 *fill*         0x2000ecc0      0x740 
                0x2000f400                _eheap = .

.stack          0x2000f400      0xc00 load address 0x60009d60
                0x2000f400                __stack_start__ = .
                0x20010000                . = (. + MAIN_STACK_SIZE)
 *fill*         0x2000f400      0xc00 
                0x20010000                _estack = .

.stab
 *(.stab)

.stabstr
 *(.stabstr)

.debug
 *(.debug)

.line
 *(.line)

.debug_srcinfo
 *(.debug_srcinfo)

.debug_sfnames
 *(.debug_sfnames)

.debug_aranges  0x00000000     0x1330
 *(.debug_aranges)
 .debug_aranges
                0x00000000       0x20 ./hal/CortexM3/GNU/hal.o
 .debug_aranges
                0x00000020       0x20 ./hal/CortexM3/GNU/hw_reg_access.o
 .debug_aranges
                0x00000040       0x48 ./hal/CortexM3/cortex_nvic.o
 .debug_aranges
                0x00000088       0x18 ./drivers_config/sys_config/sys_config.o
 .debug_aranges
                0x000000a0       0x18 ./drivers_config/sys_config/sys_config_SERDESIF_0.o
 .debug_aranges
                0x000000b8      0x198 ./drivers/mss_uart/mss_uart.o
 .debug_aranges
                0x00000250       0xc8 ./drivers/mss_spi/mss_spi.o
 .debug_aranges
                0x00000318       0xa0 ./drivers/mss_rtc/mss_rtc.o
 .debug_aranges
                0x000003b8       0x50 ./drivers/mss_gpio/mss_gpio.o
 .debug_aranges
                0x00000408       0x38 ./drivers/mss_ethernet_mac/m88e1340_phy.o
 .debug_aranges
                0x00000440       0x80 ./drivers/mss_ethernet_mac/mss_ethernet_mac.o
 .debug_aranges
                0x000004c0       0x20 ./Full-Demo/FreeRTOS-Plus-FAT-SL-Source/psp/target/rtc/psp_rtc.o
 .debug_aranges
                0x000004e0       0x30 ./Full-Demo/FreeRTOS-Plus-FAT-SL-Source/psp/target/fat_sl/psp_test.o
 .debug_aranges
                0x00000510       0x40 ./Full-Demo/FreeRTOS-Plus-FAT-SL-Source/media-drv/ram/ramdrv_f.o
 .debug_aranges
                0x00000550       0x48 ./Full-Demo/FreeRTOS-Plus-FAT-SL-Source/fat_sl/test/test.o
 .debug_aranges
                0x00000598       0x88 ./Full-Demo/FreeRTOS-Plus-FAT-SL-Source/fat_sl/common/dir.o
 .debug_aranges
                0x00000620       0x30 ./Full-Demo/FreeRTOS-Plus-FAT-SL-Source/fat_sl/common/drv.o
 .debug_aranges
                0x00000650       0xd0 ./Full-Demo/FreeRTOS-Plus-FAT-SL-Source/fat_sl/common/f_lock.o
 .debug_aranges
                0x00000720       0x60 ./Full-Demo/FreeRTOS-Plus-FAT-SL-Source/fat_sl/common/fat.o
 .debug_aranges
                0x00000780       0xc8 ./Full-Demo/FreeRTOS-Plus-FAT-SL-Source/fat_sl/common/file.o
 .debug_aranges
                0x00000848       0x68 ./Full-Demo/FreeRTOS-Plus-FAT-SL-Source/fat_sl/common/util.o
 .debug_aranges
                0x000008b0       0x48 ./Full-Demo/FreeRTOS-Plus-FAT-SL-Source/fat_sl/common/util_sfn.o
 .debug_aranges
                0x000008f8       0x58 ./Full-Demo/FreeRTOS-Plus-FAT-SL-Source/fat_sl/common/volume.o
 .debug_aranges
                0x00000950       0x40 ./Full-Demo/FreeRTOS-Plus-CLI-Source/FreeRTOS_CLI.o
 .debug_aranges
                0x00000990       0x38 ./Full-Demo/Common-Demo-Source/BlockQ.o
 .debug_aranges
                0x000009c8       0x48 ./Full-Demo/Common-Demo-Source/GenQTest.o
 .debug_aranges
                0x00000a10       0x38 ./Full-Demo/Common-Demo-Source/PollQ.o
 .debug_aranges
                0x00000a48       0x38 ./Full-Demo/Common-Demo-Source/blocktim.o
 .debug_aranges
                0x00000a80       0x38 ./Full-Demo/Common-Demo-Source/countsem.o
 .debug_aranges
                0x00000ab8       0x38 ./Full-Demo/Common-Demo-Source/death.o
 .debug_aranges
                0x00000af0       0x50 ./Full-Demo/Common-Demo-Source/dynamic.o
 .debug_aranges
                0x00000b40       0x28 ./Full-Demo/Common-Demo-Source/flash_timer.o
 .debug_aranges
                0x00000b68       0x30 ./Full-Demo/Common-Demo-Source/integer.o
 .debug_aranges
                0x00000b98       0x40 ./Full-Demo/Common-Demo-Source/recmutex.o
 .debug_aranges
                0x00000bd8       0x30 ./Full-Demo/Common-Demo-Source/semtest.o
 .debug_aranges
                0x00000c08       0x50 ./Full-Demo/File-releated-CLI-commands.o
 .debug_aranges
                0x00000c58       0x20 ./Full-Demo/File-system-demo.o
 .debug_aranges
                0x00000c78       0x40 ./Full-Demo/Sample-CLI-commands.o
 .debug_aranges
                0x00000cb8       0x38 ./Full-Demo/UARTCommandConsole.o
 .debug_aranges
                0x00000cf0       0x28 ./Full-Demo/main_full.o
 .debug_aranges
                0x00000d18       0x48 ./FreeRTOS-Source/portable/MemMang/heap_4.o
 .debug_aranges
                0x00000d60       0x90 ./FreeRTOS-Source/portable/GCC/ARM_CM3/port.o
 .debug_aranges
                0x00000df0       0x40 ./FreeRTOS-Source/list.o
 .debug_aranges
                0x00000e30       0xe0 ./FreeRTOS-Source/queue.o
 .debug_aranges
                0x00000f10      0x1a8 ./FreeRTOS-Source/tasks.o
 .debug_aranges
                0x000010b8       0x68 ./FreeRTOS-Source/timers.o
 .debug_aranges
                0x00001120       0xa8 ./CMSIS/startup_gcc/newlib_stubs.o
 .debug_aranges
                0x000011c8       0x20 ./CMSIS/startup_gcc/startup_m2sxxx.o
 .debug_aranges
                0x000011e8       0x28 ./CMSIS/system_m2sxxx.o
 .debug_aranges
                0x00001210       0x30 ./Blinky-Demo/main_blinky.o
 .debug_aranges
                0x00001240       0x38 ./ParTest.o
 .debug_aranges
                0x00001278       0x28 ./RunTimeStatsTimer.o
 .debug_aranges
                0x000012a0       0x40 ./main.o
 .debug_aranges
                0x000012e0       0x50 ./printf-stdarg.o

.debug_pubnames
 *(.debug_pubnames)

.debug_info     0x00000000    0x2b165
 *(.debug_info .gnu.linkonce.wi.*)
 .debug_info    0x00000000       0x7f ./hal/CortexM3/GNU/hal.o
 .debug_info    0x0000007f       0x89 ./hal/CortexM3/GNU/hw_reg_access.o
 .debug_info    0x00000108      0x184 ./hal/CortexM3/cortex_nvic.o
 .debug_info    0x0000028c     0x10eb ./drivers_config/sys_config/sys_config.o
 .debug_info    0x00001377       0xdd ./drivers_config/sys_config/sys_config_SERDESIF_0.o
 .debug_info    0x00001454     0x2ab8 ./drivers/mss_uart/mss_uart.o
 .debug_info    0x00003f0c     0x1a14 ./drivers/mss_spi/mss_spi.o
 .debug_info    0x00005920     0x1436 ./drivers/mss_rtc/mss_rtc.o
 .debug_info    0x00006d56     0x1043 ./drivers/mss_gpio/mss_gpio.o
 .debug_info    0x00007d99      0x3ea ./drivers/mss_ethernet_mac/m88e1340_phy.o
 .debug_info    0x00008183     0x25c7 ./drivers/mss_ethernet_mac/mss_ethernet_mac.o
 .debug_info    0x0000a74a      0x128 ./Full-Demo/FreeRTOS-Plus-FAT-SL-Source/psp/target/rtc/psp_rtc.o
 .debug_info    0x0000a872      0x344 ./Full-Demo/FreeRTOS-Plus-FAT-SL-Source/psp/target/fat_sl/psp_test.o
 .debug_info    0x0000abb6      0x509 ./Full-Demo/FreeRTOS-Plus-FAT-SL-Source/media-drv/ram/ramdrv_f.o
 .debug_info    0x0000b0bf     0x647e ./Full-Demo/FreeRTOS-Plus-FAT-SL-Source/fat_sl/test/test.o
 .debug_info    0x0001153d     0x1543 ./Full-Demo/FreeRTOS-Plus-FAT-SL-Source/fat_sl/common/dir.o
 .debug_info    0x00012a80      0x633 ./Full-Demo/FreeRTOS-Plus-FAT-SL-Source/fat_sl/common/drv.o
 .debug_info    0x000130b3     0x1304 ./Full-Demo/FreeRTOS-Plus-FAT-SL-Source/fat_sl/common/f_lock.o
 .debug_info    0x000143b7      0xa84 ./Full-Demo/FreeRTOS-Plus-FAT-SL-Source/fat_sl/common/fat.o
 .debug_info    0x00014e3b     0x1970 ./Full-Demo/FreeRTOS-Plus-FAT-SL-Source/fat_sl/common/file.o
 .debug_info    0x000167ab      0x47a ./Full-Demo/FreeRTOS-Plus-FAT-SL-Source/fat_sl/common/util.o
 .debug_info    0x00016c25      0x51c ./Full-Demo/FreeRTOS-Plus-FAT-SL-Source/fat_sl/common/util_sfn.o
 .debug_info    0x00017141     0x13cf ./Full-Demo/FreeRTOS-Plus-FAT-SL-Source/fat_sl/common/volume.o
 .debug_info    0x00018510      0x587 ./Full-Demo/FreeRTOS-Plus-CLI-Source/FreeRTOS_CLI.o
 .debug_info    0x00018a97      0x75a ./Full-Demo/Common-Demo-Source/BlockQ.o
 .debug_info    0x000191f1      0xc97 ./Full-Demo/Common-Demo-Source/GenQTest.o
 .debug_info    0x00019e88      0x508 ./Full-Demo/Common-Demo-Source/PollQ.o
 .debug_info    0x0001a390      0x774 ./Full-Demo/Common-Demo-Source/blocktim.o
 .debug_info    0x0001ab04      0x5e0 ./Full-Demo/Common-Demo-Source/countsem.o
 .debug_info    0x0001b0e4      0x4f6 ./Full-Demo/Common-Demo-Source/death.o
 .debug_info    0x0001b5da      0x850 ./Full-Demo/Common-Demo-Source/dynamic.o
 .debug_info    0x0001be2a      0x28a ./Full-Demo/Common-Demo-Source/flash_timer.o
 .debug_info    0x0001c0b4      0x308 ./Full-Demo/Common-Demo-Source/integer.o
 .debug_info    0x0001c3bc      0x61b ./Full-Demo/Common-Demo-Source/recmutex.o
 .debug_info    0x0001c9d7      0x68a ./Full-Demo/Common-Demo-Source/semtest.o
 .debug_info    0x0001d061      0xef3 ./Full-Demo/File-releated-CLI-commands.o
 .debug_info    0x0001df54      0xefd ./Full-Demo/File-system-demo.o
 .debug_info    0x0001ee51      0x689 ./Full-Demo/Sample-CLI-commands.o
 .debug_info    0x0001f4da     0x126e ./Full-Demo/UARTCommandConsole.o
 .debug_info    0x00020748      0x526 ./Full-Demo/main_full.o
 .debug_info    0x00020c6e      0x449 ./FreeRTOS-Source/portable/MemMang/heap_4.o
 .debug_info    0x000210b7      0x3e3 ./FreeRTOS-Source/portable/GCC/ARM_CM3/port.o
 .debug_info    0x0002149a      0x2a3 ./FreeRTOS-Source/list.o
 .debug_info    0x0002173d     0x15c0 ./FreeRTOS-Source/queue.o
 .debug_info    0x00022cfd     0x2984 ./FreeRTOS-Source/tasks.o
 .debug_info    0x00025681      0xf96 ./FreeRTOS-Source/timers.o
 .debug_info    0x00026617      0x70b ./CMSIS/startup_gcc/newlib_stubs.o
 .debug_info    0x00026d22       0x8b ./CMSIS/startup_gcc/startup_m2sxxx.o
 .debug_info    0x00026dad     0x32b6 ./CMSIS/system_m2sxxx.o
 .debug_info    0x0002a063      0x490 ./Blinky-Demo/main_blinky.o
 .debug_info    0x0002a4f3      0x3f9 ./ParTest.o
 .debug_info    0x0002a8ec       0xf4 ./RunTimeStatsTimer.o
 .debug_info    0x0002a9e0      0x18d ./main.o
 .debug_info    0x0002ab6d      0x5f8 ./printf-stdarg.o

.debug_abbrev   0x00000000     0x6da8
 *(.debug_abbrev)
 .debug_abbrev  0x00000000       0x14 ./hal/CortexM3/GNU/hal.o
 .debug_abbrev  0x00000014       0x14 ./hal/CortexM3/GNU/hw_reg_access.o
 .debug_abbrev  0x00000028       0xa3 ./hal/CortexM3/cortex_nvic.o
 .debug_abbrev  0x000000cb      0x10d ./drivers_config/sys_config/sys_config.o
 .debug_abbrev  0x000001d8       0x85 ./drivers_config/sys_config/sys_config_SERDESIF_0.o
 .debug_abbrev  0x0000025d      0x3da ./drivers/mss_uart/mss_uart.o
 .debug_abbrev  0x00000637      0x360 ./drivers/mss_spi/mss_spi.o
 .debug_abbrev  0x00000997      0x39f ./drivers/mss_rtc/mss_rtc.o
 .debug_abbrev  0x00000d36      0x1f2 ./drivers/mss_gpio/mss_gpio.o
 .debug_abbrev  0x00000f28      0x17a ./drivers/mss_ethernet_mac/m88e1340_phy.o
 .debug_abbrev  0x000010a2      0x44d ./drivers/mss_ethernet_mac/mss_ethernet_mac.o
 .debug_abbrev  0x000014ef       0x97 ./Full-Demo/FreeRTOS-Plus-FAT-SL-Source/psp/target/rtc/psp_rtc.o
 .debug_abbrev  0x00001586      0x169 ./Full-Demo/FreeRTOS-Plus-FAT-SL-Source/psp/target/fat_sl/psp_test.o
 .debug_abbrev  0x000016ef      0x1ce ./Full-Demo/FreeRTOS-Plus-FAT-SL-Source/media-drv/ram/ramdrv_f.o
 .debug_abbrev  0x000018bd      0x3d4 ./Full-Demo/FreeRTOS-Plus-FAT-SL-Source/fat_sl/test/test.o
 .debug_abbrev  0x00001c91      0x398 ./Full-Demo/FreeRTOS-Plus-FAT-SL-Source/fat_sl/common/dir.o
 .debug_abbrev  0x00002029      0x1ce ./Full-Demo/FreeRTOS-Plus-FAT-SL-Source/fat_sl/common/drv.o
 .debug_abbrev  0x000021f7      0x1de ./Full-Demo/FreeRTOS-Plus-FAT-SL-Source/fat_sl/common/f_lock.o
 .debug_abbrev  0x000023d5      0x2e8 ./Full-Demo/FreeRTOS-Plus-FAT-SL-Source/fat_sl/common/fat.o
 .debug_abbrev  0x000026bd      0x3d6 ./Full-Demo/FreeRTOS-Plus-FAT-SL-Source/fat_sl/common/file.o
 .debug_abbrev  0x00002a93      0x223 ./Full-Demo/FreeRTOS-Plus-FAT-SL-Source/fat_sl/common/util.o
 .debug_abbrev  0x00002cb6      0x236 ./Full-Demo/FreeRTOS-Plus-FAT-SL-Source/fat_sl/common/util_sfn.o
 .debug_abbrev  0x00002eec      0x393 ./Full-Demo/FreeRTOS-Plus-FAT-SL-Source/fat_sl/common/volume.o
 .debug_abbrev  0x0000327f      0x229 ./Full-Demo/FreeRTOS-Plus-CLI-Source/FreeRTOS_CLI.o
 .debug_abbrev  0x000034a8      0x1af ./Full-Demo/Common-Demo-Source/BlockQ.o
 .debug_abbrev  0x00003657      0x205 ./Full-Demo/Common-Demo-Source/GenQTest.o
 .debug_abbrev  0x0000385c      0x16e ./Full-Demo/Common-Demo-Source/PollQ.o
 .debug_abbrev  0x000039ca      0x1b5 ./Full-Demo/Common-Demo-Source/blocktim.o
 .debug_abbrev  0x00003b7f      0x1cb ./Full-Demo/Common-Demo-Source/countsem.o
 .debug_abbrev  0x00003d4a      0x1d1 ./Full-Demo/Common-Demo-Source/death.o
 .debug_abbrev  0x00003f1b      0x1fb ./Full-Demo/Common-Demo-Source/dynamic.o
 .debug_abbrev  0x00004116      0x129 ./Full-Demo/Common-Demo-Source/flash_timer.o
 .debug_abbrev  0x0000423f      0x15b ./Full-Demo/Common-Demo-Source/integer.o
 .debug_abbrev  0x0000439a      0x1b0 ./Full-Demo/Common-Demo-Source/recmutex.o
 .debug_abbrev  0x0000454a      0x1c2 ./Full-Demo/Common-Demo-Source/semtest.o
 .debug_abbrev  0x0000470c      0x2e7 ./Full-Demo/File-releated-CLI-commands.o
 .debug_abbrev  0x000049f3      0x230 ./Full-Demo/File-system-demo.o
 .debug_abbrev  0x00004c23      0x1ca ./Full-Demo/Sample-CLI-commands.o
 .debug_abbrev  0x00004ded      0x394 ./Full-Demo/UARTCommandConsole.o
 .debug_abbrev  0x00005181      0x18e ./Full-Demo/main_full.o
 .debug_abbrev  0x0000530f      0x22e ./FreeRTOS-Source/portable/MemMang/heap_4.o
 .debug_abbrev  0x0000553d      0x20a ./FreeRTOS-Source/portable/GCC/ARM_CM3/port.o
 .debug_abbrev  0x00005747       0xdf ./FreeRTOS-Source/list.o
 .debug_abbrev  0x00005826      0x2bd ./FreeRTOS-Source/queue.o
 .debug_abbrev  0x00005ae3      0x457 ./FreeRTOS-Source/tasks.o
 .debug_abbrev  0x00005f3a      0x2ef ./FreeRTOS-Source/timers.o
 .debug_abbrev  0x00006229      0x225 ./CMSIS/startup_gcc/newlib_stubs.o
 .debug_abbrev  0x0000644e       0x14 ./CMSIS/startup_gcc/startup_m2sxxx.o
 .debug_abbrev  0x00006462      0x2b5 ./CMSIS/system_m2sxxx.o
 .debug_abbrev  0x00006717      0x175 ./Blinky-Demo/main_blinky.o
 .debug_abbrev  0x0000688c      0x1a6 ./ParTest.o
 .debug_abbrev  0x00006a32       0x9d ./RunTimeStatsTimer.o
 .debug_abbrev  0x00006acf       0xf6 ./main.o
 .debug_abbrev  0x00006bc5      0x1e3 ./printf-stdarg.o

.debug_line     0x00000000    0x13602
 *(.debug_line)
 .debug_line    0x00000000       0x4d ./hal/CortexM3/GNU/hal.o
 .debug_line    0x0000004d       0x8b ./hal/CortexM3/GNU/hw_reg_access.o
 .debug_line    0x000000d8      0x2aa ./hal/CortexM3/cortex_nvic.o
 .debug_line    0x00000382      0x2e1 ./drivers_config/sys_config/sys_config.o
 .debug_line    0x00000663      0x21c ./drivers_config/sys_config/sys_config_SERDESIF_0.o
 .debug_line    0x0000087f     0x1274 ./drivers/mss_uart/mss_uart.o
 .debug_line    0x00001af3      0xa12 ./drivers/mss_spi/mss_spi.o
 .debug_line    0x00002505      0x646 ./drivers/mss_rtc/mss_rtc.o
 .debug_line    0x00002b4b      0x410 ./drivers/mss_gpio/mss_gpio.o