Archive member included because of file (symbol)

c:/microsemi/softconsole_v4.0/arm-none-eabi-gcc/bin/../lib/gcc/arm-none-eabi/4.9.3/../../../../arm-none-eabi/lib/armv7-m\libg.a(lib_a-assert.o)
                              ./WebServer/httpserver-netconn.o (__assert_func)
c:/microsemi/softconsole_v4.0/arm-none-eabi-gcc/bin/../lib/gcc/arm-none-eabi/4.9.3/../../../../arm-none-eabi/lib/armv7-m\libg.a(lib_a-errno.o)
                              ./CMSIS/startup_gcc/newlib_stubs.o (__errno)
c:/microsemi/softconsole_v4.0/arm-none-eabi-gcc/bin/../lib/gcc/arm-none-eabi/4.9.3/../../../../arm-none-eabi/lib/armv7-m\libg.a(lib_a-exit.o)
                              c:/microsemi/softconsole_v4.0/arm-none-eabi-gcc/bin/../lib/gcc/arm-none-eabi/4.9.3/../../../../arm-none-eabi/lib/armv7-m/crt0.o (exit)
c:/microsemi/softconsole_v4.0/arm-none-eabi-gcc/bin/../lib/gcc/arm-none-eabi/4.9.3/../../../../arm-none-eabi/lib/armv7-m\libg.a(lib_a-fiprintf.o)
                              c:/microsemi/softconsole_v4.0/arm-none-eabi-gcc/bin/../lib/gcc/arm-none-eabi/4.9.3/../../../../arm-none-eabi/lib/armv7-m\libg.a(lib_a-assert.o) (fiprintf)
c:/microsemi/softconsole_v4.0/arm-none-eabi-gcc/bin/../lib/gcc/arm-none-eabi/4.9.3/../../../../arm-none-eabi/lib/armv7-m\libg.a(lib_a-impure.o)
                              c:/microsemi/softconsole_v4.0/arm-none-eabi-gcc/bin/../lib/gcc/arm-none-eabi/4.9.3/../../../../arm-none-eabi/lib/armv7-m\libg.a(lib_a-exit.o) (_global_impure_ptr)
c:/microsemi/softconsole_v4.0/arm-none-eabi-gcc/bin/../lib/gcc/arm-none-eabi/4.9.3/../../../../arm-none-eabi/lib/armv7-m\libg.a(lib_a-init.o)
                              c:/microsemi/softconsole_v4.0/arm-none-eabi-gcc/bin/../lib/gcc/arm-none-eabi/4.9.3/../../../../arm-none-eabi/lib/armv7-m/crt0.o (__libc_init_array)
c:/microsemi/softconsole_v4.0/arm-none-eabi-gcc/bin/../lib/gcc/arm-none-eabi/4.9.3/../../../../arm-none-eabi/lib/armv7-m\libg.a(lib_a-memcmp.o)
                              ./lwip-1.4.1/netif/etharp.o (memcmp)
c:/microsemi/softconsole_v4.0/arm-none-eabi-gcc/bin/../lib/gcc/arm-none-eabi/4.9.3/../../../../arm-none-eabi/lib/armv7-m\libg.a(lib_a-memcpy.o)
                              ./lwip-1.4.1/netif/m2sxxx_ethernetif.o (memcpy)
c:/microsemi/softconsole_v4.0/arm-none-eabi-gcc/bin/../lib/gcc/arm-none-eabi/4.9.3/../../../../arm-none-eabi/lib/armv7-m\libg.a(lib_a-memset.o)
                              c:/microsemi/softconsole_v4.0/arm-none-eabi-gcc/bin/../lib/gcc/arm-none-eabi/4.9.3/../../../../arm-none-eabi/lib/armv7-m/crt0.o (memset)
c:/microsemi/softconsole_v4.0/arm-none-eabi-gcc/bin/../lib/gcc/arm-none-eabi/4.9.3/../../../../arm-none-eabi/lib/armv7-m\libg.a(lib_a-snprintf.o)
                              ./WebServer/httpserver-netconn.o (snprintf)
c:/microsemi/softconsole_v4.0/arm-none-eabi-gcc/bin/../lib/gcc/arm-none-eabi/4.9.3/../../../../arm-none-eabi/lib/armv7-m\libg.a(lib_a-sprintf.o)
                              ./FreeRTOS/tasks.o (sprintf)
c:/microsemi/softconsole_v4.0/arm-none-eabi-gcc/bin/../lib/gcc/arm-none-eabi/4.9.3/../../../../arm-none-eabi/lib/armv7-m\libg.a(lib_a-strcat.o)
                              ./FreeRTOS/tasks.o (strcat)
c:/microsemi/softconsole_v4.0/arm-none-eabi-gcc/bin/../lib/gcc/arm-none-eabi/4.9.3/../../../../arm-none-eabi/lib/armv7-m\libg.a(lib_a-strcpy.o)
                              c:/microsemi/softconsole_v4.0/arm-none-eabi-gcc/bin/../lib/gcc/arm-none-eabi/4.9.3/../../../../arm-none-eabi/lib/armv7-m\libg.a(lib_a-strcat.o) (strcpy)
c:/microsemi/softconsole_v4.0/arm-none-eabi-gcc/bin/../lib/gcc/arm-none-eabi/4.9.3/../../../../arm-none-eabi/lib/armv7-m\libg.a(lib_a-strlen.o)
                              ./lwip-1.4.1/core/pbuf.o (strlen)
c:/microsemi/softconsole_v4.0/arm-none-eabi-gcc/bin/../lib/gcc/arm-none-eabi/4.9.3/../../../../arm-none-eabi/lib/armv7-m\libg.a(lib_a-strncpy.o)
                              ./FreeRTOS/tasks.o (strncpy)
c:/microsemi/softconsole_v4.0/arm-none-eabi-gcc/bin/../lib/gcc/arm-none-eabi/4.9.3/../../../../arm-none-eabi/lib/armv7-m\libg.a(lib_a-svfprintf.o)
                              c:/microsemi/softconsole_v4.0/arm-none-eabi-gcc/bin/../lib/gcc/arm-none-eabi/4.9.3/../../../../arm-none-eabi/lib/armv7-m\libg.a(lib_a-snprintf.o) (_svfprintf_r)
c:/microsemi/softconsole_v4.0/arm-none-eabi-gcc/bin/../lib/gcc/arm-none-eabi/4.9.3/../../../../arm-none-eabi/lib/armv7-m\libg.a(lib_a-vfiprintf.o)
                              c:/microsemi/softconsole_v4.0/arm-none-eabi-gcc/bin/../lib/gcc/arm-none-eabi/4.9.3/../../../../arm-none-eabi/lib/armv7-m\libg.a(lib_a-fiprintf.o) (_vfiprintf_r)
c:/microsemi/softconsole_v4.0/arm-none-eabi-gcc/bin/../lib/gcc/arm-none-eabi/4.9.3/../../../../arm-none-eabi/lib/armv7-m\libg.a(lib_a-wsetup.o)
                              c:/microsemi/softconsole_v4.0/arm-none-eabi-gcc/bin/../lib/gcc/arm-none-eabi/4.9.3/../../../../arm-none-eabi/lib/armv7-m\libg.a(lib_a-vfiprintf.o) (__swsetup_r)
[...]
Memory Configuration

Name             Origin             Length             Attributes
rom              0x60000000         0x00040000         xr
romMirror        0x00000000         0x00040000         xr
ram              0x20000000         0x00010000         xrw
*default*        0x00000000         0xffffffff

Linker script and memory map

LOAD c:/microsemi/softconsole_v4.0/arm-none-eabi-gcc/bin/../lib/gcc/arm-none-eabi/4.9.3/armv7-m/crti.o
LOAD c:/microsemi/softconsole_v4.0/arm-none-eabi-gcc/bin/../lib/gcc/arm-none-eabi/4.9.3/armv7-m/crtbegin.o
LOAD c:/microsemi/softconsole_v4.0/arm-none-eabi-gcc/bin/../lib/gcc/arm-none-eabi/4.9.3/../../../../arm-none-eabi/lib/armv7-m/crt0.o
LOAD ./lwip-1.4.1/port/FreeRTOS/M2SXXX/arch/GCC/lwip_cortexm_chksum.o
LOAD ./lwip-1.4.1/port/FreeRTOS/M2SXXX/sys_arch.o
LOAD ./lwip-1.4.1/netif/ppp/auth.o
LOAD ./lwip-1.4.1/netif/ppp/chap.o
LOAD ./lwip-1.4.1/netif/ppp/chpms.o
LOAD ./lwip-1.4.1/netif/ppp/fsm.o
LOAD ./lwip-1.4.1/netif/ppp/ipcp.o
LOAD ./lwip-1.4.1/netif/ppp/lcp.o
LOAD ./lwip-1.4.1/netif/ppp/magic.o
LOAD ./lwip-1.4.1/netif/ppp/md5.o
LOAD ./lwip-1.4.1/netif/ppp/pap.o
LOAD ./lwip-1.4.1/netif/ppp/ppp.o
LOAD ./lwip-1.4.1/netif/ppp/ppp_oe.o
LOAD ./lwip-1.4.1/netif/ppp/randm.o
LOAD ./lwip-1.4.1/netif/ppp/vj.o
LOAD ./lwip-1.4.1/netif/etharp.o
LOAD ./lwip-1.4.1/netif/ethernetif.o
LOAD ./lwip-1.4.1/netif/m2sxxx_ethernetif.o
LOAD ./lwip-1.4.1/netif/slipif.o
LOAD ./lwip-1.4.1/core/snmp/asn1_dec.o
LOAD ./lwip-1.4.1/core/snmp/asn1_enc.o
LOAD ./lwip-1.4.1/core/snmp/mib2.o
LOAD ./lwip-1.4.1/core/snmp/mib_structs.o
LOAD ./lwip-1.4.1/core/snmp/msg_in.o
LOAD ./lwip-1.4.1/core/snmp/msg_out.o
LOAD ./lwip-1.4.1/core/ipv4/autoip.o
LOAD ./lwip-1.4.1/core/ipv4/icmp.o
LOAD ./lwip-1.4.1/core/ipv4/igmp.o
LOAD ./lwip-1.4.1/core/ipv4/inet.o
LOAD ./lwip-1.4.1/core/ipv4/inet_chksum.o
LOAD ./lwip-1.4.1/core/ipv4/ip.o
LOAD ./lwip-1.4.1/core/ipv4/ip_addr.o
LOAD ./lwip-1.4.1/core/ipv4/ip_frag.o
LOAD ./lwip-1.4.1/core/def.o
LOAD ./lwip-1.4.1/core/dhcp.o
LOAD ./lwip-1.4.1/core/dns.o
LOAD ./lwip-1.4.1/core/init.o
LOAD ./lwip-1.4.1/core/lwip_timers.o
LOAD ./lwip-1.4.1/core/mem.o
LOAD ./lwip-1.4.1/core/memp.o
LOAD ./lwip-1.4.1/core/netif.o
LOAD ./lwip-1.4.1/core/pbuf.o
LOAD ./lwip-1.4.1/core/raw.o
LOAD ./lwip-1.4.1/core/stats.o
LOAD ./lwip-1.4.1/core/sys.o
LOAD ./lwip-1.4.1/core/tcp.o
LOAD ./lwip-1.4.1/core/tcp_in.o
LOAD ./lwip-1.4.1/core/tcp_out.o
LOAD ./lwip-1.4.1/core/udp.o
LOAD ./lwip-1.4.1/api/api_lib.o
LOAD ./lwip-1.4.1/api/api_msg.o
LOAD ./lwip-1.4.1/api/err.o
LOAD ./lwip-1.4.1/api/netbuf.o
LOAD ./lwip-1.4.1/api/netdb.o
LOAD ./lwip-1.4.1/api/netifapi.o
LOAD ./lwip-1.4.1/api/sockets.o
LOAD ./lwip-1.4.1/api/tcpip.o
LOAD ./hal/CortexM3/GNU/hal.o
LOAD ./hal/CortexM3/GNU/hw_reg_access.o
LOAD ./hal/CortexM3/cortex_nvic.o
LOAD ./drivers_config/sys_config/sys_config.o
LOAD ./drivers_config/sys_config/sys_config_SERDESIF_0.o
LOAD ./drivers/mss_uart/mss_uart.o
LOAD ./drivers/mss_spi/mss_spi.o
LOAD ./drivers/mss_rtc/mss_rtc.o
LOAD ./drivers/mss_ethernet_mac/m88e1340_phy.o
LOAD ./drivers/mss_ethernet_mac/mss_ethernet_mac.o
LOAD ./WebServer/httpserver-netconn.o
LOAD ./WebServer/mscc_logo.o
LOAD ./FreeRTOS/portable/MemMang/heap_2.o
LOAD ./FreeRTOS/portable/GCC/ARM_CM3/port.o
LOAD ./FreeRTOS/croutine.o
LOAD ./FreeRTOS/list.o
LOAD ./FreeRTOS/queue.o
LOAD ./FreeRTOS/tasks.o
LOAD ./FreeRTOS/timers.o
LOAD ./CMSIS/startup_gcc/newlib_stubs.o
LOAD ./CMSIS/startup_gcc/startup_m2sxxx.o
LOAD ./CMSIS/system_m2sxxx.o
LOAD ./main.o
LOAD ./mscc_post_hw_cfg_init.o
LOAD ./sys_cfg.o
LOAD ./uart_task.o
LOAD ./zl30362_config.o
START GROUP
LOAD c:/microsemi/softconsole_v4.0/arm-none-eabi-gcc/bin/../lib/gcc/arm-none-eabi/4.9.3/armv7-m\libgcc.a
LOAD c:/microsemi/softconsole_v4.0/arm-none-eabi-gcc/bin/../lib/gcc/arm-none-eabi/4.9.3/../../../../arm-none-eabi/lib/armv7-m\libg.a
LOAD c:/microsemi/softconsole_v4.0/arm-none-eabi-gcc/bin/../lib/gcc/arm-none-eabi/4.9.3/../../../../arm-none-eabi/lib/armv7-m\libc.a
END GROUP
LOAD c:/microsemi/softconsole_v4.0/arm-none-eabi-gcc/bin/../lib/gcc/arm-none-eabi/4.9.3/armv7-m/crtend.o
LOAD c:/microsemi/softconsole_v4.0/arm-none-eabi-gcc/bin/../lib/gcc/arm-none-eabi/4.9.3/armv7-m/crtn.o
START GROUP
LOAD c:/microsemi/softconsole_v4.0/arm-none-eabi-gcc/bin/../lib/gcc/arm-none-eabi/4.9.3/../../../../arm-none-eabi/lib/armv7-m\libc.a
LOAD c:/microsemi/softconsole_v4.0/arm-none-eabi-gcc/bin/../lib/gcc/arm-none-eabi/4.9.3/armv7-m\libgcc.a
LOAD c:/microsemi/softconsole_v4.0/arm-none-eabi-gcc/bin/../lib/gcc/arm-none-eabi/4.9.3/../../../../arm-none-eabi/lib/armv7-m\libm.a
END GROUP
                0x00000000                __DYNAMIC = 0x0
                0x20000000                RAM_START_ADDRESS = 0x20000000
                0x00010000                RAM_SIZE = 0x10000
                0x00000c00                MAIN_STACK_SIZE = 0xc00
                0x00000400                MIN_SIZE_HEAP = 0x400
                0x20010000                PROVIDE (__main_stack_start, (RAM_START_ADDRESS + RAM_SIZE))
                0x20010000                PROVIDE (_estack, __main_stack_start)
                0x00000001                PROVIDE (__mirrored_nvm, 0x1)
                0x00000000                PROVIDE (__smartfusion2_memory_remap, 0x0)

.vector_table   0x00000000      0x190 load address 0x60000000
                0x60000000                __vector_table_load = LOADADDR (.vector_table)
                0x00000000                __vector_table_start = .
                0x00000000                __vector_table_vma_base_address = .
 *(.isr_vector)
 .isr_vector    0x00000000      0x190 ./CMSIS/startup_gcc/startup_m2sxxx.o
                0x00000000                g_pfnVectors
                0x00000190                . = ALIGN (0x10)
                0x00000190                _evector_table = .

.boot_code      0x00000190      0x690 load address 0x60000190
 *(.boot_code)
 .boot_code     0x00000190      0x324 ./CMSIS/startup_gcc/startup_m2sxxx.o
                0x00000190                Reset_Handler
                0x0000037e                NMI_Handler
                0x00000380                HardFault_Handler
                0x00000382                MemManage_Handler
                0x00000384                BusFault_Handler
                0x00000386                UsageFault_Handler
                0x0000038a                DebugMon_Handler
                0x00000390                WdogWakeup_IRQHandler
                0x00000392                RTC_Wakeup_IRQHandler
                0x00000398                I2C0_IRQHandler
                0x0000039a                I2C0_SMBAlert_IRQHandler
                0x0000039c                I2C0_SMBus_IRQHandler
                0x0000039e                I2C1_IRQHandler
                0x000003a0                I2C1_SMBAlert_IRQHandler
                0x000003a2                I2C1_SMBus_IRQHandler
                0x000003aa                DMA_IRQHandler
                0x000003ac                Timer1_IRQHandler
                0x000003ae                Timer2_IRQHandler
                0x000003b0                CAN_IRQHandler
                0x000003b2                ENVM0_IRQHandler
                0x000003b4                ENVM1_IRQHandler
                0x000003b6                ComBlk_IRQHandler
                0x000003b8                USB_IRQHandler
                0x000003ba                USB_DMA_IRQHandler
                0x000003bc                PLL_Lock_IRQHandler
                0x000003be                PLL_LockLost_IRQHandler
                0x000003c0                CommSwitchError_IRQHandler
                0x000003c2                CacheError_IRQHandler
                0x000003c4                DDR_IRQHandler
                0x000003c6                HPDMA_Complete_IRQHandler
                0x000003c8                HPDMA_Error_IRQHandler
                0x000003ca                ECC_Error_IRQHandler
                0x000003cc                MDDR_IOCalib_IRQHandler
                0x000003ce                FAB_PLL_Lock_IRQHandler
                0x000003d0                FAB_PLL_LockLost_IRQHandler
                0x000003d2                FIC64_IRQHandler
                0x000003d4                FabricIrq0_IRQHandler
                0x000003d6                FabricIrq1_IRQHandler
                0x000003d8                FabricIrq2_IRQHandler
                0x000003da                FabricIrq3_IRQHandler
                0x000003dc                FabricIrq4_IRQHandler
                0x000003de                FabricIrq5_IRQHandler
                0x000003e0                FabricIrq6_IRQHandler
                0x000003e2                FabricIrq7_IRQHandler
                0x000003e4                FabricIrq8_IRQHandler
                0x000003e6                FabricIrq9_IRQHandler
                0x000003e8                FabricIrq10_IRQHandler
                0x000003ea                FabricIrq11_IRQHandler
                0x000003ec                FabricIrq12_IRQHandler
                0x000003ee                FabricIrq13_IRQHandler
                0x000003f0                FabricIrq14_IRQHandler
                0x000003f2                FabricIrq15_IRQHandler
                0x000003f4                GPIO0_IRQHandler
                0x000003f6                GPIO1_IRQHandler
                0x000003f8                GPIO2_IRQHandler
                0x000003fa                GPIO3_IRQHandler
                0x000003fc                GPIO4_IRQHandler
                0x000003fe                GPIO5_IRQHandler
                0x00000400                GPIO6_IRQHandler
                0x00000402                GPIO7_IRQHandler
                0x00000404                GPIO8_IRQHandler
                0x00000406                GPIO9_IRQHandler
                0x00000408                GPIO10_IRQHandler
                0x0000040a                GPIO11_IRQHandler
                0x0000040c                GPIO12_IRQHandler
                0x0000040e                GPIO13_IRQHandler
                0x00000410                GPIO14_IRQHandler
                0x00000412                GPIO15_IRQHandler
                0x00000414                GPIO16_IRQHandler
                0x00000416                GPIO17_IRQHandler
                0x00000418                GPIO18_IRQHandler
                0x0000041a                GPIO19_IRQHandler
                0x0000041c                GPIO20_IRQHandler
                0x0000041e                GPIO21_IRQHandler
                0x00000420                GPIO22_IRQHandler
                0x00000422                GPIO23_IRQHandler
                0x00000424                GPIO24_IRQHandler
                0x00000426                GPIO25_IRQHandler
                0x00000428                GPIO26_IRQHandler
                0x0000042a                GPIO27_IRQHandler
                0x0000042c                GPIO28_IRQHandler
                0x0000042e                GPIO29_IRQHandler
                0x00000430                GPIO30_IRQHandler
                0x00000432                GPIO31_IRQHandler
 *system_m2sxxx.o(.text*)
 .text.SystemInit
                0x000004b4      0x15c ./CMSIS/system_m2sxxx.o
                0x000004b4                SystemInit
 .text.SystemCoreClockUpdate
                0x00000610       0xf8 ./CMSIS/system_m2sxxx.o
                0x00000610                SystemCoreClockUpdate
 *sys_config.o(.rodata*)
 .rodata.g_m2s_mddr_subsys_config
                0x00000708      0x10a ./drivers_config/sys_config/sys_config.o
                0x00000708                g_m2s_mddr_subsys_config
 *fill*         0x00000812        0x2 
 .rodata.g_m2s_mddr_addr
                0x00000814        0x4 ./drivers_config/sys_config/sys_config.o
                0x00000814                g_m2s_mddr_addr
                0x00000820                . = ALIGN (0x10)
 *fill*         0x00000818        0x8 

.text           0x00000820    0x1ff10 load address 0x60000820
 CREATE_OBJECT_SYMBOLS
                0x60000820                __text_load = LOADADDR (.text)
                0x00000820                __text_start = .
 *(.text .text.* .gnu.linkonce.t.*)
 .text          0x00000820       0x5c c:/microsemi/softconsole_v4.0/arm-none-eabi-gcc/bin/../lib/gcc/arm-none-eabi/4.9.3/armv7-m/crtbegin.o
 .text          0x0000087c       0xa0 ./lwip-1.4.1/port/FreeRTOS/M2SXXX/arch/GCC/lwip_cortexm_chksum.o
                0x0000087c                lwip_cortem_chksum
 .text.sys_mbox_new
                0x0000091c       0x30 ./lwip-1.4.1/port/FreeRTOS/M2SXXX/sys_arch.o
                0x0000091c                sys_mbox_new
 .text.sys_mbox_free
                0x0000094c       0x30 ./lwip-1.4.1/port/FreeRTOS/M2SXXX/sys_arch.o
                0x0000094c                sys_mbox_free
 .text.sys_mbox_valid
                0x0000097c        0xc ./lwip-1.4.1/port/FreeRTOS/M2SXXX/sys_arch.o
                0x0000097c                sys_mbox_valid
 .text.sys_mbox_set_invalid
                0x00000988        0x8 ./lwip-1.4.1/port/FreeRTOS/M2SXXX/sys_arch.o
                0x00000988                sys_mbox_set_invalid
 .text.sys_mbox_post
                0x00000990       0x24 ./lwip-1.4.1/port/FreeRTOS/M2SXXX/sys_arch.o
                0x00000990                sys_mbox_post
 .text.sys_mbox_trypost
                0x000009b4       0x60 ./lwip-1.4.1/port/FreeRTOS/M2SXXX/sys_arch.o
                0x000009b4                sys_mbox_trypost
 .text.sys_arch_mbox_fetch
                0x00000a14       0x50 ./lwip-1.4.1/port/FreeRTOS/M2SXXX/sys_arch.o
                0x00000a14                sys_arch_mbox_fetch
 .text.sys_arch_mbox_tryfetch
                0x00000a64       0x24 ./lwip-1.4.1/port/FreeRTOS/M2SXXX/sys_arch.o
                0x00000a64                sys_arch_mbox_tryfetch
 .text.sys_sem_new
                0x00000a88       0x64 ./lwip-1.4.1/port/FreeRTOS/M2SXXX/sys_arch.o
                0x00000a88                sys_sem_new
 .text.sys_arch_sem_wait
                0x00000aec       0x40 ./lwip-1.4.1/port/FreeRTOS/M2SXXX/sys_arch.o
                0x00000aec                sys_arch_sem_wait
 .text.sys_sem_signal
                0x00000b2c        0xc ./lwip-1.4.1/port/FreeRTOS/M2SXXX/sys_arch.o
                0x00000b2c                sys_sem_signal
 .text.sys_sem_free
                0x00000b38       0x18 ./lwip-1.4.1/port/FreeRTOS/M2SXXX/sys_arch.o
                0x00000b38                sys_sem_free
 .text.sys_sem_valid
                0x00000b50        0x4 ./lwip-1.4.1/port/FreeRTOS/M2SXXX/sys_arch.o
                0x00000b50                sys_sem_valid
 .text.sys_sem_set_invalid
                0x00000b54        0x4 ./lwip-1.4.1/port/FreeRTOS/M2SXXX/sys_arch.o
                0x00000b54                sys_sem_set_invalid
 .text.sys_init
                0x00000b58        0x4 ./lwip-1.4.1/port/FreeRTOS/M2SXXX/sys_arch.o
                0x00000b58                sys_init
 .text.sys_thread_new
                0x00000b5c       0x30 ./lwip-1.4.1/port/FreeRTOS/M2SXXX/sys_arch.o
                0x00000b5c                sys_thread_new
 .text.sys_arch_protect
                0x00000b8c        0xc ./lwip-1.4.1/port/FreeRTOS/M2SXXX/sys_arch.o
                0x00000b8c                sys_arch_protect
 .text.sys_arch_unprotect
                0x00000b98        0x4 ./lwip-1.4.1/port/FreeRTOS/M2SXXX/sys_arch.o
                0x00000b98                sys_arch_unprotect
 .text.sys_arch_random
                0x00000b9c        0x8 ./lwip-1.4.1/port/FreeRTOS/M2SXXX/sys_arch.o
                0x00000b9c                sys_arch_random
 .text.etharp_send_ip
                0x00000ba4       0x64 ./lwip-1.4.1/netif/etharp.o
 .text.etharp_find_entry
                0x00000c08      0x254 ./lwip-1.4.1/netif/etharp.o
 .text.etharp_tmr
                0x00000e5c       0x68 ./lwip-1.4.1/netif/etharp.o
                0x00000e5c                etharp_tmr
 .text.etharp_cleanup_netif
                0x00000ec4       0x34 ./lwip-1.4.1/netif/etharp.o
                0x00000ec4                etharp_cleanup_netif
 .text.etharp_request
                0x00000ef8      0x160 ./lwip-1.4.1/netif/etharp.o
                0x00000ef8                etharp_request
 .text.etharp_output_to_arp_index
                0x00001058       0x94 ./lwip-1.4.1/netif/etharp.o
 .text.etharp_query
                0x000010ec      0x178 ./lwip-1.4.1/netif/etharp.o
                0x000010ec                etharp_query
 .text.etharp_output
                0x00001264      0x1d8 ./lwip-1.4.1/netif/etharp.o
                0x00001264                etharp_output
 .text.ethernet_input
                0x0000143c      0x2b8 ./lwip-1.4.1/netif/etharp.o
                0x0000143c                ethernet_input
 .text.packet_tx_complete_handler
                0x000016f4        0x8 ./lwip-1.4.1/netif/m2sxxx_ethernetif.o
 .text.low_level_output
                0x000016fc       0x5c ./lwip-1.4.1/netif/m2sxxx_ethernetif.o
 .text.mac_rx_callback
                0x00001758      0x124 ./lwip-1.4.1/netif/m2sxxx_ethernetif.o
                0x00001758                mac_rx_callback
 .text.ethernetif_init
                0x0000187c      0x10c ./lwip-1.4.1/netif/m2sxxx_ethernetif.o
                0x0000187c                ethernetif_init
 .text.ethernetif_tick
                0x00001988       0x1c ./lwip-1.4.1/netif/m2sxxx_ethernetif.o
                0x00001988                ethernetif_tick
 .text.read_mac_address
                0x000019a4       0x1c ./lwip-1.4.1/netif/m2sxxx_ethernetif.o
                0x000019a4                read_mac_address
 .text.icmp_send_response.isra.1
                0x000019c0       0xdc ./lwip-1.4.1/core/ipv4/icmp.o
 .text.icmp_input
                0x00001a9c      0x300 ./lwip-1.4.1/core/ipv4/icmp.o
                0x00001a9c                icmp_input
 .text.icmp_dest_unreach
                0x00001d9c        0xc ./lwip-1.4.1/core/ipv4/icmp.o
                0x00001d9c                icmp_dest_unreach
 .text.icmp_time_exceeded
                0x00001da8        0xc ./lwip-1.4.1/core/ipv4/icmp.o
                0x00001da8                icmp_time_exceeded
 .text.igmp_delaying_member
                0x00001db4       0x38 ./lwip-1.4.1/core/ipv4/igmp.o
 .text.igmp_lookup_group
                0x00001dec       0x50 ./lwip-1.4.1/core/ipv4/igmp.o
 .text.igmp_send
                0x00001e3c      0x104 ./lwip-1.4.1/core/ipv4/igmp.o
 .text.igmp_init
                0x00001f40       0x20 ./lwip-1.4.1/core/ipv4/igmp.o
                0x00001f40                igmp_init
 .text.igmp_start
                0x00001f60       0x38 ./lwip-1.4.1/core/ipv4/igmp.o
                0x00001f60                igmp_start
 .text.igmp_report_groups
                0x00001f98       0x28 ./lwip-1.4.1/core/ipv4/igmp.o
                0x00001f98                igmp_report_groups
 .text.igmp_lookfor_group
                0x00001fc0       0x2c ./lwip-1.4.1/core/ipv4/igmp.o
                0x00001fc0                igmp_lookfor_group
 .text.igmp_input
                0x00001fec      0x17c ./lwip-1.4.1/core/ipv4/igmp.o
                0x00001fec                igmp_input
 .text.igmp_tmr
                0x00002168       0x48 ./lwip-1.4.1/core/ipv4/igmp.o
                0x00002168                igmp_tmr
 .text.inet_chksum_pseudo
                0x000021b0       0x7c ./lwip-1.4.1/core/ipv4/inet_chksum.o
                0x000021b0                inet_chksum_pseudo
 .text.inet_chksum
                0x0000222c        0xc ./lwip-1.4.1/core/ipv4/inet_chksum.o
                0x0000222c                inet_chksum
 .text.inet_chksum_pbuf
                0x00002238       0x44 ./lwip-1.4.1/core/ipv4/inet_chksum.o
                0x00002238                inet_chksum_pbuf
 .text.ip_route
                0x0000227c       0x54 ./lwip-1.4.1/core/ipv4/ip.o
                0x0000227c                ip_route
 .text.ip_input
                0x000022d0      0x264 ./lwip-1.4.1/core/ipv4/ip.o
                0x000022d0                ip_input
 .text.ip_output_if_opt
                0x00002534      0x1ec ./lwip-1.4.1/core/ipv4/ip.o
                0x00002534                ip_output_if_opt
 .text.ip_output_if
                0x00002720       0x24 ./lwip-1.4.1/core/ipv4/ip.o
                0x00002720                ip_output_if
 .text.ip_output
                0x00002744       0x90 ./lwip-1.4.1/core/ipv4/ip.o
                0x00002744                ip_output
 .text.ip4_addr_isbroadcast
                0x000027d4       0x40 ./lwip-1.4.1/core/ipv4/ip_addr.o
                0x000027d4                ip4_addr_isbroadcast
 .text.ip_frag_free_pbuf_custom_ref
                0x00002814       0x48 ./lwip-1.4.1/core/ipv4/ip_frag.o
 .text.ip_reass_dequeue_datagram
                0x0000285c       0x68 ./lwip-1.4.1/core/ipv4/ip_frag.o
 .text.ipfrag_free_pbuf_custom
                0x000028c4       0x4c ./lwip-1.4.1/core/ipv4/ip_frag.o
 .text.ip_reass_free_complete_datagram
                0x00002910      0x190 ./lwip-1.4.1/core/ipv4/ip_frag.o
 .text.ip_reass_remove_oldest_datagram
                0x00002aa0       0x78 ./lwip-1.4.1/core/ipv4/ip_frag.o
 .text.ip_reass_tmr
                0x00002b18       0x30 ./lwip-1.4.1/core/ipv4/ip_frag.o
                0x00002b18                ip_reass_tmr
 .text.ip_reass
                0x00002b48      0x45c ./lwip-1.4.1/core/ipv4/ip_frag.o
                0x00002b48                ip_reass
 .text.ip_frag  0x00002fa4      0x1f0 ./lwip-1.4.1/core/ipv4/ip_frag.o
                0x00002fa4                ip_frag
 .text.dhcp_check
                0x00003194       0x2c ./lwip-1.4.1/core/dhcp.o
 .text.dhcp_option_byte.isra.3
                0x000031c0       0x4c ./lwip-1.4.1/core/dhcp.o
 .text.dhcp_option_short.isra.4
                0x0000320c       0x60 ./lwip-1.4.1/core/dhcp.o
 .text.dhcp_option.isra.2
                0x0000326c       0x60 ./lwip-1.4.1/core/dhcp.o
 .text.dhcp_option_long.isra.5
                0x000032cc       0x84 ./lwip-1.4.1/core/dhcp.o
 .text.dhcp_delete_msg
                0x00003350       0xc8 ./lwip-1.4.1/core/dhcp.o
 .text.dhcp_bind
                0x00003418      0x160 ./lwip-1.4.1/core/dhcp.o
 .text.dhcp_option_trailer
                0x00003578       0xe4 ./lwip-1.4.1/core/dhcp.o
 .text.dhcp_create_msg
                0x0000365c      0x238 ./lwip-1.4.1/core/dhcp.o
 .text.dhcp_rebind
                0x00003894       0xb8 ./lwip-1.4.1/core/dhcp.o
 .text.dhcp_select
                0x0000394c      0x118 ./lwip-1.4.1/core/dhcp.o
 .text.dhcp_reboot
                0x00003a64       0xd0 ./lwip-1.4.1/core/dhcp.o
 .text.dhcp_discover
                0x00003b34       0xe8 ./lwip-1.4.1/core/dhcp.o
 .text.dhcp_recv
                0x00003c1c      0x88c ./lwip-1.4.1/core/dhcp.o
 .text.dhcp_arp_reply
                0x000044a8       0xc0 ./lwip-1.4.1/core/dhcp.o
                0x000044a8                dhcp_arp_reply
 .text.dhcp_renew
                0x00004568       0xb4 ./lwip-1.4.1/core/dhcp.o
                0x00004568                dhcp_renew
 .text.dhcp_coarse_tmr
                0x0000461c       0x60 ./lwip-1.4.1/core/dhcp.o
                0x0000461c                dhcp_coarse_tmr
 .text.dhcp_release
                0x0000467c       0xb8 ./lwip-1.4.1/core/dhcp.o
                0x0000467c                dhcp_release
 .text.dhcp_fine_tmr
                0x00004734       0xa0 ./lwip-1.4.1/core/dhcp.o
                0x00004734                dhcp_fine_tmr
 .text.dhcp_stop
                0x000047d4       0xa4 ./lwip-1.4.1/core/dhcp.o
                0x000047d4                dhcp_stop
 .text.dhcp_start
                0x00004878      0x148 ./lwip-1.4.1/core/dhcp.o
                0x00004878                dhcp_start
 .text.lwip_init
                0x000049c0       0x2c ./lwip-1.4.1/core/init.o
                0x000049c0                lwip_init
 .text.sys_timeout
                0x000049ec       0xa4 ./lwip-1.4.1/core/lwip_timers.o
                0x000049ec                sys_timeout
 .text.tcp_timer_needed
                0x00004a90       0x40 ./lwip-1.4.1/core/lwip_timers.o
                0x00004a90                tcp_timer_needed
 .text.tcpip_tcp_timer
                0x00004ad0       0x38 ./lwip-1.4.1/core/lwip_timers.o
 .text.sys_timeouts_init
                0x00004b08       0x54 ./lwip-1.4.1/core/lwip_timers.o
                0x00004b08                sys_timeouts_init
 .text.igmp_timer
                0x00004b5c       0x18 ./lwip-1.4.1/core/lwip_timers.o
 .text.dhcp_timer_fine
                0x00004b74       0x1c ./lwip-1.4.1/core/lwip_timers.o
 .text.dhcp_timer_coarse
                0x00004b90       0x1c ./lwip-1.4.1/core/lwip_timers.o
 .text.arp_timer
                0x00004bac       0x1c ./lwip-1.4.1/core/lwip_timers.o
 .text.ip_reass_timer
                0x00004bc8       0x1c ./lwip-1.4.1/core/lwip_timers.o
 .text.sys_untimeout
                0x00004be4       0x48 ./lwip-1.4.1/core/lwip_timers.o
                0x00004be4                sys_untimeout
 .text.sys_timeouts_mbox_fetch
                0x00004c2c       0x6c ./lwip-1.4.1/core/lwip_timers.o
                0x00004c2c                sys_timeouts_mbox_fetch
 .text.mem_malloc
                0x00004c98       0x6c ./lwip-1.4.1/core/mem.o
                0x00004c98                mem_malloc
 .text.mem_free
                0x00004d04      0x134 ./lwip-1.4.1/core/mem.o
                0x00004d04                mem_free
 .text.memp_init
                0x00004e38       0x98 ./lwip-1.4.1/core/memp.o
                0x00004e38                memp_init
 .text.memp_malloc
                0x00004ed0       0xd4 ./lwip-1.4.1/core/memp.o
                0x00004ed0                memp_malloc
 .text.memp_free
                0x00004fa4       0x74 ./lwip-1.4.1/core/memp.o
                0x00004fa4                memp_free
 .text.netif_init
                0x00005018        0x4 ./lwip-1.4.1/core/netif.o
                0x00005018                netif_init
 .text.netif_set_ipaddr
                0x0000501c       0x68 ./lwip-1.4.1/core/netif.o
                0x0000501c                netif_set_ipaddr
 .text.netif_add
                0x00005084       0xd8 ./lwip-1.4.1/core/netif.o
                0x00005084                netif_add
 .text.netif_set_gw
                0x0000515c        0x8 ./lwip-1.4.1/core/netif.o
                0x0000515c                netif_set_gw
 .text.netif_set_netmask
                0x00005164        0x8 ./lwip-1.4.1/core/netif.o
                0x00005164                netif_set_netmask
 .text.netif_set_default
                0x0000516c        0xc ./lwip-1.4.1/core/netif.o
                0x0000516c                netif_set_default
 .text.netif_set_up
                0x00005178       0x3c ./lwip-1.4.1/core/netif.o
                0x00005178                netif_set_up
 .text.netif_set_down
                0x000051b4       0x1c ./lwip-1.4.1/core/netif.o
                0x000051b4                netif_set_down
 .text.pbuf_free_ooseq_callback
                0x000051d0       0x38 ./lwip-1.4.1/core/pbuf.o
 .text.pbuf_pool_is_empty
                0x00005208       0x3c ./lwip-1.4.1/core/pbuf.o
 .text.pbuf_alloced_custom
                0x00005244       0x90 ./lwip-1.4.1/core/pbuf.o
                0x00005244                pbuf_alloced_custom
 .text.pbuf_header
                0x000052d4      0x114 ./lwip-1.4.1/core/pbuf.o
                0x000052d4                pbuf_header
 .text.pbuf_free
                0x000053e8      0x140 ./lwip-1.4.1/core/pbuf.o
                0x000053e8                pbuf_free
 .text.pbuf_alloc
                0x00005528      0x2d4 ./lwip-1.4.1/core/pbuf.o
                0x00005528                pbuf_alloc
 .text.pbuf_realloc
                0x000057fc      0x114 ./lwip-1.4.1/core/pbuf.o
                0x000057fc                pbuf_realloc
 .text.pbuf_clen
                0x00005910       0x14 ./lwip-1.4.1/core/pbuf.o
                0x00005910                pbuf_clen
 .text.pbuf_ref
                0x00005924       0x1c ./lwip-1.4.1/core/pbuf.o
                0x00005924                pbuf_ref
 .text.pbuf_cat
                0x00005940       0xe8 ./lwip-1.4.1/core/pbuf.o
                0x00005940                pbuf_cat
 .text.pbuf_chain
                0x00005a28       0x14 ./lwip-1.4.1/core/pbuf.o
                0x00005a28                pbuf_chain
 .text.pbuf_copy
                0x00005a3c      0x20c ./lwip-1.4.1/core/pbuf.o
                0x00005a3c                pbuf_copy
 .text.pbuf_copy_partial
                0x00005c48       0xdc ./lwip-1.4.1/core/pbuf.o
                0x00005c48                pbuf_copy_partial
 .text.raw_input
                0x00005d24       0x78 ./lwip-1.4.1/core/raw.o
                0x00005d24                raw_input
 .text.raw_bind
                0x00005d9c        0xc ./lwip-1.4.1/core/raw.o
                0x00005d9c                raw_bind
 .text.raw_recv
                0x00005da8        0x8 ./lwip-1.4.1/core/raw.o
                0x00005da8                raw_recv
 .text.raw_remove
                0x00005db0       0x3c ./lwip-1.4.1/core/raw.o
                0x00005db0                raw_remove
 .text.raw_new  0x00005dec       0x2c ./lwip-1.4.1/core/raw.o
                0x00005dec                raw_new
 .text.stats_init
                0x00005e18        0x4 ./lwip-1.4.1/core/stats.o
                0x00005e18                stats_init
 .text.sys_msleep
                0x00005e1c       0x2c ./lwip-1.4.1/core/sys.o
                0x00005e1c                sys_msleep
 .text.tcp_accept_null
                0x00005e48        0x8 ./lwip-1.4.1/core/tcp.o
 .text.tcp_new_port
                0x00005e50       0x58 ./lwip-1.4.1/core/tcp.o
 .text.tcp_init
                0x00005ea8        0x4 ./lwip-1.4.1/core/tcp.o
                0x00005ea8                tcp_init
 .text.tcp_bind
                0x00005eac       0xc0 ./lwip-1.4.1/core/tcp.o
                0x00005eac                tcp_bind
 .text.tcp_listen_with_backlog
                0x00005f6c      0x104 ./lwip-1.4.1/core/tcp.o
                0x00005f6c                tcp_listen_with_backlog
 .text.tcp_update_rcv_ann_wnd
                0x00006070       0x7c ./lwip-1.4.1/core/tcp.o
                0x00006070                tcp_update_rcv_ann_wnd
 .text.tcp_recved
                0x000060ec       0xb0 ./lwip-1.4.1/core/tcp.o
                0x000060ec                tcp_recved
 .text.tcp_seg_free
                0x0000619c       0x1c ./lwip-1.4.1/core/tcp.o
                0x0000619c                tcp_seg_free
 .text.tcp_segs_free
                0x000061b8       0x14 ./lwip-1.4.1/core/tcp.o
                0x000061b8                tcp_segs_free
 .text.tcp_seg_copy
                0x000061cc       0x28 ./lwip-1.4.1/core/tcp.o
                0x000061cc                tcp_seg_copy
 .text.tcp_arg  0x000061f4        0x4 ./lwip-1.4.1/core/tcp.o
                0x000061f4                tcp_arg
 .text.tcp_recv
                0x000061f8       0x48 ./lwip-1.4.1/core/tcp.o
                0x000061f8                tcp_recv
 .text.tcp_sent
                0x00006240       0x44 ./lwip-1.4.1/core/tcp.o
                0x00006240                tcp_sent
 .text.tcp_err  0x00006284       0x48 ./lwip-1.4.1/core/tcp.o
                0x00006284                tcp_err
 .text.tcp_accept
                0x000062cc        0x4 ./lwip-1.4.1/core/tcp.o
                0x000062cc                tcp_accept
 .text.tcp_poll
                0x000062d0       0x50 ./lwip-1.4.1/core/tcp.o
                0x000062d0                tcp_poll
 .text.tcp_pcb_purge
                0x00006320       0x64 ./lwip-1.4.1/core/tcp.o
                0x00006320                tcp_pcb_purge
 .text.tcp_slowtmr
                0x00006384      0x518 ./lwip-1.4.1/core/tcp.o
                0x00006384                tcp_slowtmr
 .text.tcp_pcb_remove
                0x0000689c      0x114 ./lwip-1.4.1/core/tcp.o
                0x0000689c                tcp_pcb_remove
 .text.tcp_close_shutdown
                0x000069b0      0x1b0 ./lwip-1.4.1/core/tcp.o
 .text.tcp_close
                0x00006b60       0x14 ./lwip-1.4.1/core/tcp.o
                0x00006b60                tcp_close
 .text.tcp_recv_null
                0x00006b74       0x24 ./lwip-1.4.1/core/tcp.o
                0x00006b74                tcp_recv_null
 .text.tcp_process_refused_data
                0x00006b98       0x68 ./lwip-1.4.1/core/tcp.o
                0x00006b98                tcp_process_refused_data
 .text.tcp_fasttmr
                0x00006c00       0x70 ./lwip-1.4.1/core/tcp.o
                0x00006c00                tcp_fasttmr
 .text.tcp_tmr  0x00006c70       0x24 ./lwip-1.4.1/core/tcp.o
                0x00006c70                tcp_tmr
 .text.tcp_shutdown
                0x00006c94       0x58 ./lwip-1.4.1/core/tcp.o
                0x00006c94                tcp_shutdown
 .text.tcp_abandon
                0x00006cec      0x108 ./lwip-1.4.1/core/tcp.o
                0x00006cec                tcp_abandon
 .text.tcp_abort
                0x00006df4        0x8 ./lwip-1.4.1/core/tcp.o
                0x00006df4                tcp_abort
 .text.tcp_alloc
                0x00006dfc      0x148 ./lwip-1.4.1/core/tcp.o
                0x00006dfc                tcp_alloc
 .text.tcp_new  0x00006f44        0x8 ./lwip-1.4.1/core/tcp.o
                0x00006f44                tcp_new
 .text.tcp_eff_send_mss
                0x00006f4c       0x20 ./lwip-1.4.1/core/tcp.o
                0x00006f4c                tcp_eff_send_mss
 .text.tcp_oos_insert_segment
                0x00006f6c       0x98 ./lwip-1.4.1/core/tcp_in.o
 .text.ITM_SendChar
                0x00007004       0x28 ./lwip-1.4.1/core/tcp_in.o
 .text.tcp_parseopt.isra.1
                0x0000702c       0x74 ./lwip-1.4.1/core/tcp_in.o
 .text.tcp_receive
                0x000070a0      0xbc8 ./lwip-1.4.1/core/tcp_in.o
 .text.tcp_input
                0x00007c68      0xbe4 ./lwip-1.4.1/core/tcp_in.o
                0x00007c68                tcp_input
 .text.tcp_create_segment.isra.1
                0x0000884c       0xa4 ./lwip-1.4.1/core/tcp_out.o
 .text.tcp_pbuf_prealloc
                0x000088f0       0x94 ./lwip-1.4.1/core/tcp_out.o
 .text.tcp_output_alloc_header.constprop.2
                0x00008984       0x80 ./lwip-1.4.1/core/tcp_out.o
 .text.tcp_write
                0x00008a04      0x698 ./lwip-1.4.1/core/tcp_out.o
                0x00008a04                tcp_write
 .text.tcp_enqueue_flags
                0x0000909c      0x21c ./lwip-1.4.1/core/tcp_out.o
                0x0000909c                tcp_enqueue_flags
 .text.tcp_send_fin
                0x000092b8       0x3c ./lwip-1.4.1/core/tcp_out.o
                0x000092b8                tcp_send_fin
 .text.tcp_send_empty_ack
                0x000092f4       0x58 ./lwip-1.4.1/core/tcp_out.o
                0x000092f4                tcp_send_empty_ack
 .text.tcp_output
                0x0000934c      0x31c ./lwip-1.4.1/core/tcp_out.o
                0x0000934c                tcp_output
 .text.tcp_rst  0x00009668       0xe0 ./lwip-1.4.1/core/tcp_out.o
                0x00009668                tcp_rst
 .text.tcp_rexmit_rto
                0x00009748       0x34 ./lwip-1.4.1/core/tcp_out.o
                0x00009748                tcp_rexmit_rto
 .text.tcp_rexmit
                0x0000977c       0x4c ./lwip-1.4.1/core/tcp_out.o
                0x0000977c                tcp_rexmit
 .text.tcp_rexmit_fast
                0x000097c8       0x4c ./lwip-1.4.1/core/tcp_out.o
                0x000097c8                tcp_rexmit_fast
 .text.tcp_keepalive
                0x00009814       0x60 ./lwip-1.4.1/core/tcp_out.o
                0x00009814                tcp_keepalive
 .text.tcp_zero_window_probe
                0x00009874       0xac ./lwip-1.4.1/core/tcp_out.o
                0x00009874                tcp_zero_window_probe
 .text.udp_init
                0x00009920        0x4 ./lwip-1.4.1/core/udp.o
                0x00009920                udp_init
 .text.udp_input
                0x00009924      0x280 ./lwip-1.4.1/core/udp.o
                0x00009924                udp_input
 .text.udp_bind
                0x00009ba4      0x100 ./lwip-1.4.1/core/udp.o
                0x00009ba4                udp_bind
 .text.udp_sendto_if
                0x00009ca4      0x164 ./lwip-1.4.1/core/udp.o
                0x00009ca4                udp_sendto_if
 .text.udp_connect
                0x00009e08       0x58 ./lwip-1.4.1/core/udp.o
                0x00009e08                udp_connect
 .text.udp_recv
                0x00009e60        0x8 ./lwip-1.4.1/core/udp.o
                0x00009e60                udp_recv
 .text.udp_remove
                0x00009e68       0x3c ./lwip-1.4.1/core/udp.o
                0x00009e68                udp_remove
 .text.udp_new  0x00009ea4       0x1c ./lwip-1.4.1/core/udp.o
                0x00009ea4                udp_new
 .text.netconn_close_shutdown
                0x00009ec0       0x70 ./lwip-1.4.1/api/api_lib.o
 .text.netconn_recv_data
                0x00009f30      0x1b0 ./lwip-1.4.1/api/api_lib.o
 .text.netconn_new_with_proto_and_callback
                0x0000a0e0      0x134 ./lwip-1.4.1/api/api_lib.o
                0x0000a0e0                netconn_new_with_proto_and_callback
 .text.netconn_delete
                0x0000a214       0x28 ./lwip-1.4.1/api/api_lib.o
                0x0000a214                netconn_delete
 .text.netconn_bind
                0x0000a23c       0x70 ./lwip-1.4.1/api/api_lib.o
                0x0000a23c                netconn_bind
 .text.netconn_listen_with_backlog
                0x0000a2ac       0x6c ./lwip-1.4.1/api/api_lib.o
                0x0000a2ac                netconn_listen_with_backlog
 .text.netconn_accept
                0x0000a318      0x128 ./lwip-1.4.1/api/api_lib.o
                0x0000a318                netconn_accept
 .text.netconn_recv
                0x0000a440      0x160 ./lwip-1.4.1/api/api_lib.o
                0x0000a440                netconn_recv
 .text.netconn_write_partly
                0x0000a5a0      0x100 ./lwip-1.4.1/api/api_lib.o
                0x0000a5a0                netconn_write_partly
 .text.netconn_close
                0x0000a6a0        0x8 ./lwip-1.4.1/api/api_lib.o
                0x0000a6a0                netconn_close
 .text.recv_raw
                0x0000a6a8       0x90 ./lwip-1.4.1/api/api_msg.o
 .text.setup_tcp
                0x0000a738       0x44 ./lwip-1.4.1/api/api_msg.o
 .text.recv_udp
                0x0000a77c      0x124 ./lwip-1.4.1/api/api_msg.o
 .text.recv_tcp
                0x0000a8a0      0x12c ./lwip-1.4.1/api/api_msg.o
 .text.err_tcp  0x0000a9cc      0x144 ./lwip-1.4.1/api/api_msg.o
 .text.do_close_internal
                0x0000ab10      0x294 ./lwip-1.4.1/api/api_msg.o
 .text.do_writemore
                0x0000ada4      0x260 ./lwip-1.4.1/api/api_msg.o
 .text.poll_tcp
                0x0000b004       0x90 ./lwip-1.4.1/api/api_msg.o
 .text.sent_tcp
                0x0000b094       0x98 ./lwip-1.4.1/api/api_msg.o
 .text.do_newconn
                0x0000b12c       0x98 ./lwip-1.4.1/api/api_msg.o
                0x0000b12c                do_newconn
 .text.netconn_alloc
                0x0000b1c4       0x68 ./lwip-1.4.1/api/api_msg.o
                0x0000b1c4                netconn_alloc
 .text.netconn_free
                0x0000b22c       0xd0 ./lwip-1.4.1/api/api_msg.o
                0x0000b22c                netconn_free
 .text.netconn_drain
                0x0000b2fc       0xf4 ./lwip-1.4.1/api/api_msg.o
 .text.accept_function
                0x0000b3f0       0x9c ./lwip-1.4.1/api/api_msg.o
 .text.do_delconn
                0x0000b48c      0x164 ./lwip-1.4.1/api/api_msg.o
                0x0000b48c                do_delconn
 .text.do_bind  0x0000b5f0       0x8c ./lwip-1.4.1/api/api_msg.o
                0x0000b5f0                do_bind
 .text.do_listen
                0x0000b67c       0xb8 ./lwip-1.4.1/api/api_msg.o
                0x0000b67c                do_listen
 .text.do_recv  0x0000b734       0x4c ./lwip-1.4.1/api/api_msg.o
                0x0000b734                do_recv
 .text.do_write
                0x0000b780       0xc4 ./lwip-1.4.1/api/api_msg.o
                0x0000b780                do_write
 .text.do_close
                0x0000b844       0xe4 ./lwip-1.4.1/api/api_msg.o
                0x0000b844                do_close
 .text.netbuf_delete
                0x0000b928       0x24 ./lwip-1.4.1/api/netbuf.o
                0x0000b928                netbuf_delete
 .text.netbuf_data
                0x0000b94c       0xc4 ./lwip-1.4.1/api/netbuf.o
                0x0000b94c                netbuf_data
 .text.lwip_socket_init
                0x0000ba10        0x4 ./lwip-1.4.1/api/sockets.o
                0x0000ba10                lwip_socket_init
 .text.tcpip_thread
                0x0000ba14       0xd4 ./lwip-1.4.1/api/tcpip.o
 .text.tcpip_input
                0x0000bae8       0x48 ./lwip-1.4.1/api/tcpip.o
                0x0000bae8                tcpip_input
 .text.tcpip_callback_with_block
                0x0000bb30       0x58 ./lwip-1.4.1/api/tcpip.o
                0x0000bb30                tcpip_callback_with_block
 .text.tcpip_apimsg
                0x0000bb88       0x38 ./lwip-1.4.1/api/tcpip.o
                0x0000bb88                tcpip_apimsg
 .text.tcpip_init
                0x0000bbc0       0x7c ./lwip-1.4.1/api/tcpip.o
                0x0000bbc0                tcpip_init
 .text.default_tx_handler
                0x0000bc3c       0x9c ./drivers/mss_uart/mss_uart.o
 .text.global_init
                0x0000bcd8      0x270 ./drivers/mss_uart/mss_uart.o
 .text.MSS_UART_isr.part.0
                0x0000bf48      0x110 ./drivers/mss_uart/mss_uart.o
 .text.MSS_UART_init
                0x0000c058       0x74 ./drivers/mss_uart/mss_uart.o
                0x0000c058                MSS_UART_init
 .text.MSS_UART_polled_tx
                0x0000c0cc       0x74 ./drivers/mss_uart/mss_uart.o
                0x0000c0cc                MSS_UART_polled_tx
 .text.MSS_UART_tx_complete
                0x0000c140       0x34 ./drivers/mss_uart/mss_uart.o
                0x0000c140                MSS_UART_tx_complete
 .text.MSS_UART_get_rx
                0x0000c174       0x70 ./drivers/mss_uart/mss_uart.o
                0x0000c174                MSS_UART_get_rx
 .text.MSS_UART_enable_irq
                0x0000c1e4       0x90 ./drivers/mss_uart/mss_uart.o
                0x0000c1e4                MSS_UART_enable_irq
 .text.MSS_UART_disable_irq
                0x0000c274       0x6c ./drivers/mss_uart/mss_uart.o
                0x0000c274                MSS_UART_disable_irq
 .text.UART0_IRQHandler
                0x0000c2e0       0x1c ./drivers/mss_uart/mss_uart.o
                0x0000c2e0                UART0_IRQHandler
 .text.UART1_IRQHandler
                0x0000c2fc       0x1c ./drivers/mss_uart/mss_uart.o
                0x0000c2fc                UART1_IRQHandler
 .text.MSS_UART_set_tx_handler
                0x0000c318       0x70 ./drivers/mss_uart/mss_uart.o
                0x0000c318                MSS_UART_set_tx_handler
 .text.MSS_UART_fill_tx_fifo
                0x0000c388       0x6c ./drivers/mss_uart/mss_uart.o
                0x0000c388                MSS_UART_fill_tx_fifo
 .text.recover_from_rx_overflow
                0x0000c3f4       0xc8 ./drivers/mss_spi/mss_spi.o
 .text.fill_slave_tx_fifo
                0x0000c4bc       0x94 ./drivers/mss_spi/mss_spi.o
 .text.read_slave_rx_fifo
                0x0000c550       0x70 ./drivers/mss_spi/mss_spi.o
 .text.mss_spi_isr
                0x0000c5c0      0x194 ./drivers/mss_spi/mss_spi.o
 .text.SPI0_IRQHandler
                0x0000c754       0x1c ./drivers/mss_spi/mss_spi.o
                0x0000c754                SPI0_IRQHandler
 .text.SPI1_IRQHandler
                0x0000c770       0x1c ./drivers/mss_spi/mss_spi.o
                0x0000c770                SPI1_IRQHandler
 .text.MSS_MAC_phy_init
                0x0000c78c       0x3c ./drivers/mss_ethernet_mac/m88e1340_phy.o
                0x0000c78c                MSS_MAC_phy_init
 .text.MSS_MAC_phy_set_link_speed
                0x0000c7c8       0x78 ./drivers/mss_ethernet_mac/m88e1340_phy.o
                0x0000c7c8                MSS_MAC_phy_set_link_speed
 .text.MSS_MAC_phy_autonegotiate
                0x0000c840       0x58 ./drivers/mss_ethernet_mac/m88e1340_phy.o
                0x0000c840                MSS_MAC_phy_autonegotiate
 .text.MSS_MAC_phy_get_link_status
                0x0000c898       0x60 ./drivers/mss_ethernet_mac/m88e1340_phy.o
                0x0000c898                MSS_MAC_phy_get_link_status
 .text.MSS_MAC_write_phy_reg.part.0
                0x0000c8f8       0x20 ./drivers/mss_ethernet_mac/mss_ethernet_mac.o
 .text.MSS_MAC_cfg_struct_def_init
                0x0000c918       0x8c ./drivers/mss_ethernet_mac/mss_ethernet_mac.o
                0x0000c918                MSS_MAC_cfg_struct_def_init
 .text.MSS_MAC_write_phy_reg
                0x0000c9a4       0x18 ./drivers/mss_ethernet_mac/mss_ethernet_mac.o
                0x0000c9a4                MSS_MAC_write_phy_reg
 .text.MSS_MAC_read_phy_reg
                0x0000c9bc       0x88 ./drivers/mss_ethernet_mac/mss_ethernet_mac.o
                0x0000c9bc                MSS_MAC_read_phy_reg
 .text.MSS_MAC_init
                0x0000ca44      0x530 ./drivers/mss_ethernet_mac/mss_ethernet_mac.o
                0x0000ca44                MSS_MAC_init
 .text.MSS_MAC_get_link_status
                0x0000cf74      0x120 ./drivers/mss_ethernet_mac/mss_ethernet_mac.o
                0x0000cf74                MSS_MAC_get_link_status
 .text.MSS_MAC_read_stat
                0x0000d094       0x30 ./drivers/mss_ethernet_mac/mss_ethernet_mac.o
                0x0000d094                MSS_MAC_read_stat
 .text.MSS_MAC_clear_statistics
                0x0000d0c4       0x14 ./drivers/mss_ethernet_mac/mss_ethernet_mac.o
                0x0000d0c4                MSS_MAC_clear_statistics
 .text.MSS_MAC_receive_pkt
                0x0000d0d8       0xb8 ./drivers/mss_ethernet_mac/mss_ethernet_mac.o
                0x0000d0d8                MSS_MAC_receive_pkt
 .text.MSS_MAC_send_pkt
                0x0000d190       0xb8 ./drivers/mss_ethernet_mac/mss_ethernet_mac.o
                0x0000d190                MSS_MAC_send_pkt
 .text.EthernetMAC_IRQHandler
                0x0000d248      0x118 ./drivers/mss_ethernet_mac/mss_ethernet_mac.o
                0x0000d248                EthernetMAC_IRQHandler
 .text.MSS_MAC_set_tx_callback
                0x0000d360        0xc ./drivers/mss_ethernet_mac/mss_ethernet_mac.o
                0x0000d360                MSS_MAC_set_tx_callback
 .text.MSS_MAC_set_rx_callback
                0x0000d36c        0xc ./drivers/mss_ethernet_mac/mss_ethernet_mac.o
                0x0000d36c                MSS_MAC_set_rx_callback
 .text.http_server_netconn_thread
                0x0000d378      0x7b4 ./WebServer/httpserver-netconn.o
                0x0000d378                http_server_netconn_thread
 .text.pvPortMalloc
                0x0000db2c       0xc0 ./FreeRTOS/portable/MemMang/heap_2.o
                0x0000db2c                pvPortMalloc
 .text.vPortFree
                0x0000dbec       0x40 ./FreeRTOS/portable/MemMang/heap_2.o
                0x0000dbec                vPortFree
 .text.xPortGetFreeHeapSize
                0x0000dc2c        0xc ./FreeRTOS/portable/MemMang/heap_2.o
                0x0000dc2c                xPortGetFreeHeapSize
 .text.pxPortInitialiseStack
                0x0000dc38       0x20 ./FreeRTOS/portable/GCC/ARM_CM3/port.o
                0x0000dc38                pxPortInitialiseStack
 .text.SVC_Handler
                0x0000dc58       0x20 ./FreeRTOS/portable/GCC/ARM_CM3/port.o
                0x0000dc58                SVC_Handler
 .text.vPortStartFirstTask
                0x0000dc78       0x14 ./FreeRTOS/portable/GCC/ARM_CM3/port.o
                0x0000dc78                vPortStartFirstTask
 .text.xPortStartScheduler
                0x0000dc8c       0x54 ./FreeRTOS/portable/GCC/ARM_CM3/port.o
                0x0000dc8c                xPortStartScheduler
 .text.vPortYieldFromISR
                0x0000dce0       0x10 ./FreeRTOS/portable/GCC/ARM_CM3/port.o
                0x0000dce0                vPortYieldFromISR
 .text.vPortEnterCritical
                0x0000dcf0       0x18 ./FreeRTOS/portable/GCC/ARM_CM3/port.o
                0x0000dcf0                vPortEnterCritical
 .text.vPortExitCritical
                0x0000dd08       0x18 ./FreeRTOS/portable/GCC/ARM_CM3/port.o
                0x0000dd08                vPortExitCritical
 .text.PendSV_Handler
                0x0000dd20       0x3c ./FreeRTOS/portable/GCC/ARM_CM3/port.o
                0x0000dd20                PendSV_Handler
 .text.SysTick_Handler
                0x0000dd5c       0x24 ./FreeRTOS/portable/GCC/ARM_CM3/port.o
                0x0000dd5c                SysTick_Handler
 .text.vListInitialise
                0x0000dd80       0x18 ./FreeRTOS/list.o
                0x0000dd80                vListInitialise
 .text.vListInitialiseItem
                0x0000dd98        0x8 ./FreeRTOS/list.o
                0x0000dd98                vListInitialiseItem
 .text.vListInsertEnd
                0x0000dda0       0x1c ./FreeRTOS/list.o
                0x0000dda0                vListInsertEnd
 .text.vListInsert
                0x0000ddbc       0x3c ./FreeRTOS/list.o
                0x0000ddbc                vListInsert
 .text.vListRemove
                0x0000ddf8       0x28 ./FreeRTOS/list.o
                0x0000ddf8                vListRemove
 .text.unlikely.prvCopyDataToQueue
                0x0000de20       0x5c ./FreeRTOS/queue.o
 .text.unlikely.prvCopyDataFromQueue
                0x0000de7c       0x28 ./FreeRTOS/queue.o
 .text.prvUnlockQueue
                0x0000dea4       0x90 ./FreeRTOS/queue.o
 .text.xQueueCreate
                0x0000df34       0x60 ./FreeRTOS/queue.o
                0x0000df34                xQueueCreate
 .text.xQueueGenericSend
                0x0000df94      0x110 ./FreeRTOS/queue.o
                0x0000df94                xQueueGenericSend
 .text.xQueueGenericSendFromISR
                0x0000e0a4       0x7c ./FreeRTOS/queue.o
                0x0000e0a4                xQueueGenericSendFromISR
 .text.xQueueGenericReceive
                0x0000e120      0x148 ./FreeRTOS/queue.o
                0x0000e120                xQueueGenericReceive
 .text.uxQueueMessagesWaiting
                0x0000e268       0x20 ./FreeRTOS/queue.o
                0x0000e268                uxQueueMessagesWaiting
 .text.vQueueDelete
                0x0000e288       0x20 ./FreeRTOS/queue.o
                0x0000e288                vQueueDelete
 .text.vQueueWaitForMessageRestricted
                0x0000e2a8       0x3c ./FreeRTOS/queue.o
                0x0000e2a8                vQueueWaitForMessageRestricted
 .text.prvAddCurrentTaskToDelayedList
                0x0000e2e4       0x4c ./FreeRTOS/tasks.o
 .text.unlikely.xTaskGenericCreate.part.2
                0x0000e330      0x1b4 ./FreeRTOS/tasks.o
 .text.vTaskSwitchContext.part.5
                0x0000e4e4      0x118 ./FreeRTOS/tasks.o
 .text.xTaskGenericCreate
                0x0000e5fc       0x30 ./FreeRTOS/tasks.o
                0x0000e5fc                xTaskGenericCreate
 .text.vTaskStartScheduler
                0x0000e62c       0x68 ./FreeRTOS/tasks.o
                0x0000e62c                vTaskStartScheduler
 .text.vTaskSuspendAll
                0x0000e694       0x10 ./FreeRTOS/tasks.o
                0x0000e694                vTaskSuspendAll
 .text.xTaskGetTickCount
                0x0000e6a4       0x18 ./FreeRTOS/tasks.o
                0x0000e6a4                xTaskGetTickCount
 .text.vTaskIncrementTick
                0x0000e6bc      0x120 ./FreeRTOS/tasks.o
                0x0000e6bc                vTaskIncrementTick
 .text.xTaskResumeAll
                0x0000e7dc       0xd8 ./FreeRTOS/tasks.o
                0x0000e7dc                xTaskResumeAll
 .text.vTaskDelay
                0x0000e8b4       0x44 ./FreeRTOS/tasks.o
                0x0000e8b4                vTaskDelay
 .text.prvIdleTask
                0x0000e8f8       0x90 ./FreeRTOS/tasks.o
 .text.vTaskSwitchContext
                0x0000e988       0x1c ./FreeRTOS/tasks.o
                0x0000e988                vTaskSwitchContext
 .text.vTaskPlaceOnEventList
                0x0000e9a4       0x50 ./FreeRTOS/tasks.o
                0x0000e9a4                vTaskPlaceOnEventList
 .text.vTaskPlaceOnEventListRestricted
                0x0000e9f4       0x38 ./FreeRTOS/tasks.o
                0x0000e9f4                vTaskPlaceOnEventListRestricted
 .text.xTaskRemoveFromEventList
                0x0000ea2c       0x78 ./FreeRTOS/tasks.o
                0x0000ea2c                xTaskRemoveFromEventList
 .text.vTaskSetTimeOutState
                0x0000eaa4       0x24 ./FreeRTOS/tasks.o
                0x0000eaa4                vTaskSetTimeOutState
 .text.xTaskCheckForTimeOut
                0x0000eac8       0x90 ./FreeRTOS/tasks.o
                0x0000eac8                xTaskCheckForTimeOut
 .text.vTaskMissedYield
                0x0000eb58        0xc ./FreeRTOS/tasks.o
                0x0000eb58                vTaskMissedYield
 .text.xTaskGetCurrentTaskHandle
                0x0000eb64        0xc ./FreeRTOS/tasks.o
                0x0000eb64                xTaskGetCurrentTaskHandle
 .text.xTaskGetSchedulerState
                0x0000eb70       0x1c ./FreeRTOS/tasks.o
                0x0000eb70                xTaskGetSchedulerState
 .text.vTaskPriorityInherit
                0x0000eb8c       0x74 ./FreeRTOS/tasks.o
                0x0000eb8c                vTaskPriorityInherit
 .text.vTaskPriorityDisinherit
                0x0000ec00       0x4c ./FreeRTOS/tasks.o
                0x0000ec00                vTaskPriorityDisinherit
 .text.prvCheckForValidListAndQueue
                0x0000ec4c       0x54 ./FreeRTOS/timers.o
 .text.prvInsertTimerInActiveList
                0x0000eca0       0x44 ./FreeRTOS/timers.o
 .text.xTimerCreateTimerTask
                0x0000ece4       0x44 ./FreeRTOS/timers.o
                0x0000ece4                xTimerCreateTimerTask
 .text.xTimerGenericCommand
                0x0000ed28       0x50 ./FreeRTOS/timers.o
                0x0000ed28                xTimerGenericCommand
 .text.prvSwitchTimerLists.isra.1
                0x0000ed78       0x84 ./FreeRTOS/timers.o
 .text.prvTimerTask
                0x0000edfc      0x180 ./FreeRTOS/timers.o
 .text._close   0x0000ef7c        0x8 ./CMSIS/startup_gcc/newlib_stubs.o
                0x0000ef7c                _close
 .text._exit    0x0000ef84        0x4 ./CMSIS/startup_gcc/newlib_stubs.o
                0x0000ef84                _exit
 .text._fstat   0x0000ef88        0xc ./CMSIS/startup_gcc/newlib_stubs.o
                0x0000ef88                _fstat
 .text._getpid  0x0000ef94        0x4 ./CMSIS/startup_gcc/newlib_stubs.o
                0x0000ef94                _getpid
 .text._isatty  0x0000ef98        0x4 ./CMSIS/startup_gcc/newlib_stubs.o
                0x0000ef98                _isatty
 .text._kill    0x0000ef9c       0x10 ./CMSIS/startup_gcc/newlib_stubs.o
                0x0000ef9c                _kill
 .text._lseek   0x0000efac        0x4 ./CMSIS/startup_gcc/newlib_stubs.o
                0x0000efac                _lseek
 .text._read    0x0000efb0        0x4 ./CMSIS/startup_gcc/newlib_stubs.o
                0x0000efb0                _read
 .text._write_r
                0x0000efb4        0x4 ./CMSIS/startup_gcc/newlib_stubs.o
                0x0000efb4                _write_r
 .text._sbrk    0x0000efb8       0x38 ./CMSIS/startup_gcc/newlib_stubs.o
                0x0000efb8                _sbrk
 .text.prvEthernetConfigureInterface
                0x0000eff0       0x4c ./main.o
 .text.prvLinkStatusTask
                0x0000f03c       0x60 ./main.o
                0x0000f03c                prvLinkStatusTask
 .text.startup.main
                0x0000f09c      0x1e4 ./main.o
                0x0000f09c                main
 .text.vApplicationMallocFailedHook
                0x0000f280        0x4 ./main.o
                0x0000f280                vApplicationMallocFailedHook
 .text.vApplicationStackOverflowHook
                0x0000f284        0xc ./main.o
                0x0000f284                vApplicationStackOverflowHook
 .text.vApplicationIdleHook
                0x0000f290       0x14 ./main.o
                0x0000f290                vApplicationIdleHook
 .text.vMainConfigureTimerForRunTimeStats
                0x0000f2a4       0x64 ./main.o
                0x0000f2a4                vMainConfigureTimerForRunTimeStats
 .text.ulGetRunTimeCounterValue
                0x0000f308       0x28 ./main.o
                0x0000f308                ulGetRunTimeCounterValue
 .text.get_ip_address
                0x0000f330        0xc ./main.o
                0x0000f330                get_ip_address
 .text.get_mac_address
                0x0000f33c       0x18 ./main.o
                0x0000f33c                get_mac_address
 .text.mscc_post_hw_cfg_init
                0x0000f354        0x4 ./mscc_post_hw_cfg_init.o
                0x0000f354                mscc_post_hw_cfg_init
 .text.sys_cfg_get_mac_address
                0x0000f358       0x24 ./sys_cfg.o
                0x0000f358                sys_cfg_get_mac_address
 .text.get_user_eth_speed_choice
                0x0000f37c       0x4c ./sys_cfg.o
                0x0000f37c                get_user_eth_speed_choice
 .text.set_user_eth_speed_choice
                0x0000f3c8       0x34 ./sys_cfg.o
                0x0000f3c8                set_user_eth_speed_choice
 .text.display_reset_msg
                0x0000f3fc       0x20 ./uart_task.o
 .text.uart_tx_handler
                0x0000f41c       0x4c ./uart_task.o
 .text.send_msg
                0x0000f468       0x5c ./uart_task.o
 .text.prvUARTTask
                0x0000f4c4      0x250 ./uart_task.o
                0x0000f4c4                prvUARTTask
 .text.__assert_func
                0x0000f714       0x3c c:/microsemi/softconsole_v4.0/arm-none-eabi-gcc/bin/../lib/gcc/arm-none-eabi/4.9.3/../../../../arm-none-eabi/lib/armv7-m\libg.a(lib_a-assert.o)
                0x0000f714                __assert_func
 .text.__errno  0x0000f750        0xc c:/microsemi/softconsole_v4.0/arm-none-eabi-gcc/bin/../lib/gcc/arm-none-eabi/4.9.3/../../../../arm-none-eabi/lib/armv7-m\libg.a(lib_a-errno.o)
                0x0000f750                __errno
 .text.fiprintf
                0x0000f75c       0x28 c:/microsemi/softconsole_v4.0/arm-none-eabi-gcc/bin/../lib/gcc/arm-none-eabi/4.9.3/../../../../arm-none-eabi/lib/armv7-m\libg.a(lib_a-fiprintf.o)
                0x0000f75c                fiprintf
 .text.__libc_init_array
                0x0000f784       0x50 c:/microsemi/softconsole_v4.0/arm-none-eabi-gcc/bin/../lib/gcc/arm-none-eabi/4.9.3/../../../../arm-none-eabi/lib/armv7-m\libg.a(lib_a-init.o)
                0x0000f784                __libc_init_array
 .text.memcmp   0x0000f7d4       0x64 c:/microsemi/softconsole_v4.0/arm-none-eabi-gcc/bin/../lib/gcc/arm-none-eabi/4.9.3/../../../../arm-none-eabi/lib/armv7-m\libg.a(lib_a-memcmp.o)
                0x0000f7d4                memcmp
 .text          0x0000f838       0xec c:/microsemi/softconsole_v4.0/arm-none-eabi-gcc/bin/../lib/gcc/arm-none-eabi/4.9.3/../../../../arm-none-eabi/lib/armv7-m\libg.a(lib_a-memcpy.o)
                0x0000f838                memcpy
 .text.memset   0x0000f924       0x9c c:/microsemi/softconsole_v4.0/arm-none-eabi-gcc/bin/../lib/gcc/arm-none-eabi/4.9.3/../../../../arm-none-eabi/lib/armv7-m\libg.a(lib_a-memset.o)
                0x0000f924                memset
 .text.snprintf
                0x0000f9c0       0x98 c:/microsemi/softconsole_v4.0/arm-none-eabi-gcc/bin/../lib/gcc/arm-none-eabi/4.9.3/../../../../arm-none-eabi/lib/armv7-m\libg.a(lib_a-snprintf.o)
                0x0000f9c0                snprintf
 .text.strlen   0x0000fa58       0x5c c:/microsemi/softconsole_v4.0/arm-none-eabi-gcc/bin/../lib/gcc/arm-none-eabi/4.9.3/../../../../arm-none-eabi/lib/armv7-m\libg.a(lib_a-strlen.o)
                0x0000fa58                strlen
 .text.strncpy  0x0000fab4       0x68 c:/microsemi/softconsole_v4.0/arm-none-eabi-gcc/bin/../lib/gcc/arm-none-eabi/4.9.3/../../../../arm-none-eabi/lib/armv7-m\libg.a(lib_a-strncpy.o)
                0x0000fab4                strncpy
 .text._svfprintf_r
                0x0000fb1c     0x14f4 c:/microsemi/softconsole_v4.0/arm-none-eabi-gcc/bin/../lib/gcc/arm-none-eabi/4.9.3/../../../../arm-none-eabi/lib/armv7-m\libg.a(lib_a-svfprintf.o)
                0x0000fb1c                _svfprintf_r
 .text.__sprint_r.part.0
                0x00011010       0x78 c:/microsemi/softconsole_v4.0/arm-none-eabi-gcc/bin/../lib/gcc/arm-none-eabi/4.9.3/../../../../arm-none-eabi/lib/armv7-m\libg.a(lib_a-vfiprintf.o)
 .text._vfiprintf_r
                0x00011088      0xc10 c:/microsemi/softconsole_v4.0/arm-none-eabi-gcc/bin/../lib/gcc/arm-none-eabi/4.9.3/../../../../arm-none-eabi/lib/armv7-m\libg.a(lib_a-vfiprintf.o)
                0x00011088                _vfiprintf_r
 .text.__sbprintf
                0x00011c98       0x7c c:/microsemi/softconsole_v4.0/arm-none-eabi-gcc/bin/../lib/gcc/arm-none-eabi/4.9.3/../../../../arm-none-eabi/lib/armv7-m\libg.a(lib_a-vfiprintf.o)
 .text.__swsetup_r
                0x00011d14       0xc4 c:/microsemi/softconsole_v4.0/arm-none-eabi-gcc/bin/../lib/gcc/arm-none-eabi/4.9.3/../../../../arm-none-eabi/lib/armv7-m\libg.a(lib_a-wsetup.o)
                0x00011d14                __swsetup_r
 .text.startup.register_fini
                0x00011dd8       0x14 c:/microsemi/softconsole_v4.0/arm-none-eabi-gcc/bin/../lib/gcc/arm-none-eabi/4.9.3/../../../../arm-none-eabi/lib/armv7-m\libg.a(lib_a-__call_atexit.o)
 .text.abort    0x00011dec       0x10 c:/microsemi/softconsole_v4.0/arm-none-eabi-gcc/bin/../lib/gcc/arm-none-eabi/4.9.3/../../../../arm-none-eabi/lib/armv7-m\libg.a(lib_a-abort.o)
                0x00011dec                abort
 .text.atexit   0x00011dfc        0xc c:/microsemi/softconsole_v4.0/arm-none-eabi-gcc/bin/../lib/gcc/arm-none-eabi/4.9.3/../../../../arm-none-eabi/lib/armv7-m\libg.a(lib_a-atexit.o)
                0x00011dfc                atexit
 .text.quorem   0x00011e08      0x130 c:/microsemi/softconsole_v4.0/arm-none-eabi-gcc/bin/../lib/gcc/arm-none-eabi/4.9.3/../../../../arm-none-eabi/lib/armv7-m\libg.a(lib_a-dtoa.o)
 .text._dtoa_r  0x00011f38      0xea4 c:/microsemi/softconsole_v4.0/arm-none-eabi-gcc/bin/../lib/gcc/arm-none-eabi/4.9.3/../../../../arm-none-eabi/lib/armv7-m\libg.a(lib_a-dtoa.o)
                0x00011f38                _dtoa_r
 .text.__sflush_r
                0x00012ddc      0x148 c:/microsemi/softconsole_v4.0/arm-none-eabi-gcc/bin/../lib/gcc/arm-none-eabi/4.9.3/../../../../arm-none-eabi/lib/armv7-m\libg.a(lib_a-fflush.o)
                0x00012ddc                __sflush_r
 .text._fflush_r
                0x00012f24       0x2c c:/microsemi/softconsole_v4.0/arm-none-eabi-gcc/bin/../lib/gcc/arm-none-eabi/4.9.3/../../../../arm-none-eabi/lib/armv7-m\libg.a(lib_a-fflush.o)
                0x00012f24                _fflush_r
 .text._cleanup_r
                0x00012f50        0xc c:/microsemi/softconsole_v4.0/arm-none-eabi-gcc/bin/../lib/gcc/arm-none-eabi/4.9.3/../../../../arm-none-eabi/lib/armv7-m\libg.a(lib_a-findfp.o)
                0x00012f50                _cleanup_r
 .text.__sinit.part.1
                0x00012f5c       0xf0 c:/microsemi/softconsole_v4.0/arm-none-eabi-gcc/bin/../lib/gcc/arm-none-eabi/4.9.3/../../../../arm-none-eabi/lib/armv7-m\libg.a(lib_a-findfp.o)
 .text.__sinit  0x0001304c        0xc c:/microsemi/softconsole_v4.0/arm-none-eabi-gcc/bin/../lib/gcc/arm-none-eabi/4.9.3/../../../../arm-none-eabi/lib/armv7-m\libg.a(lib_a-findfp.o)
                0x0001304c                __sinit
 .text.__sfp_lock_acquire
                0x00013058        0x4 c:/microsemi/softconsole_v4.0/arm-none-eabi-gcc/bin/../lib/gcc/arm-none-eabi/4.9.3/../../../../arm-none-eabi/lib/armv7-m\libg.a(lib_a-findfp.o)
                0x00013058                __sfp_lock_acquire
 .text.__sfp_lock_release
                0x0001305c        0x4 c:/microsemi/softconsole_v4.0/arm-none-eabi-gcc/bin/../lib/gcc/arm-none-eabi/4.9.3/../../../../arm-none-eabi/lib/armv7-m\libg.a(lib_a-findfp.o)
                0x0001305c                __sfp_lock_release
 .text.__libc_fini_array
                0x00013060       0x2c c:/microsemi/softconsole_v4.0/arm-none-eabi-gcc/bin/../lib/gcc/arm-none-eabi/4.9.3/../../../../arm-none-eabi/lib/armv7-m\libg.a(lib_a-fini.o)
                0x00013060                __libc_fini_array
 .text.__fputwc
                0x0001308c       0xb0 c:/microsemi/softconsole_v4.0/arm-none-eabi-gcc/bin/../lib/gcc/arm-none-eabi/4.9.3/../../../../arm-none-eabi/lib/armv7-m\libg.a(lib_a-fputwc.o)
                0x0001308c                __fputwc
 .text._fputwc_r
                0x0001313c       0x24 c:/microsemi/softconsole_v4.0/arm-none-eabi-gcc/bin/../lib/gcc/arm-none-eabi/4.9.3/../../../../arm-none-eabi/lib/armv7-m\libg.a(lib_a-fputwc.o)
                0x0001313c                _fputwc_r
 .text._malloc_trim_r
                0x00013160       0x9c c:/microsemi/softconsole_v4.0/arm-none-eabi-gcc/bin/../lib/gcc/arm-none-eabi/4.9.3/../../../../arm-none-eabi/lib/armv7-m\libg.a(lib_a-freer.o)
                0x00013160                _malloc_trim_r
 .text._free_r  0x000131fc      0x1b0 c:/microsemi/softconsole_v4.0/arm-none-eabi-gcc/bin/../lib/gcc/arm-none-eabi/4.9.3/../../../../arm-none-eabi/lib/armv7-m\libg.a(lib_a-freer.o)
                0x000131fc                _free_r
 .text.__sfvwrite_r
                0x000133ac      0x320 c:/microsemi/softconsole_v4.0/arm-none-eabi-gcc/bin/../lib/gcc/arm-none-eabi/4.9.3/../../../../arm-none-eabi/lib/armv7-m\libg.a(lib_a-fvwrite.o)
                0x000133ac                __sfvwrite_r
 .text._fwalk_reent
                0x000136cc       0x50 c:/microsemi/softconsole_v4.0/arm-none-eabi-gcc/bin/../lib/gcc/arm-none-eabi/4.9.3/../../../../arm-none-eabi/lib/armv7-m\libg.a(lib_a-fwalk.o)
                0x000136cc                _fwalk_reent
 .text.__locale_charset
                0x0001371c        0x8 c:/microsemi/softconsole_v4.0/arm-none-eabi-gcc/bin/../lib/gcc/arm-none-eabi/4.9.3/../../../../arm-none-eabi/lib/armv7-m\libg.a(lib_a-locale.o)
                0x0001371c                __locale_charset
 .text.__locale_mb_cur_max
                0x00013724        0xc c:/microsemi/softconsole_v4.0/arm-none-eabi-gcc/bin/../lib/gcc/arm-none-eabi/4.9.3/../../../../arm-none-eabi/lib/armv7-m\libg.a(lib_a-locale.o)
                0x00013724                __locale_mb_cur_max
 .text._localeconv_r
                0x00013730        0x8 c:/microsemi/softconsole_v4.0/arm-none-eabi-gcc/bin/../lib/gcc/arm-none-eabi/4.9.3/../../../../arm-none-eabi/lib/armv7-m\libg.a(lib_a-locale.o)
                0x00013730                _localeconv_r
 .text.__smakebuf_r
                0x00013738       0xe0 c:/microsemi/softconsole_v4.0/arm-none-eabi-gcc/bin/../lib/gcc/arm-none-eabi/4.9.3/../../../../arm-none-eabi/lib/armv7-m\libg.a(lib_a-makebuf.o)
                0x00013738                __smakebuf_r
 .text._malloc_r
                0x00013818      0x50c c:/microsemi/softconsole_v4.0/arm-none-eabi-gcc/bin/../lib/gcc/arm-none-eabi/4.9.3/../../../../arm-none-eabi/lib/armv7-m\libg.a(lib_a-mallocr.o)
                0x00013818                _malloc_r
 .text.memchr   0x00013d24       0x94 c:/microsemi/softconsole_v4.0/arm-none-eabi-gcc/bin/../lib/gcc/arm-none-eabi/4.9.3/../../../../arm-none-eabi/lib/armv7-m\libg.a(lib_a-memchr.o)
                0x00013d24                memchr
 .text.memmove  0x00013db8       0xc8 c:/microsemi/softconsole_v4.0/arm-none-eabi-gcc/bin/../lib/gcc/arm-none-eabi/4.9.3/../../../../arm-none-eabi/lib/armv7-m\libg.a(lib_a-memmove.o)
                0x00013db8                memmove
 .text.__malloc_lock
                0x00013e80        0x4 c:/microsemi/softconsole_v4.0/arm-none-eabi-gcc/bin/../lib/gcc/arm-none-eabi/4.9.3/../../../../arm-none-eabi/lib/armv7-m\libg.a(lib_a-mlock.o)
                0x00013e80                __malloc_lock
 .text.__malloc_unlock
                0x00013e84        0x4 c:/microsemi/softconsole_v4.0/arm-none-eabi-gcc/bin/../lib/gcc/arm-none-eabi/4.9.3/../../../../arm-none-eabi/lib/armv7-m\libg.a(lib_a-mlock.o)
                0x00013e84                __malloc_unlock
 .text._Balloc  0x00013e88       0x50 c:/microsemi/softconsole_v4.0/arm-none-eabi-gcc/bin/../lib/gcc/arm-none-eabi/4.9.3/../../../../arm-none-eabi/lib/armv7-m\libg.a(lib_a-mprec.o)
                0x00013e88                _Balloc
 .text._Bfree   0x00013ed8       0x14 c:/microsemi/softconsole_v4.0/arm-none-eabi-gcc/bin/../lib/gcc/arm-none-eabi/4.9.3/../../../../arm-none-eabi/lib/armv7-m\libg.a(lib_a-mprec.o)
                0x00013ed8                _Bfree
 .text.__multadd
                0x00013eec       0x84 c:/microsemi/softconsole_v4.0/arm-none-eabi-gcc/bin/../lib/gcc/arm-none-eabi/4.9.3/../../../../arm-none-eabi/lib/armv7-m\libg.a(lib_a-mprec.o)
                0x00013eec                __multadd
 .text.__hi0bits
                0x00013f70       0x40 c:/microsemi/softconsole_v4.0/arm-none-eabi-gcc/bin/../lib/gcc/arm-none-eabi/4.9.3/../../../../arm-none-eabi/lib/armv7-m\libg.a(lib_a-mprec.o)
                0x00013f70                __hi0bits
 .text.__lo0bits
                0x00013fb0       0x5c c:/microsemi/softconsole_v4.0/arm-none-eabi-gcc/bin/../lib/gcc/arm-none-eabi/4.9.3/../../../../arm-none-eabi/lib/armv7-m\libg.a(lib_a-mprec.o)
                0x00013fb0                __lo0bits
 .text.__i2b    0x0001400c       0x14 c:/microsemi/softconsole_v4.0/arm-none-eabi-gcc/bin/../lib/gcc/arm-none-eabi/4.9.3/../../../../arm-none-eabi/lib/armv7-m\libg.a(lib_a-mprec.o)
                0x0001400c                __i2b
 .text.__multiply
                0x00014020      0x140 c:/microsemi/softconsole_v4.0/arm-none-eabi-gcc/bin/../lib/gcc/arm-none-eabi/4.9.3/../../../../arm-none-eabi/lib/armv7-m\libg.a(lib_a-mprec.o)
                0x00014020                __multiply
 .text.__pow5mult
                0x00014160       0xa0 c:/microsemi/softconsole_v4.0/arm-none-eabi-gcc/bin/../lib/gcc/arm-none-eabi/4.9.3/../../../../arm-none-eabi/lib/armv7-m\libg.a(lib_a-mprec.o)
                0x00014160                __pow5mult
 .text.__lshift
                0x00014200       0xb0 c:/microsemi/softconsole_v4.0/arm-none-eabi-gcc/bin/../lib/gcc/arm-none-eabi/4.9.3/../../../../arm-none-eabi/lib/armv7-m\libg.a(lib_a-mprec.o)
                0x00014200                __lshift
 .text.__mcmp   0x000142b0       0x48 c:/microsemi/softconsole_v4.0/arm-none-eabi-gcc/bin/../lib/gcc/arm-none-eabi/4.9.3/../../../../arm-none-eabi/lib/armv7-m\libg.a(lib_a-mprec.o)
                0x000142b0                __mcmp
 .text.__mdiff  0x000142f8       0xe4 c:/microsemi/softconsole_v4.0/arm-none-eabi-gcc/bin/../lib/gcc/arm-none-eabi/4.9.3/../../../../arm-none-eabi/lib/armv7-m\libg.a(lib_a-mprec.o)
                0x000142f8                __mdiff
 .text.__d2b    0x000143dc       0xa8 c:/microsemi/softconsole_v4.0/arm-none-eabi-gcc/bin/../lib/gcc/arm-none-eabi/4.9.3/../../../../arm-none-eabi/lib/armv7-m\libg.a(lib_a-mprec.o)
                0x000143dc                __d2b
 .text._realloc_r
                0x00014484      0x3e0 c:/microsemi/softconsole_v4.0/arm-none-eabi-gcc/bin/../lib/gcc/arm-none-eabi/4.9.3/../../../../arm-none-eabi/lib/armv7-m\libg.a(lib_a-reallocr.o)
                0x00014484                _realloc_r
 .text.__fpclassifyd
                0x00014864       0x58 c:/microsemi/softconsole_v4.0/arm-none-eabi-gcc/bin/../lib/gcc/arm-none-eabi/4.9.3/../../../../arm-none-eabi/lib/armv7-m\libg.a(lib_a-s_fpclassify.o)
                0x00014864                __fpclassifyd
 .text._sbrk_r  0x000148bc       0x24 c:/microsemi/softconsole_v4.0/arm-none-eabi-gcc/bin/../lib/gcc/arm-none-eabi/4.9.3/../../../../arm-none-eabi/lib/armv7-m\libg.a(lib_a-sbrkr.o)
                0x000148bc                _sbrk_r
 .text._raise_r
                0x000148e0       0x58 c:/microsemi/softconsole_v4.0/arm-none-eabi-gcc/bin/../lib/gcc/arm-none-eabi/4.9.3/../../../../arm-none-eabi/lib/armv7-m\libg.a(lib_a-signal.o)
                0x000148e0                _raise_r
 .text.raise    0x00014938       0x10 c:/microsemi/softconsole_v4.0/arm-none-eabi-gcc/bin/../lib/gcc/arm-none-eabi/4.9.3/../../../../arm-none-eabi/lib/armv7-m\libg.a(lib_a-signal.o)
                0x00014938                raise
 .text._kill_r  0x00014948       0x28 c:/microsemi/softconsole_v4.0/arm-none-eabi-gcc/bin/../lib/gcc/arm-none-eabi/4.9.3/../../../../arm-none-eabi/lib/armv7-m\libg.a(lib_a-signalr.o)
                0x00014948                _kill_r
 .text._getpid_r
                0x00014970        0x4 c:/microsemi/softconsole_v4.0/arm-none-eabi-gcc/bin/../lib/gcc/arm-none-eabi/4.9.3/../../../../arm-none-eabi/lib/armv7-m\libg.a(lib_a-signalr.o)
                0x00014970                _getpid_r
 .text.__sread  0x00014974       0x24 c:/microsemi/softconsole_v4.0/arm-none-eabi-gcc/bin/../lib/gcc/arm-none-eabi/4.9.3/../../../../arm-none-eabi/lib/armv7-m\libg.a(lib_a-stdio.o)
                0x00014974                __sread
 .text.__swrite
                0x00014998       0x38 c:/microsemi/softconsole_v4.0/arm-none-eabi-gcc/bin/../lib/gcc/arm-none-eabi/4.9.3/../../../../arm-none-eabi/lib/armv7-m\libg.a(lib_a-stdio.o)
                0x00014998                __swrite
 .text.__sseek  0x000149d0       0x20 c:/microsemi/softconsole_v4.0/arm-none-eabi-gcc/bin/../lib/gcc/arm-none-eabi/4.9.3/../../../../arm-none-eabi/lib/armv7-m\libg.a(lib_a-stdio.o)
                0x000149d0                __sseek
 .text.__sclose
                0x000149f0        0x8 c:/microsemi/softconsole_v4.0/arm-none-eabi-gcc/bin/../lib/gcc/arm-none-eabi/4.9.3/../../../../arm-none-eabi/lib/armv7-m\libg.a(lib_a-stdio.o)
                0x000149f0                __sclose
 .text.__ssprint_r
                0x000149f8      0x104 c:/microsemi/softconsole_v4.0/arm-none-eabi-gcc/bin/../lib/gcc/arm-none-eabi/4.9.3/../../../../arm-none-eabi/lib/armv7-m\libg.a(lib_a-svfiprintf.o)
                0x000149f8                __ssprint_r
 .text.__swbuf_r
                0x00014afc       0xa8 c:/microsemi/softconsole_v4.0/arm-none-eabi-gcc/bin/../lib/gcc/arm-none-eabi/4.9.3/../../../../arm-none-eabi/lib/armv7-m\libg.a(lib_a-wbuf.o)
                0x00014afc                __swbuf_r
 .text._wcrtomb_r
                0x00014ba4       0x54 c:/microsemi/softconsole_v4.0/arm-none-eabi-gcc/bin/../lib/gcc/arm-none-eabi/4.9.3/../../../../arm-none-eabi/lib/armv7-m\libg.a(lib_a-wcrtomb.o)
                0x00014ba4                _wcrtomb_r
 .text.__ascii_wctomb
                0x00014bf8       0x1c c:/microsemi/softconsole_v4.0/arm-none-eabi-gcc/bin/../lib/gcc/arm-none-eabi/4.9.3/../../../../arm-none-eabi/lib/armv7-m\libg.a(lib_a-wctomb_r.o)
                0x00014bf8                __ascii_wctomb
 .text.__register_exitproc
                0x00014c14       0xa4 c:/microsemi/softconsole_v4.0/arm-none-eabi-gcc/bin/../lib/gcc/arm-none-eabi/4.9.3/../../../../arm-none-eabi/lib/armv7-m\libg.a(lib_a-__atexit.o)
                0x00014c14                __register_exitproc
 .text._calloc_r
                0x00014cb8       0x60 c:/microsemi/softconsole_v4.0/arm-none-eabi-gcc/bin/../lib/gcc/arm-none-eabi/4.9.3/../../../../arm-none-eabi/lib/armv7-m\libg.a(lib_a-callocr.o)
                0x00014cb8                _calloc_r
 .text._close_r
                0x00014d18       0x24 c:/microsemi/softconsole_v4.0/arm-none-eabi-gcc/bin/../lib/gcc/arm-none-eabi/4.9.3/../../../../arm-none-eabi/lib/armv7-m\libg.a(lib_a-closer.o)
                0x00014d18                _close_r
 .text._fclose_r
                0x00014d3c       0x84 c:/microsemi/softconsole_v4.0/arm-none-eabi-gcc/bin/../lib/gcc/arm-none-eabi/4.9.3/../../../../arm-none-eabi/lib/armv7-m\libg.a(lib_a-fclose.o)
                0x00014d3c                _fclose_r
 .text._fstat_r
                0x00014dc0       0x28 c:/microsemi/softconsole_v4.0/arm-none-eabi-gcc/bin/../lib/gcc/arm-none-eabi/4.9.3/../../../../arm-none-eabi/lib/armv7-m\libg.a(lib_a-fstatr.o)
                0x00014dc0                _fstat_r
 .text._isatty_r
                0x00014de8       0x24 c:/microsemi/softconsole_v4.0/arm-none-eabi-gcc/bin/../lib/gcc/arm-none-eabi/4.9.3/../../../../arm-none-eabi/lib/armv7-m\libg.a(lib_a-isattyr.o)
                0x00014de8                _isatty_r
 .text._lseek_r
                0x00014e0c       0x28 c:/microsemi/softconsole_v4.0/arm-none-eabi-gcc/bin/../lib/gcc/arm-none-eabi/4.9.3/../../../../arm-none-eabi/lib/armv7-m\libg.a(lib_a-lseekr.o)
                0x00014e0c                _lseek_r
 .text._read_r  0x00014e34       0x28 c:/microsemi/softconsole_v4.0/arm-none-eabi-gcc/bin/../lib/gcc/arm-none-eabi/4.9.3/../../../../arm-none-eabi/lib/armv7-m\libg.a(lib_a-readr.o)
                0x00014e34                _read_r
 .text          0x00014e5c      0x370 c:/microsemi/softconsole_v4.0/arm-none-eabi-gcc/bin/../lib/gcc/arm-none-eabi/4.9.3/armv7-m\libgcc.a(_arm_addsubdf3.o)
                0x00014e5c                __aeabi_drsub
                0x00014e64                __aeabi_dsub
                0x00014e64                __subdf3
                0x00014e68                __aeabi_dadd
                0x00014e68                __adddf3
                0x000150e0                __floatunsidf
                0x000150e0                __aeabi_ui2d
                0x00015100                __floatsidf
                0x00015100                __aeabi_i2d
                0x00015124                __aeabi_f2d
                0x00015124                __extendsfdf2
                0x00015160                __floatundidf
                0x00015160                __aeabi_ul2d
                0x00015170                __floatdidf
                0x00015170                __aeabi_l2d
 .text          0x000151cc      0x424 c:/microsemi/softconsole_v4.0/arm-none-eabi-gcc/bin/../lib/gcc/arm-none-eabi/4.9.3/armv7-m\libgcc.a(_arm_muldivdf3.o)
                0x000151cc                __aeabi_dmul
                0x000151cc                __muldf3
                0x00015420                __divdf3
                0x00015420                __aeabi_ddiv
 .text          0x000155f0      0x110 c:/microsemi/softconsole_v4.0/arm-none-eabi-gcc/bin/../lib/gcc/arm-none-eabi/4.9.3/armv7-m\libgcc.a(_arm_cmpdf2.o)
                0x000155f0                __gtdf2
                0x000155f0                __gedf2
                0x000155f8                __ltdf2
                0x000155f8                __ledf2
                0x00015600                __nedf2
                0x00015600                __eqdf2
                0x00015600                __cmpdf2
                0x0001567c                __aeabi_cdrcmple
                0x0001568c                __aeabi_cdcmpeq
                0x0001568c                __aeabi_cdcmple
                0x0001569c                __aeabi_dcmpeq
                0x000156b0                __aeabi_dcmplt
                0x000156c4                __aeabi_dcmple
                0x000156d8                __aeabi_dcmpge
                0x000156ec                __aeabi_dcmpgt
 .text          0x00015700       0x50 c:/microsemi/softconsole_v4.0/arm-none-eabi-gcc/bin/../lib/gcc/arm-none-eabi/4.9.3/armv7-m\libgcc.a(_arm_fixdfsi.o)
                0x00015700                __aeabi_d2iz
                0x00015700                __fixdfsi
 .text          0x00015750       0x30 c:/microsemi/softconsole_v4.0/arm-none-eabi-gcc/bin/../lib/gcc/arm-none-eabi/4.9.3/armv7-m\libgcc.a(_aeabi_uldivmod.o)
                0x00015750                __aeabi_uldivmod
 .text          0x00015780       0x60 c:/microsemi/softconsole_v4.0/arm-none-eabi-gcc/bin/../lib/gcc/arm-none-eabi/4.9.3/armv7-m\libgcc.a(bpabi.o)
                0x00015780                __gnu_ldivmod_helper
                0x000157b0                __gnu_uldivmod_helper
 .text          0x000157e0        0x4 c:/microsemi/softconsole_v4.0/arm-none-eabi-gcc/bin/../lib/gcc/arm-none-eabi/4.9.3/armv7-m\libgcc.a(_dvmd_tls.o)
                0x000157e0                __aeabi_idiv0
                0x000157e0                __aeabi_ldiv0
 .text          0x000157e4      0x2ac c:/microsemi/softconsole_v4.0/arm-none-eabi-gcc/bin/../lib/gcc/arm-none-eabi/4.9.3/armv7-m\libgcc.a(_divdi3.o)
                0x000157e4                __divdi3
 .text          0x00015a90      0x270 c:/microsemi/softconsole_v4.0/arm-none-eabi-gcc/bin/../lib/gcc/arm-none-eabi/4.9.3/armv7-m\libgcc.a(_udivdi3.o)
                0x00015a90                __udivdi3
 *(.plt)
 *(.gnu.warning)
 *(.glue_7t)
 .glue_7t       0x00000000        0x0 linker stubs
 *(.glue_7)
 .glue_7        0x00000000        0x0 linker stubs
 *(.vfp11_veneer)
 .vfp11_veneer  0x00000000        0x0 linker stubs
                0x00015d00                . = ALIGN (0x4)
 *crtbegin.o(.ctors)
 *(EXCLUDE_FILE(*crtend.o) .ctors)
 *(SORT(.ctors.*))
 *crtend.o(.ctors)
 *crtbegin.o(.dtors)
 *(EXCLUDE_FILE(*crtend.o) .dtors)
 *(SORT(.dtors.*))
 *crtend.o(.dtors)
 *(.rodata .rodata.* .gnu.linkonce.r.*)
 .rodata.ethbroadcast
                0x00015d00        0x6 ./lwip-1.4.1/netif/etharp.o
                0x00015d00                ethbroadcast
 *fill*         0x00015d06        0x2 
 .rodata.str1.4
                0x00015d08      0x1b7 ./lwip-1.4.1/netif/etharp.o
 *fill*         0x00015ebf        0x1 
 .rodata.ethzero
                0x00015ec0        0x6 ./lwip-1.4.1/netif/etharp.o
                0x00015ec0                ethzero
 *fill*         0x00015ec6        0x2 
 .rodata.str1.4
                0x00015ec8       0xf2 ./lwip-1.4.1/core/ipv4/icmp.o
                                0x115 (size before relaxing)
 *fill*         0x00015fba        0x2 
 .rodata.str1.4
                0x00015fbc      0x115 ./lwip-1.4.1/core/ipv4/igmp.o
 *fill*         0x000160d1        0x3 
 .rodata.str1.4
                0x000160d4       0x39 ./lwip-1.4.1/core/ipv4/ip.o
 *fill*         0x0001610d        0x3 
 .rodata.ip_addr_broadcast
                0x00016110        0x4 ./lwip-1.4.1/core/ipv4/ip_addr.o
                0x00016110                ip_addr_broadcast
 .rodata.ip_addr_any
                0x00016114        0x4 ./lwip-1.4.1/core/ipv4/ip_addr.o
                0x00016114                ip_addr_any
 .rodata.str1.4
                0x00016118      0x128 ./lwip-1.4.1/core/ipv4/ip_frag.o
                                0x134 (size before relaxing)
 .rodata.str1.4
                0x00016240      0x414 ./lwip-1.4.1/core/dhcp.o
                                0x424 (size before relaxing)
 .rodata.str1.4
                0x00016654       0x3d ./lwip-1.4.1/core/lwip_timers.o
 *fill*         0x00016691        0x3 
 .rodata.str1.4
                0x00016694       0x8c ./lwip-1.4.1/core/mem.o
 .rodata.memp_num
                0x00016720       0x24 ./lwip-1.4.1/core/memp.o
 .rodata.str1.4
                0x00016744       0x64 ./lwip-1.4.1/core/memp.o
 .rodata.memp_sizes
                0x000167a8       0x24 ./lwip-1.4.1/core/memp.o
                0x000167a8                memp_sizes
 .rodata.str1.4
                0x000167cc       0x17 ./lwip-1.4.1/core/netif.o
 *fill*         0x000167e3        0x1 
 .rodata.str1.4
                0x000167e4      0x3c5 ./lwip-1.4.1/core/pbuf.o
                                0x3d1 (size before relaxing)
 *fill*         0x00016ba9        0x3 
 .rodata.tcp_pcb_lists
                0x00016bac       0x10 ./lwip-1.4.1/core/tcp.o
                0x00016bac                tcp_pcb_lists
 .rodata.tcp_backoff
                0x00016bbc        0xd ./lwip-1.4.1/core/tcp.o
                0x00016bbc                tcp_backoff
 *fill*         0x00016bc9        0x3 
 .rodata.str1.4
                0x00016bcc      0x3de ./lwip-1.4.1/core/tcp.o
                                0x3ee (size before relaxing)
 *fill*         0x00016faa        0x2 
 .rodata.tcp_persist_backoff
                0x00016fac        0x7 ./lwip-1.4.1/core/tcp.o
                0x00016fac                tcp_persist_backoff
 *fill*         0x00016fb3        0x1 
 .rodata.str1.4
                0x00016fb4      0x2d0 ./lwip-1.4.1/core/tcp_in.o
 .rodata.str1.4
                0x00017284      0x333 ./lwip-1.4.1/core/tcp_out.o
 *fill*         0x000175b7        0x1 
 .rodata.str1.4
                0x000175b8       0x62 ./lwip-1.4.1/core/udp.o
 *fill*         0x0001761a        0x2 
 .rodata.str1.4
                0x0001761c      0x2cb ./lwip-1.4.1/api/api_lib.o
                                0x2d7 (size before relaxing)
 *fill*         0x000178e7        0x1 
 .rodata.str1.4
                0x000178e8      0x3ed ./lwip-1.4.1/api/api_msg.o
                                0x3fd (size before relaxing)
 *fill*         0x00017cd5        0x3 
 .rodata.str1.4
                0x00017cd8      0x101 ./lwip-1.4.1/api/netbuf.o
 *fill*         0x00017dd9        0x3 
 .rodata.str1.4
                0x00017ddc       0x51 ./lwip-1.4.1/api/tcpip.o
 *fill*         0x00017e2d        0x3 
 .rodata.g_m2s_serdes_0_config
                0x00017e30       0x90 ./drivers_config/sys_config/sys_config_SERDESIF_0.o
                0x00017e30                g_m2s_serdes_0_config
 .rodata        0x00017ec0        0x8 ./drivers/mss_ethernet_mac/m88e1340_phy.o
 .rodata        0x00017ec8       0xb0 ./drivers/mss_ethernet_mac/mss_ethernet_mac.o
 .rodata        0x00017f78       0x18 ./WebServer/httpserver-netconn.o
 .rodata.http_index_html
                0x00017f90     0x5901 ./WebServer/httpserver-netconn.o
 *fill*         0x0001d891        0x3 
 .rodata.http_html_hdr
                0x0001d894       0x2d ./WebServer/httpserver-netconn.o
 *fill*         0x0001d8c1        0x3 
 .rodata.str1.4
                0x0001d8c4      0x410 ./WebServer/httpserver-netconn.o
 .rodata.http_json_hdr
                0x0001dcd4       0x3b ./WebServer/httpserver-netconn.o
 *fill*         0x0001dd0f        0x1 
 .rodata.http_html_ok_hdr
                0x0001dd10       0x14 ./WebServer/httpserver-netconn.o
 .rodata.__func__.8306
                0x0001dd24       0x1a ./WebServer/httpserver-netconn.o
 *fill*         0x0001dd3e        0x2 
 .rodata.http_post_resp_hdr
                0x0001dd40       0x1c ./WebServer/httpserver-netconn.o
 .rodata.mscc_jpg_logo
                0x0001dd5c     0x22a7 ./WebServer/mscc_logo.o
                0x0001dd5c                mscc_jpg_logo
 *fill*         0x00020003        0x1 
 .rodata.str1.4
                0x00020004       0x49 ./FreeRTOS/tasks.o
                                 0x4f (size before relaxing)
 *fill*         0x0002004d        0x3 
 .rodata.ucExpectedStackBytes.6066
                0x00020050       0x14 ./FreeRTOS/tasks.o
 .rodata.str1.4
                0x00020064        0x8 ./FreeRTOS/timers.o
 .rodata        0x0002006c        0x8 ./CMSIS/system_m2sxxx.o
 .rodata.str1.4
                0x00020074       0x22 ./main.o
 *fill*         0x00020096        0x2 
 .rodata.g_instructions_msg
                0x00020098      0x1e9 ./uart_task.o
 *fill*         0x00020281        0x3 
 .rodata.str1.4
                0x00020284      0x26d ./uart_task.o
 *fill*         0x000204f1        0x3 
 .rodata.g_reset_msg
                0x000204f4       0x2b ./uart_task.o
 *fill*         0x0002051f        0x1 
 .rodata.str1.4
                0x00020520       0x3f c:/microsemi/softconsole_v4.0/arm-none-eabi-gcc/bin/../lib/gcc/arm-none-eabi/4.9.3/../../../../arm-none-eabi/lib/armv7-m\libg.a(lib_a-assert.o)
                                 0x43 (size before relaxing)
 *fill*         0x0002055f        0x1 
 .rodata.str1.4
                0x00020560        0x2 c:/microsemi/softconsole_v4.0/arm-none-eabi-gcc/bin/../lib/gcc/arm-none-eabi/4.9.3/../../../../arm-none-eabi/lib/armv7-m\libg.a(lib_a-impure.o)
 *fill*         0x00020562        0x2 
 .rodata._global_impure_ptr
                0x00020564        0x4 c:/microsemi/softconsole_v4.0/arm-none-eabi-gcc/bin/../lib/gcc/arm-none-eabi/4.9.3/../../../../arm-none-eabi/lib/armv7-m\libg.a(lib_a-impure.o)
                0x00020564                _global_impure_ptr
 .rodata.zeroes.6911
                0x00020568       0x10 c:/microsemi/softconsole_v4.0/arm-none-eabi-gcc/bin/../lib/gcc/arm-none-eabi/4.9.3/../../../../arm-none-eabi/lib/armv7-m\libg.a(lib_a-svfprintf.o)
 .rodata.blanks.6910
                0x00020578       0x10 c:/microsemi/softconsole_v4.0/arm-none-eabi-gcc/bin/../lib/gcc/arm-none-eabi/4.9.3/../../../../arm-none-eabi/lib/armv7-m\libg.a(lib_a-svfprintf.o)
 .rodata.str1.4
                0x00020588       0x3f c:/microsemi/softconsole_v4.0/arm-none-eabi-gcc/bin/../lib/gcc/arm-none-eabi/4.9.3/../../../../arm-none-eabi/lib/armv7-m\libg.a(lib_a-svfprintf.o)
                                 0x42 (size before relaxing)
 *fill*         0x000205c7        0x1 
 .rodata.zeroes.6869
                0x000205c8       0x10 c:/microsemi/softconsole_v4.0/arm-none-eabi-gcc/bin/../lib/gcc/arm-none-eabi/4.9.3/../../../../arm-none-eabi/lib/armv7-m\libg.a(lib_a-vfiprintf.o)
 .rodata.str1.4
                0x00000000       0x2f c:/microsemi/softconsole_v4.0/arm-none-eabi-gcc/bin/../lib/gcc/arm-none-eabi/4.9.3/../../../../arm-none-eabi/lib/armv7-m\libg.a(lib_a-vfiprintf.o)
 .rodata.blanks.6868
                0x000205d8       0x10 c:/microsemi/softconsole_v4.0/arm-none-eabi-gcc/bin/../lib/gcc/arm-none-eabi/4.9.3/../../../../arm-none-eabi/lib/armv7-m\libg.a(lib_a-vfiprintf.o)
 .rodata.str1.4
                0x000205e8       0x10 c:/microsemi/softconsole_v4.0/arm-none-eabi-gcc/bin/../lib/gcc/arm-none-eabi/4.9.3/../../../../arm-none-eabi/lib/armv7-m\libg.a(lib_a-dtoa.o)
                                 0x12 (size before relaxing)
 .rodata.str1.4
                0x000205f8        0xc c:/microsemi/softconsole_v4.0/arm-none-eabi-gcc/bin/../lib/gcc/arm-none-eabi/4.9.3/../../../../arm-none-eabi/lib/armv7-m\libg.a(lib_a-locale.o)
                                 0x12 (size before relaxing)
 *fill*         0x00020604        0x4 
 .rodata.__mprec_tens
                0x00020608       0xc8 c:/microsemi/softconsole_v4.0/arm-none-eabi-gcc/bin/../lib/gcc/arm-none-eabi/4.9.3/../../../../arm-none-eabi/lib/armv7-m\libg.a(lib_a-mprec.o)
                0x00020608                __mprec_tens
 .rodata.p05.5302
                0x000206d0        0xc c:/microsemi/softconsole_v4.0/arm-none-eabi-gcc/bin/../lib/gcc/arm-none-eabi/4.9.3/../../../../arm-none-eabi/lib/armv7-m\libg.a(lib_a-mprec.o)
 *fill*         0x000206dc        0x4 
 .rodata.__mprec_bigtens
                0x000206e0       0x28 c:/microsemi/softconsole_v4.0/arm-none-eabi-gcc/bin/../lib/gcc/arm-none-eabi/4.9.3/../../../../arm-none-eabi/lib/armv7-m\libg.a(lib_a-mprec.o)
                0x000206e0                __mprec_bigtens
 *(.ARM.extab* .gnu.linkonce.armextab.*)
 *(.gcc_except_table)
 *(.eh_frame_hdr)
 *(.eh_frame)
 .eh_frame      0x00020708        0x0 c:/microsemi/softconsole_v4.0/arm-none-eabi-gcc/bin/../lib/gcc/arm-none-eabi/4.9.3/armv7-m/crtbegin.o
 *(.vector_table)
 *(.init)
 .init          0x00020708        0x4 c:/microsemi/softconsole_v4.0/arm-none-eabi-gcc/bin/../lib/gcc/arm-none-eabi/4.9.3/armv7-m/crti.o
                0x00020708                _init
 .init          0x0002070c        0x8 c:/microsemi/softconsole_v4.0/arm-none-eabi-gcc/bin/../lib/gcc/arm-none-eabi/4.9.3/armv7-m/crtn.o
 *(.fini)
 .fini          0x00020714        0x4 c:/microsemi/softconsole_v4.0/arm-none-eabi-gcc/bin/../lib/gcc/arm-none-eabi/4.9.3/armv7-m/crti.o
                0x00020714                _fini
 .fini          0x00020718        0x8 c:/microsemi/softconsole_v4.0/arm-none-eabi-gcc/bin/../lib/gcc/arm-none-eabi/4.9.3/armv7-m/crtn.o
                0x00020720                PROVIDE (__preinit_array_start, .)
 *(.preinit_array)
                0x00020720                PROVIDE (__preinit_array_end, .)
                0x00020720                PROVIDE (__init_array_start, .)
 *(SORT(.init_array.*))
 .init_array.00000
                0x00020720        0x4 c:/microsemi/softconsole_v4.0/arm-none-eabi-gcc/bin/../lib/gcc/arm-none-eabi/4.9.3/../../../../arm-none-eabi/lib/armv7-m\libg.a(lib_a-__call_atexit.o)
 *(.init_array)
 .init_array    0x00020724        0x4 c:/microsemi/softconsole_v4.0/arm-none-eabi-gcc/bin/../lib/gcc/arm-none-eabi/4.9.3/armv7-m/crtbegin.o
                0x00020728                PROVIDE (__init_array_end, .)
                0x00020728                PROVIDE (__fini_array_start, .)
 *(.fini_array)
 .fini_array    0x00020728        0x4 c:/microsemi/softconsole_v4.0/arm-none-eabi-gcc/bin/../lib/gcc/arm-none-eabi/4.9.3/armv7-m/crtbegin.o
 *(SORT(.fini_array.*))
                0x0002072c                PROVIDE (__fini_array_end, .)
                0x00020730                . = ALIGN (0x10)
 *fill*         0x0002072c        0x4 
                0x00020730                __exidx_start = .

.v4_bx          0x00020730        0x0 load address 0x60020730
 .v4_bx         0x00000000        0x0 linker stubs
